Component: ARM Compiler 5.06 update 6 (build 750) Tool: armlink [4d35ed]

==============================================================================

Section Cross References

    startup_stm32l151xc.o(RESET) refers to startup_stm32l151xc.o(STACK) for __initial_sp
    startup_stm32l151xc.o(RESET) refers to startup_stm32l151xc.o(.text) for Reset_Handler
    startup_stm32l151xc.o(RESET) refers to stm32l1xx_it.o(i.NMI_Handler) for NMI_Handler
    startup_stm32l151xc.o(RESET) refers to stm32l1xx_it.o(i.HardFault_Handler) for HardFault_Handler
    startup_stm32l151xc.o(RESET) refers to stm32l1xx_it.o(i.MemManage_Handler) for MemManage_Handler
    startup_stm32l151xc.o(RESET) refers to stm32l1xx_it.o(i.BusFault_Handler) for BusFault_Handler
    startup_stm32l151xc.o(RESET) refers to stm32l1xx_it.o(i.UsageFault_Handler) for UsageFault_Handler
    startup_stm32l151xc.o(RESET) refers to stm32l1xx_it.o(i.SVC_Handler) for SVC_Handler
    startup_stm32l151xc.o(RESET) refers to stm32l1xx_it.o(i.DebugMon_Handler) for DebugMon_Handler
    startup_stm32l151xc.o(RESET) refers to stm32l1xx_it.o(i.PendSV_Handler) for PendSV_Handler
    startup_stm32l151xc.o(RESET) refers to stm32l1xx_it.o(i.SysTick_Handler) for SysTick_Handler
    startup_stm32l151xc.o(RESET) refers to stm32l1xx_it.o(i.EXTI2_IRQHandler) for EXTI2_IRQHandler
    startup_stm32l151xc.o(RESET) refers to stm32l1xx_it.o(i.EXTI3_IRQHandler) for EXTI3_IRQHandler
    startup_stm32l151xc.o(RESET) refers to stm32l1xx_it.o(i.EXTI4_IRQHandler) for EXTI4_IRQHandler
    startup_stm32l151xc.o(RESET) refers to stm32l1xx_it.o(i.EXTI9_5_IRQHandler) for EXTI9_5_IRQHandler
    startup_stm32l151xc.o(RESET) refers to stm32l1xx_it.o(i.TIM2_IRQHandler) for TIM2_IRQHandler
    startup_stm32l151xc.o(.text) refers to system_stm32l1xx.o(i.SystemInit) for SystemInit
    startup_stm32l151xc.o(.text) refers to entry.o(.ARM.Collect$$$$00000000) for __main
    main.o(i.Check_BT_Callback) refers to user_check_button.o(i.Check_BT_ENTER) for Check_BT_ENTER
    main.o(i.Check_BT_Callback) refers to user_check_button.o(i.Check_BT_ESC) for Check_BT_ESC
    main.o(i.Check_BT_Callback) refers to user_check_button.o(i.Check_BT_UP) for Check_BT_UP
    main.o(i.Check_BT_Callback) refers to user_check_button.o(i.Check_BT_DOWN) for Check_BT_DOWN
    main.o(i.Check_BT_Callback) refers to main.o(i.Check_Test) for Check_Test
    main.o(i.Check_BT_Callback) refers to main.o(.data) for time3
    main.o(i.Check_Test) refers to relay_led.o(i.Reset_Relay_Led) for Reset_Relay_Led
    main.o(i.Check_Test) refers to main.o(.data) for checkState
    main.o(i.Delay_1ms) refers to main.o(.bss) for htim2
    main.o(i.Delay_s) refers to main.o(i.Delay_1ms) for Delay_1ms
    main.o(i.HAL_TIM_PeriodElapsedCallback) refers to main.o(.data) for runTime
    main.o(i.MX_GPIO_Init) refers to memseta.o(.text) for __aeabi_memclr4
    main.o(i.MX_GPIO_Init) refers to stm32l1xx_hal_gpio.o(i.HAL_GPIO_WritePin) for HAL_GPIO_WritePin
    main.o(i.MX_GPIO_Init) refers to stm32l1xx_hal_gpio.o(i.HAL_GPIO_Init) for HAL_GPIO_Init
    main.o(i.MX_TIM2_Init) refers to stm32l1xx_hal_tim.o(i.HAL_TIM_Base_Init) for HAL_TIM_Base_Init
    main.o(i.MX_TIM2_Init) refers to main.o(i.Error_Handler) for Error_Handler
    main.o(i.MX_TIM2_Init) refers to stm32l1xx_hal_tim.o(i.HAL_TIM_ConfigClockSource) for HAL_TIM_ConfigClockSource
    main.o(i.MX_TIM2_Init) refers to stm32l1xx_hal_tim_ex.o(i.HAL_TIMEx_MasterConfigSynchronization) for HAL_TIMEx_MasterConfigSynchronization
    main.o(i.MX_TIM2_Init) refers to main.o(.bss) for htim2
    main.o(i.Run_Feed_Shrimp) refers to relay_led.o(i.Set_Relay_Led) for Set_Relay_Led
    main.o(i.Run_Feed_Shrimp) refers to relay_led.o(i.Reset_Relay_Led) for Reset_Relay_Led
    main.o(i.Run_Feed_Shrimp) refers to main.o(.data) for countState
    main.o(i.Set_Time) refers to main.o(.data) for runTime
    main.o(i.SystemClock_Config) refers to memseta.o(.text) for __aeabi_memclr4
    main.o(i.SystemClock_Config) refers to stm32l1xx_hal_rcc.o(i.HAL_RCC_OscConfig) for HAL_RCC_OscConfig
    main.o(i.SystemClock_Config) refers to main.o(i.Error_Handler) for Error_Handler
    main.o(i.SystemClock_Config) refers to stm32l1xx_hal_rcc.o(i.HAL_RCC_ClockConfig) for HAL_RCC_ClockConfig
    main.o(i.main) refers to stm32l1xx_hal.o(i.HAL_Init) for HAL_Init
    main.o(i.main) refers to main.o(i.SystemClock_Config) for SystemClock_Config
    main.o(i.main) refers to main.o(i.MX_GPIO_Init) for MX_GPIO_Init
    main.o(i.main) refers to main.o(i.MX_TIM2_Init) for MX_TIM2_Init
    main.o(i.main) refers to stm32l1xx_hal_tim.o(i.HAL_TIM_Base_Start_IT) for HAL_TIM_Base_Start_IT
    main.o(i.main) refers to clcd.o(i.CLCD_4BIT_Init) for CLCD_4BIT_Init
    main.o(i.main) refers to clcd.o(i.CLCD_SetCursor) for CLCD_SetCursor
    main.o(i.main) refers to clcd.o(i.CLCD_WriteString) for CLCD_WriteString
    main.o(i.main) refers to user_check_button.o(i.Check_BT_ENTER) for Check_BT_ENTER
[...]
    user_lcd.o(i.LCD_Setup_X2) refers to clcd.o(i.CLCD_WriteString) for CLCD_WriteString
    user_lcd.o(i.LCD_Setup_X2) refers to user_lcd.o(i.Variable_To_Char_Length) for Variable_To_Char_Length
    check_button.o(i.BT_Press_Hold_Down) refers to stm32l1xx_hal_gpio.o(i.HAL_GPIO_ReadPin) for HAL_GPIO_ReadPin
    check_button.o(i.BT_Press_Hold_Down) refers to check_button.o(.data) for check_BT_run_down
    check_button.o(i.BT_Press_Hold_Up) refers to stm32l1xx_hal_gpio.o(i.HAL_GPIO_ReadPin) for HAL_GPIO_ReadPin
    check_button.o(i.BT_Press_Hold_Up) refers to check_button.o(.data) for check_BT_run_up
    check_button.o(i.GET_SYSTICK_MS) refers to check_button.o(.data) for SYSTICK_count_ms
    check_button.o(i.HAL_SYSTICK_Callback) refers to check_button.o(i.GET_SYSTICK_MS) for GET_SYSTICK_MS
    check_button.o(i.HAL_SYSTICK_Callback) refers to check_button.o(.data) for check_BT_run_up
    relay_led.o(i.Reset_Relay) refers to stm32l1xx_hal_gpio.o(i.HAL_GPIO_WritePin) for HAL_GPIO_WritePin
    relay_led.o(i.Reset_Relay_Led) refers to stm32l1xx_hal_gpio.o(i.HAL_GPIO_WritePin) for HAL_GPIO_WritePin
    relay_led.o(i.Set_Relay) refers to stm32l1xx_hal_gpio.o(i.HAL_GPIO_WritePin) for HAL_GPIO_WritePin
    relay_led.o(i.Set_Relay_Led) refers to stm32l1xx_hal_gpio.o(i.HAL_GPIO_WritePin) for HAL_GPIO_WritePin
    clcd.o(i.CLCD_4BIT_Init) refers to clcd.o(i.CLCD_Delay) for CLCD_Delay
    clcd.o(i.CLCD_4BIT_Init) refers to clcd.o(i.CLCD_Write4) for CLCD_Write4
    clcd.o(i.CLCD_8BIT_Init) refers to clcd.o(i.CLCD_Delay) for CLCD_Delay
    clcd.o(i.CLCD_8BIT_Init) refers to clcd.o(i.CLCD_Write8) for CLCD_Write8
    clcd.o(i.CLCD_BlinkOff) refers to clcd.o(i.CLCD_Write8) for CLCD_Write8
    clcd.o(i.CLCD_BlinkOff) refers to clcd.o(i.CLCD_Write4) for CLCD_Write4
    clcd.o(i.CLCD_BlinkOn) refers to clcd.o(i.CLCD_Write8) for CLCD_Write8
    clcd.o(i.CLCD_BlinkOn) refers to clcd.o(i.CLCD_Write4) for CLCD_Write4
    clcd.o(i.CLCD_Clear) refers to clcd.o(i.CLCD_Write8) for CLCD_Write8
    clcd.o(i.CLCD_Clear) refers to clcd.o(i.CLCD_Write4) for CLCD_Write4
    clcd.o(i.CLCD_Clear) refers to clcd.o(i.CLCD_Delay) for CLCD_Delay
    clcd.o(i.CLCD_CursorOff) refers to clcd.o(i.CLCD_Write8) for CLCD_Write8
    clcd.o(i.CLCD_CursorOff) refers to clcd.o(i.CLCD_Write4) for CLCD_Write4
    clcd.o(i.CLCD_CursorOn) refers to clcd.o(i.CLCD_Write8) for CLCD_Write8
    clcd.o(i.CLCD_CursorOn) refers to clcd.o(i.CLCD_Write4) for CLCD_Write4
    clcd.o(i.CLCD_Delay) refers to stm32l1xx_hal.o(i.HAL_Delay) for HAL_Delay
    clcd.o(i.CLCD_ReturnHome) refers to clcd.o(i.CLCD_Write8) for CLCD_Write8
    clcd.o(i.CLCD_ReturnHome) refers to clcd.o(i.CLCD_Write4) for CLCD_Write4
    clcd.o(i.CLCD_ReturnHome) refers to clcd.o(i.CLCD_Delay) for CLCD_Delay
    clcd.o(i.CLCD_SetCursor) refers to clcd.o(i.CLCD_Write8) for CLCD_Write8
    clcd.o(i.CLCD_SetCursor) refers to clcd.o(i.CLCD_Write4) for CLCD_Write4
    clcd.o(i.CLCD_Write4) refers to stm32l1xx_hal_gpio.o(i.HAL_GPIO_WritePin) for HAL_GPIO_WritePin
    clcd.o(i.CLCD_Write4) refers to clcd.o(i.CLCD_Delay) for CLCD_Delay
    clcd.o(i.CLCD_Write8) refers to stm32l1xx_hal_gpio.o(i.HAL_GPIO_WritePin) for HAL_GPIO_WritePin
    clcd.o(i.CLCD_Write8) refers to clcd.o(i.CLCD_Delay) for CLCD_Delay
    clcd.o(i.CLCD_WriteChar) refers to clcd.o(i.CLCD_Write8) for CLCD_Write8
    clcd.o(i.CLCD_WriteChar) refers to clcd.o(i.CLCD_Write4) for CLCD_Write4
    clcd.o(i.CLCD_WriteString) refers to clcd.o(i.CLCD_WriteChar) for CLCD_WriteChar
    lcd_object.o(i.LCD_Display_Esc) refers to lcd_object.o(i.LCD_Send_Data) for LCD_Send_Data
    lcd_object.o(i.LCD_Display_Running_OR_Setup) refers to lcd_object.o(i.LCD_Send_Data) for LCD_Send_Data
    lcd_object.o(i.LCD_Display_Time) refers to lcd_object.o(i.LCD_Send_Data) for LCD_Send_Data
    lcd_object.o(i.LCD_Display_Time1_Time2_Time3) refers to lcd_object.o(i.LCD_Send_Data) for LCD_Send_Data
    lcd_object.o(i.LCD_Send_Data) refers to clcd.o(i.CLCD_SetCursor) for CLCD_SetCursor
    lcd_object.o(i.LCD_Send_Data) refers to clcd.o(i.CLCD_WriteString) for CLCD_WriteString
    entry.o(.ARM.Collect$$$$00000000) refers (Special) to entry10a.o(.ARM.Collect$$$$0000000D) for __rt_final_cpp
    entry.o(.ARM.Collect$$$$00000000) refers (Special) to entry11a.o(.ARM.Collect$$$$0000000F) for __rt_final_exit
    entry.o(.ARM.Collect$$$$00000000) refers (Special) to entry7b.o(.ARM.Collect$$$$00000008) for _main_clock
    entry.o(.ARM.Collect$$$$00000000) refers (Special) to entry8b.o(.ARM.Collect$$$$0000000A) for _main_cpp_init
    entry.o(.ARM.Collect$$$$00000000) refers (Special) to entry9a.o(.ARM.Collect$$$$0000000B) for _main_init
    entry.o(.ARM.Collect$$$$00000000) refers (Special) to entry5.o(.ARM.Collect$$$$00000004) for _main_scatterload
    entry.o(.ARM.Collect$$$$00000000) refers (Special) to entry2.o(.ARM.Collect$$$$00000001) for _main_stk
    entry2.o(.ARM.Collect$$$$00000001) refers to entry2.o(.ARM.Collect$$$$00002712) for __lit__00000000
    entry2.o(.ARM.Collect$$$$00002712) refers to startup_stm32l151xc.o(STACK) for __initial_sp
    entry2.o(__vectab_stack_and_reset_area) refers to startup_stm32l151xc.o(STACK) for __initial_sp
    entry2.o(__vectab_stack_and_reset_area) refers to entry.o(.ARM.Collect$$$$00000000) for __main
    entry5.o(.ARM.Collect$$$$00000004) refers to init.o(.text) for __scatterload
    entry9a.o(.ARM.Collect$$$$0000000B) refers to main.o(i.main) for main
    entry9b.o(.ARM.Collect$$$$0000000C) refers to main.o(i.main) for main
    init.o(.text) refers to entry5.o(.ARM.Collect$$$$00000004) for __main_after_scatterload


==============================================================================

Removing Unused input sections from the image.

    Removing startup_stm32l151xc.o(HEAP), (512 bytes).
    Removing main.o(.rev16_text), (4 bytes).
    Removing main.o(.revsh_text), (4 bytes).
    Removing main.o(.rrx_text), (6 bytes).
    Removing main.o(i.Delay_1ms), (28 bytes).
    Removing main.o(i.Delay_s), (22 bytes).
    Removing stm32l1xx_it.o(.rev16_text), (4 bytes).
    Removing stm32l1xx_it.o(.revsh_text), (4 bytes).
    Removing stm32l1xx_it.o(.rrx_text), (6 bytes).
    Removing stm32l1xx_hal_msp.o(.rev16_text), (4 bytes).
    Removing stm32l1xx_hal_msp.o(.revsh_text), (4 bytes).
    Removing stm32l1xx_hal_msp.o(.rrx_text), (6 bytes).
    Removing stm32l1xx_hal_msp.o(i.HAL_TIM_Base_MspDeInit), (36 bytes).
    Removing user_lcd_object.o(.rev16_text), (4 bytes).
    Removing user_lcd_object.o(.revsh_text), (4 bytes).
    Removing user_lcd_object.o(.rrx_text), (6 bytes).
    Removing user_check_button.o(.rev16_text), (4 bytes).
    Removing user_check_button.o(.revsh_text), (4 bytes).
    Removing user_check_button.o(.rrx_text), (6 bytes).
    Removing stm32l1xx_hal_tim.o(.rev16_text), (4 bytes).
    Removing stm32l1xx_hal_tim.o(.revsh_text), (4 bytes).
    Removing stm32l1xx_hal_tim.o(.rrx_text), (6 bytes).
    Removing stm32l1xx_hal_tim.o(i.HAL_TIM_Base_DeInit), (60 bytes).
    Removing stm32l1xx_hal_tim.o(i.HAL_TIM_Base_GetState), (8 bytes).
    Removing stm32l1xx_hal_tim.o(i.HAL_TIM_Base_MspDeInit), (2 bytes).
    Removing stm32l1xx_hal_tim.o(i.HAL_TIM_Base_MspInit), (2 bytes).
    Removing stm32l1xx_hal_tim.o(i.HAL_TIM_Base_Start), (42 bytes).
    Removing stm32l1xx_hal_tim.o(i.HAL_TIM_Base_Start_DMA), (136 bytes).
    Removing stm32l1xx_hal_tim.o(i.HAL_TIM_Base_Stop), (46 bytes).
    Removing stm32l1xx_hal_tim.o(i.HAL_TIM_Base_Stop_DMA), (60 bytes).
    Removing stm32l1xx_hal_tim.o(i.HAL_TIM_Base_Stop_IT), (46 bytes).
    Removing stm32l1xx_hal_tim.o(i.HAL_TIM_ConfigOCrefClear), (306 bytes).
    Removing stm32l1xx_hal_tim.o(i.HAL_TIM_ConfigTI1Input), (22 bytes).
    Removing stm32l1xx_hal_tim.o(i.HAL_TIM_DMABurst_ReadStart), (428 bytes).
    Removing stm32l1xx_hal_tim.o(i.HAL_TIM_DMABurst_ReadStop), (130 bytes).
    Removing stm32l1xx_hal_tim.o(i.HAL_TIM_DMABurst_WriteStart), (428 bytes).
    Removing stm32l1xx_hal_tim.o(i.HAL_TIM_DMABurst_WriteStop), (130 bytes).
    Removing stm32l1xx_hal_tim.o(i.HAL_TIM_Encoder_DeInit), (60 bytes).
    Removing stm32l1xx_hal_tim.o(i.HAL_TIM_Encoder_GetState), (8 bytes).
    Removing stm32l1xx_hal_tim.o(i.HAL_TIM_Encoder_Init), (174 bytes).
    Removing stm32l1xx_hal_tim.o(i.HAL_TIM_Encoder_MspDeInit), (2 bytes).
    Removing stm32l1xx_hal_tim.o(i.HAL_TIM_Encoder_MspInit), (2 bytes).
    Removing stm32l1xx_hal_tim.o(i.HAL_TIM_Encoder_Start), (78 bytes).
    Removing stm32l1xx_hal_tim.o(i.HAL_TIM_Encoder_Start_DMA), (380 bytes).
    Removing stm32l1xx_hal_tim.o(i.HAL_TIM_Encoder_Start_IT), (126 bytes).
    Removing stm32l1xx_hal_tim.o(i.HAL_TIM_Encoder_Stop), (94 bytes).
    Removing stm32l1xx_hal_tim.o(i.HAL_TIM_Encoder_Stop_DMA), (166 bytes).
    Removing stm32l1xx_hal_tim.o(i.HAL_TIM_Encoder_Stop_IT), (142 bytes).
    Removing stm32l1xx_hal_tim.o(i.HAL_TIM_ErrorCallback), (2 bytes).
    Removing stm32l1xx_hal_tim.o(i.HAL_TIM_GenerateEvent), (54 bytes).
    Removing stm32l1xx_hal_tim.o(i.HAL_TIM_IC_CaptureHalfCpltCallback), (2 bytes).
    Removing stm32l1xx_hal_tim.o(i.HAL_TIM_IC_ConfigChannel), (224 bytes).
    Removing stm32l1xx_hal_tim.o(i.HAL_TIM_IC_DeInit), (60 bytes).
    Removing stm32l1xx_hal_tim.o(i.HAL_TIM_IC_GetState), (8 bytes).
    Removing stm32l1xx_hal_tim.o(i.HAL_TIM_IC_Init), (52 bytes).
    Removing stm32l1xx_hal_tim.o(i.HAL_TIM_IC_MspDeInit), (2 bytes).
    Removing stm32l1xx_hal_tim.o(i.HAL_TIM_IC_MspInit), (2 bytes).
    Removing stm32l1xx_hal_tim.o(i.HAL_TIM_IC_Start), (44 bytes).
    Removing stm32l1xx_hal_tim.o(i.HAL_TIM_IC_Start_DMA), (332 bytes).
    Removing stm32l1xx_hal_tim.o(i.HAL_TIM_IC_Start_IT), (120 bytes).
    Removing stm32l1xx_hal_tim.o(i.HAL_TIM_IC_Stop), (48 bytes).
    Removing stm32l1xx_hal_tim.o(i.HAL_TIM_IC_Stop_DMA), (154 bytes).
    Removing stm32l1xx_hal_tim.o(i.HAL_TIM_IC_Stop_IT), (124 bytes).
    Removing stm32l1xx_hal_tim.o(i.HAL_TIM_OC_ConfigChannel), (116 bytes).
    Removing stm32l1xx_hal_tim.o(i.HAL_TIM_OC_DeInit), (60 bytes).
    Removing stm32l1xx_hal_tim.o(i.HAL_TIM_OC_GetState), (8 bytes).
    Removing stm32l1xx_hal_tim.o(i.HAL_TIM_OC_Init), (52 bytes).
    Removing stm32l1xx_hal_tim.o(i.HAL_TIM_OC_MspDeInit), (2 bytes).
    Removing stm32l1xx_hal_tim.o(i.HAL_TIM_OC_MspInit), (2 bytes).
    Removing stm32l1xx_hal_tim.o(i.HAL_TIM_OC_Start), (44 bytes).
    Removing stm32l1xx_hal_tim.o(i.HAL_TIM_OC_Start_DMA), (332 bytes).
    Removing stm32l1xx_hal_tim.o(i.HAL_TIM_OC_Start_IT), (120 bytes).
    Removing stm32l1xx_hal_tim.o(i.HAL_TIM_OC_Stop), (48 bytes).
    Removing stm32l1xx_hal_tim.o(i.HAL_TIM_OC_Stop_DMA), (154 bytes).
    Removing stm32l1xx_hal_tim.o(i.HAL_TIM_OC_Stop_IT), (124 bytes).
    Removing stm32l1xx_hal_tim.o(i.HAL_TIM_OnePulse_ConfigChannel), (276 bytes).
    Removing stm32l1xx_hal_tim.o(i.HAL_TIM_OnePulse_DeInit), (60 bytes).
    Removing stm32l1xx_hal_tim.o(i.HAL_TIM_OnePulse_GetState), (8 bytes).
    Removing stm32l1xx_hal_tim.o(i.HAL_TIM_OnePulse_Init), (76 bytes).
    Removing stm32l1xx_hal_tim.o(i.HAL_TIM_OnePulse_MspDeInit), (2 bytes).
    Removing stm32l1xx_hal_tim.o(i.HAL_TIM_OnePulse_MspInit), (2 bytes).
    Removing stm32l1xx_hal_tim.o(i.HAL_TIM_OnePulse_Start), (30 bytes).
    Removing stm32l1xx_hal_tim.o(i.HAL_TIM_OnePulse_Start_IT), (54 bytes).
    Removing stm32l1xx_hal_tim.o(i.HAL_TIM_OnePulse_Stop), (58 bytes).
    Removing stm32l1xx_hal_tim.o(i.HAL_TIM_OnePulse_Stop_IT), (82 bytes).
    Removing stm32l1xx_hal_tim.o(i.HAL_TIM_PWM_ConfigChannel), (264 bytes).
    Removing stm32l1xx_hal_tim.o(i.HAL_TIM_PWM_DeInit), (60 bytes).
    Removing stm32l1xx_hal_tim.o(i.HAL_TIM_PWM_GetState), (8 bytes).
    Removing stm32l1xx_hal_tim.o(i.HAL_TIM_PWM_Init), (52 bytes).
    Removing stm32l1xx_hal_tim.o(i.HAL_TIM_PWM_MspDeInit), (2 bytes).
    Removing stm32l1xx_hal_tim.o(i.HAL_TIM_PWM_MspInit), (2 bytes).
    Removing stm32l1xx_hal_tim.o(i.HAL_TIM_PWM_PulseFinishedHalfCpltCallback), (2 bytes).
    Removing stm32l1xx_hal_tim.o(i.HAL_TIM_PWM_Start), (44 bytes).
    Removing stm32l1xx_hal_tim.o(i.HAL_TIM_PWM_Start_DMA), (332 bytes).
    Removing stm32l1xx_hal_tim.o(i.HAL_TIM_PWM_Start_IT), (120 bytes).
    Removing stm32l1xx_hal_tim.o(i.HAL_TIM_PWM_Stop), (54 bytes).
    Removing stm32l1xx_hal_tim.o(i.HAL_TIM_PWM_Stop_DMA), (154 bytes).
    Removing stm32l1xx_hal_tim.o(i.HAL_TIM_PWM_Stop_IT), (124 bytes).
    Removing stm32l1xx_hal_tim.o(i.HAL_TIM_PeriodElapsedCallback), (2 bytes).
    Removing stm32l1xx_hal_tim.o(i.HAL_TIM_PeriodElapsedHalfCpltCallback), (2 bytes).
    Removing stm32l1xx_hal_tim.o(i.HAL_TIM_ReadCapturedValue), (50 bytes).
    Removing stm32l1xx_hal_tim.o(i.HAL_TIM_SlaveConfigSynchro), (108 bytes).
    Removing stm32l1xx_hal_tim.o(i.HAL_TIM_SlaveConfigSynchro_IT), (108 bytes).
    Removing stm32l1xx_hal_tim.o(i.HAL_TIM_TriggerHalfCpltCallback), (2 bytes).
    Removing stm32l1xx_hal_tim.o(i.TIM_CCxChannelCmd), (34 bytes).
    Removing stm32l1xx_hal_tim.o(i.TIM_DMACaptureCplt), (70 bytes).
    Removing stm32l1xx_hal_tim.o(i.TIM_DMACaptureHalfCplt), (70 bytes).
    Removing stm32l1xx_hal_tim.o(i.TIM_DMADelayPulseCplt), (70 bytes).
    Removing stm32l1xx_hal_tim.o(i.TIM_DMADelayPulseHalfCplt), (70 bytes).
    Removing stm32l1xx_hal_tim.o(i.TIM_DMAError), (20 bytes).
    Removing stm32l1xx_hal_tim.o(i.TIM_DMAPeriodElapsedCplt), (20 bytes).
    Removing stm32l1xx_hal_tim.o(i.TIM_DMAPeriodElapsedHalfCplt), (20 bytes).
    Removing stm32l1xx_hal_tim.o(i.TIM_DMATriggerCplt), (20 bytes).
    Removing stm32l1xx_hal_tim.o(i.TIM_DMATriggerHalfCplt), (20 bytes).
    Removing stm32l1xx_hal_tim.o(i.TIM_OC1_SetConfig), (48 bytes).
    Removing stm32l1xx_hal_tim.o(i.TIM_OC2_SetConfig), (52 bytes).
    Removing stm32l1xx_hal_tim.o(i.TIM_OC3_SetConfig), (50 bytes).
    Removing stm32l1xx_hal_tim.o(i.TIM_OC4_SetConfig), (52 bytes).
    Removing stm32l1xx_hal_tim.o(i.TIM_SlaveTimer_SetConfig), (170 bytes).
    Removing stm32l1xx_hal_tim.o(i.TIM_TI1_SetConfig), (112 bytes).
    Removing stm32l1xx_hal_tim.o(i.TIM_TI2_SetConfig), (58 bytes).
    Removing stm32l1xx_hal_tim.o(i.TIM_TI3_SetConfig), (56 bytes).
    Removing stm32l1xx_hal_tim.o(i.TIM_TI4_SetConfig), (60 bytes).
    Removing stm32l1xx_hal_tim_ex.o(.rev16_text), (4 bytes).
    Removing stm32l1xx_hal_tim_ex.o(.revsh_text), (4 bytes).
    Removing stm32l1xx_hal_tim_ex.o(.rrx_text), (6 bytes).
    Removing stm32l1xx_hal_tim_ex.o(i.HAL_TIMEx_RemapConfig), (42 bytes).
    Removing stm32l1xx_hal.o(.rev16_text), (4 bytes).
    Removing stm32l1xx_hal.o(.revsh_text), (4 bytes).
    Removing stm32l1xx_hal.o(.rrx_text), (6 bytes).
    Removing stm32l1xx_hal.o(i.HAL_DBGMCU_DisableDBGSleepMode), (20 bytes).
    Removing stm32l1xx_hal.o(i.HAL_DBGMCU_DisableDBGStandbyMode), (20 bytes).
    Removing stm32l1xx_hal.o(i.HAL_DBGMCU_DisableDBGStopMode), (20 bytes).
    Removing stm32l1xx_hal.o(i.HAL_DBGMCU_EnableDBGSleepMode), (20 bytes).
    Removing stm32l1xx_hal.o(i.HAL_DBGMCU_EnableDBGStandbyMode), (20 bytes).
    Removing stm32l1xx_hal.o(i.HAL_DBGMCU_EnableDBGStopMode), (20 bytes).
    Removing stm32l1xx_hal.o(i.HAL_DeInit), (48 bytes).
    Removing stm32l1xx_hal.o(i.HAL_GetDEVID), (16 bytes).
    Removing stm32l1xx_hal.o(i.HAL_GetHalVersion), (6 bytes).
    Removing stm32l1xx_hal.o(i.HAL_GetREVID), (12 bytes).
    Removing stm32l1xx_hal.o(i.HAL_GetTickFreq), (12 bytes).
    Removing stm32l1xx_hal.o(i.HAL_GetTickPrio), (12 bytes).
    Removing stm32l1xx_hal.o(i.HAL_GetUIDw0), (12 bytes).
    Removing stm32l1xx_hal.o(i.HAL_GetUIDw1), (12 bytes).
    Removing stm32l1xx_hal.o(i.HAL_GetUIDw2), (12 bytes).
    Removing stm32l1xx_hal.o(i.HAL_MspDeInit), (2 bytes).
    Removing stm32l1xx_hal.o(i.HAL_MspInit), (2 bytes).
    Removing stm32l1xx_hal.o(i.HAL_ResumeTick), (18 bytes).
    Removing stm32l1xx_hal.o(i.HAL_SetTickFreq), (44 bytes).
    Removing stm32l1xx_hal.o(i.HAL_SuspendTick), (18 bytes).
    Removing stm32l1xx_hal_rcc.o(.rev16_text), (4 bytes).
    Removing stm32l1xx_hal_rcc.o(.revsh_text), (4 bytes).
    Removing stm32l1xx_hal_rcc.o(.rrx_text), (6 bytes).
    Removing stm32l1xx_hal_rcc.o(i.HAL_RCC_CSSCallback), (2 bytes).
    Removing stm32l1xx_hal_rcc.o(i.HAL_RCC_DeInit), (256 bytes).
    Removing stm32l1xx_hal_rcc.o(i.HAL_RCC_DisableCSS), (12 bytes).
    Removing stm32l1xx_hal_rcc.o(i.HAL_RCC_EnableCSS), (12 bytes).
    Removing stm32l1xx_hal_rcc.o(i.HAL_RCC_GetClockConfig), (68 bytes).
    Removing stm32l1xx_hal_rcc.o(i.HAL_RCC_GetHCLKFreq), (12 bytes).
    Removing stm32l1xx_hal_rcc.o(i.HAL_RCC_GetOscConfig), (264 bytes).
    Removing stm32l1xx_hal_rcc.o(i.HAL_RCC_GetPCLK1Freq), (32 bytes).
    Removing stm32l1xx_hal_rcc.o(i.HAL_RCC_GetPCLK2Freq), (32 bytes).
    Removing stm32l1xx_hal_rcc.o(i.HAL_RCC_MCOConfig), (100 bytes).
    Removing stm32l1xx_hal_rcc.o(i.HAL_RCC_NMI_IRQHandler), (32 bytes).
    Removing stm32l1xx_hal_rcc_ex.o(.rev16_text), (4 bytes).
    Removing stm32l1xx_hal_rcc_ex.o(.revsh_text), (4 bytes).
    Removing stm32l1xx_hal_rcc_ex.o(.rrx_text), (6 bytes).
    Removing stm32l1xx_hal_rcc_ex.o(i.HAL_RCCEx_DisableLSECSS), (28 bytes).
    Removing stm32l1xx_hal_rcc_ex.o(i.HAL_RCCEx_EnableLSECSS), (12 bytes).
    Removing stm32l1xx_hal_rcc_ex.o(i.HAL_RCCEx_EnableLSECSS_IT), (60 bytes).
    Removing stm32l1xx_hal_rcc_ex.o(i.HAL_RCCEx_GetPeriphCLKConfig), (44 bytes).
    Removing stm32l1xx_hal_rcc_ex.o(i.HAL_RCCEx_GetPeriphCLKFreq), (160 bytes).
    Removing stm32l1xx_hal_rcc_ex.o(i.HAL_RCCEx_LSECSS_Callback), (2 bytes).
    Removing stm32l1xx_hal_rcc_ex.o(i.HAL_RCCEx_LSECSS_IRQHandler), (32 bytes).
    Removing stm32l1xx_hal_rcc_ex.o(i.HAL_RCCEx_PeriphCLKConfig), (380 bytes).
    Removing stm32l1xx_hal_flash.o(.rev16_text), (4 bytes).
    Removing stm32l1xx_hal_flash.o(.revsh_text), (4 bytes).
    Removing stm32l1xx_hal_flash.o(.rrx_text), (6 bytes).
    Removing stm32l1xx_hal_flash.o(i.FLASH_SetErrorCode), (168 bytes).
    Removing stm32l1xx_hal_flash.o(i.FLASH_WaitForLastOperation), (148 bytes).
    Removing stm32l1xx_hal_flash.o(i.HAL_FLASH_EndOfOperationCallback), (2 bytes).
    Removing stm32l1xx_hal_flash.o(i.HAL_FLASH_GetError), (12 bytes).
    Removing stm32l1xx_hal_flash.o(i.HAL_FLASH_IRQHandler), (336 bytes).
    Removing stm32l1xx_hal_flash.o(i.HAL_FLASH_Lock), (20 bytes).
    Removing stm32l1xx_hal_flash.o(i.HAL_FLASH_OB_Launch), (28 bytes).
    Removing stm32l1xx_hal_flash.o(i.HAL_FLASH_OB_Lock), (20 bytes).
    Removing stm32l1xx_hal_flash.o(i.HAL_FLASH_OB_Unlock), (100 bytes).
    Removing stm32l1xx_hal_flash.o(i.HAL_FLASH_OperationErrorCallback), (2 bytes).
    Removing stm32l1xx_hal_flash.o(i.HAL_FLASH_Program), (84 bytes).
    Removing stm32l1xx_hal_flash.o(i.HAL_FLASH_Program_IT), (72 bytes).
    Removing stm32l1xx_hal_flash.o(i.HAL_FLASH_Unlock), (100 bytes).
    Removing stm32l1xx_hal_flash.o(.bss), (24 bytes).
    Removing stm32l1xx_hal_flash_ex.o(.rev16_text), (4 bytes).
    Removing stm32l1xx_hal_flash_ex.o(.revsh_text), (4 bytes).
    Removing stm32l1xx_hal_flash_ex.o(.rrx_text), (6 bytes).
    Removing stm32l1xx_hal_flash_ex.o(i.FLASH_DATAEEPROM_FastProgramByte), (52 bytes).
    Removing stm32l1xx_hal_flash_ex.o(i.FLASH_DATAEEPROM_FastProgramHalfWord), (52 bytes).
    Removing stm32l1xx_hal_flash_ex.o(i.FLASH_DATAEEPROM_FastProgramWord), (52 bytes).
    Removing stm32l1xx_hal_flash_ex.o(i.FLASH_DATAEEPROM_ProgramByte), (36 bytes).
    Removing stm32l1xx_hal_flash_ex.o(i.FLASH_DATAEEPROM_ProgramHalfWord), (36 bytes).
    Removing stm32l1xx_hal_flash_ex.o(i.FLASH_DATAEEPROM_ProgramWord), (36 bytes).
    Removing stm32l1xx_hal_flash_ex.o(i.FLASH_OB_BORConfig), (84 bytes).
    Removing stm32l1xx_hal_flash_ex.o(i.FLASH_OB_GetBOR), (16 bytes).
    Removing stm32l1xx_hal_flash_ex.o(i.FLASH_OB_GetRDP), (28 bytes).
    Removing stm32l1xx_hal_flash_ex.o(i.FLASH_OB_GetUser), (16 bytes).
    Removing stm32l1xx_hal_flash_ex.o(i.FLASH_OB_PCROPConfig), (80 bytes).
    Removing stm32l1xx_hal_flash_ex.o(i.FLASH_OB_RDPConfig), (104 bytes).
    Removing stm32l1xx_hal_flash_ex.o(i.FLASH_OB_UserConfig), (108 bytes).
    Removing stm32l1xx_hal_flash_ex.o(i.FLASH_OB_WRPConfig), (68 bytes).
    Removing stm32l1xx_hal_flash_ex.o(i.FLASH_OB_WRPConfigWRP1OrPCROP1), (100 bytes).
    Removing stm32l1xx_hal_flash_ex.o(i.FLASH_OB_WRPConfigWRP2OrPCROP2), (100 bytes).
    Removing stm32l1xx_hal_flash_ex.o(i.FLASH_PageErase), (48 bytes).
    Removing stm32l1xx_hal_flash_ex.o(i.HAL_FLASHEx_AdvOBGetConfig), (60 bytes).
    Removing stm32l1xx_hal_flash_ex.o(i.HAL_FLASHEx_AdvOBProgram), (56 bytes).
    Removing stm32l1xx_hal_flash_ex.o(i.HAL_FLASHEx_DATAEEPROM_DisableFixedTimeProgram), (20 bytes).
    Removing stm32l1xx_hal_flash_ex.o(i.HAL_FLASHEx_DATAEEPROM_EnableFixedTimeProgram), (20 bytes).
    Removing stm32l1xx_hal_flash_ex.o(i.HAL_FLASHEx_DATAEEPROM_Erase), (64 bytes).
    Removing stm32l1xx_hal_flash_ex.o(i.HAL_FLASHEx_DATAEEPROM_Lock), (20 bytes).
    Removing stm32l1xx_hal_flash_ex.o(i.HAL_FLASHEx_DATAEEPROM_Program), (168 bytes).
    Removing stm32l1xx_hal_flash_ex.o(i.HAL_FLASHEx_DATAEEPROM_Unlock), (44 bytes).
    Removing stm32l1xx_hal_flash_ex.o(i.HAL_FLASHEx_Erase), (144 bytes).
    Removing stm32l1xx_hal_flash_ex.o(i.HAL_FLASHEx_Erase_IT), (108 bytes).
    Removing stm32l1xx_hal_flash_ex.o(i.HAL_FLASHEx_OBGetConfig), (48 bytes).
    Removing stm32l1xx_hal_flash_ex.o(i.HAL_FLASHEx_OBProgram), (212 bytes).
    Removing stm32l1xx_hal_flash_ex.o(i.HAL_FLASHEx_OB_DeSelectPCROP), (76 bytes).
    Removing stm32l1xx_hal_flash_ex.o(i.HAL_FLASHEx_OB_SelectPCROP), (80 bytes).
    Removing stm32l1xx_hal_flash_ramfunc.o(.rev16_text), (4 bytes).
    Removing stm32l1xx_hal_flash_ramfunc.o(.revsh_text), (4 bytes).
    Removing stm32l1xx_hal_flash_ramfunc.o(.rrx_text), (6 bytes).
    Removing stm32l1xx_hal_flash_ramfunc.o(i.FLASHRAM_SetErrorCode), (168 bytes).
    Removing stm32l1xx_hal_flash_ramfunc.o(i.FLASHRAM_WaitForLastOperation), (132 bytes).
    Removing stm32l1xx_hal_flash_ramfunc.o(i.HAL_FLASHEx_DATAEEPROM_EraseDoubleWord), (112 bytes).
    Removing stm32l1xx_hal_flash_ramfunc.o(i.HAL_FLASHEx_DATAEEPROM_ProgramDoubleWord), (124 bytes).
    Removing stm32l1xx_hal_flash_ramfunc.o(i.HAL_FLASHEx_DisableRunPowerDown), (48 bytes).
    Removing stm32l1xx_hal_flash_ramfunc.o(i.HAL_FLASHEx_EnableRunPowerDown), (48 bytes).
    Removing stm32l1xx_hal_flash_ramfunc.o(i.HAL_FLASHEx_GetError), (16 bytes).
    Removing stm32l1xx_hal_flash_ramfunc.o(i.HAL_FLASHEx_HalfPageProgram), (128 bytes).
    Removing stm32l1xx_hal_gpio.o(.rev16_text), (4 bytes).
    Removing stm32l1xx_hal_gpio.o(.revsh_text), (4 bytes).
    Removing stm32l1xx_hal_gpio.o(.rrx_text), (6 bytes).
    Removing stm32l1xx_hal_gpio.o(i.HAL_GPIO_DeInit), (288 bytes).
    Removing stm32l1xx_hal_gpio.o(i.HAL_GPIO_LockPin), (46 bytes).
    Removing stm32l1xx_hal_gpio.o(i.HAL_GPIO_TogglePin), (16 bytes).
    Removing stm32l1xx_hal_dma.o(.rev16_text), (4 bytes).
    Removing stm32l1xx_hal_dma.o(.revsh_text), (4 bytes).
    Removing stm32l1xx_hal_dma.o(.rrx_text), (6 bytes).
    Removing stm32l1xx_hal_dma.o(i.DMA_SetConfig), (48 bytes).
    Removing stm32l1xx_hal_dma.o(i.HAL_DMA_Abort), (90 bytes).
    Removing stm32l1xx_hal_dma.o(i.HAL_DMA_Abort_IT), (92 bytes).
    Removing stm32l1xx_hal_dma.o(i.HAL_DMA_DeInit), (132 bytes).
    Removing stm32l1xx_hal_dma.o(i.HAL_DMA_GetError), (6 bytes).
    Removing stm32l1xx_hal_dma.o(i.HAL_DMA_GetState), (8 bytes).
    Removing stm32l1xx_hal_dma.o(i.HAL_DMA_IRQHandler), (254 bytes).
    Removing stm32l1xx_hal_dma.o(i.HAL_DMA_Init), (140 bytes).
    Removing stm32l1xx_hal_dma.o(i.HAL_DMA_PollForTransfer), (264 bytes).
    Removing stm32l1xx_hal_dma.o(i.HAL_DMA_RegisterCallback), (90 bytes).
    Removing stm32l1xx_hal_dma.o(i.HAL_DMA_Start), (114 bytes).
    Removing stm32l1xx_hal_dma.o(i.HAL_DMA_Start_IT), (156 bytes).
    Removing stm32l1xx_hal_dma.o(i.HAL_DMA_UnRegisterCallback), (106 bytes).
    Removing stm32l1xx_hal_pwr.o(.rev16_text), (4 bytes).
    Removing stm32l1xx_hal_pwr.o(.revsh_text), (4 bytes).
    Removing stm32l1xx_hal_pwr.o(.rrx_text), (6 bytes).
    Removing stm32l1xx_hal_pwr.o(i.HAL_PWR_ConfigPVD), (184 bytes).
    Removing stm32l1xx_hal_pwr.o(i.HAL_PWR_DeInit), (28 bytes).
    Removing stm32l1xx_hal_pwr.o(i.HAL_PWR_DisableBkUpAccess), (28 bytes).
    Removing stm32l1xx_hal_pwr.o(i.HAL_PWR_DisablePVD), (24 bytes).
    Removing stm32l1xx_hal_pwr.o(i.HAL_PWR_DisableSEVOnPend), (20 bytes).
    Removing stm32l1xx_hal_pwr.o(i.HAL_PWR_DisableSleepOnExit), (20 bytes).
    Removing stm32l1xx_hal_pwr.o(i.HAL_PWR_DisableWakeUpPin), (28 bytes).
    Removing stm32l1xx_hal_pwr.o(i.HAL_PWR_EnableBkUpAccess), (24 bytes).
    Removing stm32l1xx_hal_pwr.o(i.HAL_PWR_EnablePVD), (24 bytes).
    Removing stm32l1xx_hal_pwr.o(i.HAL_PWR_EnableSEVOnPend), (20 bytes).
    Removing stm32l1xx_hal_pwr.o(i.HAL_PWR_EnableSleepOnExit), (20 bytes).
    Removing stm32l1xx_hal_pwr.o(i.HAL_PWR_EnableWakeUpPin), (28 bytes).
    Removing stm32l1xx_hal_pwr.o(i.HAL_PWR_EnterSLEEPMode), (52 bytes).
    Removing stm32l1xx_hal_pwr.o(i.HAL_PWR_EnterSTANDBYMode), (40 bytes).
    Removing stm32l1xx_hal_pwr.o(i.HAL_PWR_EnterSTOPMode), (64 bytes).
    Removing stm32l1xx_hal_pwr.o(i.HAL_PWR_PVDCallback), (2 bytes).
    Removing stm32l1xx_hal_pwr.o(i.HAL_PWR_PVD_IRQHandler), (32 bytes).
    Removing stm32l1xx_hal_pwr_ex.o(.rev16_text), (4 bytes).
    Removing stm32l1xx_hal_pwr_ex.o(.revsh_text), (4 bytes).
    Removing stm32l1xx_hal_pwr_ex.o(.rrx_text), (6 bytes).
    Removing stm32l1xx_hal_pwr_ex.o(i.HAL_PWREx_DisableFastWakeUp), (28 bytes).
    Removing stm32l1xx_hal_pwr_ex.o(i.HAL_PWREx_DisableLowPowerRunMode), (40 bytes).
    Removing stm32l1xx_hal_pwr_ex.o(i.HAL_PWREx_DisableUltraLowPower), (28 bytes).
    Removing stm32l1xx_hal_pwr_ex.o(i.HAL_PWREx_EnableFastWakeUp), (24 bytes).
    Removing stm32l1xx_hal_pwr_ex.o(i.HAL_PWREx_EnableLowPowerRunMode), (36 bytes).
    Removing stm32l1xx_hal_pwr_ex.o(i.HAL_PWREx_EnableUltraLowPower), (24 bytes).
    Removing stm32l1xx_hal_pwr_ex.o(i.HAL_PWREx_GetVoltageRange), (16 bytes).
    Removing stm32l1xx_hal_cortex.o(.rev16_text), (4 bytes).
    Removing stm32l1xx_hal_cortex.o(.revsh_text), (4 bytes).
    Removing stm32l1xx_hal_cortex.o(.rrx_text), (6 bytes).
    Removing stm32l1xx_hal_cortex.o(i.HAL_MPU_ConfigRegion), (92 bytes).
    Removing stm32l1xx_hal_cortex.o(i.HAL_MPU_Disable), (28 bytes).
    Removing stm32l1xx_hal_cortex.o(i.HAL_MPU_Enable), (48 bytes).
    Removing stm32l1xx_hal_cortex.o(i.HAL_NVIC_ClearPendingIRQ), (36 bytes).
    Removing stm32l1xx_hal_cortex.o(i.HAL_NVIC_DisableIRQ), (68 bytes).
    Removing stm32l1xx_hal_cortex.o(i.HAL_NVIC_GetActive), (48 bytes).
    Removing stm32l1xx_hal_cortex.o(i.HAL_NVIC_GetPendingIRQ), (48 bytes).
    Removing stm32l1xx_hal_cortex.o(i.HAL_NVIC_GetPriority), (148 bytes).
    Removing stm32l1xx_hal_cortex.o(i.HAL_NVIC_GetPriorityGrouping), (8 bytes).
    Removing stm32l1xx_hal_cortex.o(i.HAL_NVIC_SetPendingIRQ), (36 bytes).
    Removing stm32l1xx_hal_cortex.o(i.HAL_NVIC_SystemReset), (68 bytes).
    Removing stm32l1xx_hal_cortex.o(i.HAL_SYSTICK_CLKSourceConfig), (40 bytes).
    Removing stm32l1xx_hal_cortex.o(i.HAL_SYSTICK_Callback), (2 bytes).
    Removing system_stm32l1xx.o(.rev16_text), (4 bytes).
    Removing system_stm32l1xx.o(.revsh_text), (4 bytes).
    Removing system_stm32l1xx.o(.rrx_text), (6 bytes).
    Removing system_stm32l1xx.o(i.SystemCoreClockUpdate), (220 bytes).
    Removing user_lcd.o(.rev16_text), (4 bytes).
    Removing user_lcd.o(.revsh_text), (4 bytes).
    Removing user_lcd.o(.rrx_text), (6 bytes).
    Removing user_lcd.o(i.LCD_Run_Time), (38 bytes).
    Removing user_lcd.o(i.LCD_Running_X1), (100 bytes).
    Removing user_lcd.o(i.LCD_Running_X2), (56 bytes).
    Removing user_lcd.o(i.LCD_Setup_X1), (148 bytes).
    Removing user_lcd.o(i.LCD_Setup_X2), (200 bytes).
    Removing user_lcd.o(i.Variable_To_Char_Length), (70 bytes).
    Removing user_lcd.o(.constdata), (2 bytes).
    Removing check_button.o(.rev16_text), (4 bytes).
    Removing check_button.o(.revsh_text), (4 bytes).
    Removing check_button.o(.rrx_text), (6 bytes).
    Removing check_button.o(.constdata), (8 bytes).
    Removing relay_led.o(.rev16_text), (4 bytes).
    Removing relay_led.o(.revsh_text), (4 bytes).
    Removing relay_led.o(.rrx_text), (6 bytes).
    Removing relay_led.o(i.Reset_Relay), (36 bytes).
    Removing relay_led.o(i.Set_Relay), (36 bytes).
    Removing clcd.o(.rev16_text), (4 bytes).
    Removing clcd.o(.revsh_text), (4 bytes).
    Removing clcd.o(.rrx_text), (6 bytes).
    Removing clcd.o(i.CLCD_8BIT_Init), (214 bytes).
    Removing clcd.o(i.CLCD_BlinkOff), (54 bytes).
    Removing clcd.o(i.CLCD_BlinkOn), (54 bytes).
    Removing clcd.o(i.CLCD_Clear), (44 bytes).
    Removing clcd.o(i.CLCD_CursorOff), (54 bytes).
    Removing clcd.o(i.CLCD_CursorOn), (54 bytes).
    Removing clcd.o(i.CLCD_ReturnHome), (44 bytes).
    Removing lcd_object.o(.rev16_text), (4 bytes).
    Removing lcd_object.o(.revsh_text), (4 bytes).
    Removing lcd_object.o(.rrx_text), (6 bytes).

341 unused section(s) (total 20254 bytes) removed from the image.

==============================================================================

Image Symbol Table

    Local Symbols

    Symbol Name                              Value     Ov Type        Size  Object(Section)

    ../Drivers/STM32L1xx_HAL_Driver/Src/stm32l1xx_hal.c 0x00000000   Number         0  stm32l1xx_hal.o ABSOLUTE
    ../Drivers/STM32L1xx_HAL_Driver/Src/stm32l1xx_hal_cortex.c 0x00000000   Number         0  stm32l1xx_hal_cortex.o ABSOLUTE
    ../Drivers/STM32L1xx_HAL_Driver/Src/stm32l1xx_hal_dma.c 0x00000000   Number         0  stm32l1xx_hal_dma.o ABSOLUTE
    ../Drivers/STM32L1xx_HAL_Driver/Src/stm32l1xx_hal_flash.c 0x00000000   Number         0  stm32l1xx_hal_flash.o ABSOLUTE
    ../Drivers/STM32L1xx_HAL_Driver/Src/stm32l1xx_hal_flash_ex.c 0x00000000   Number         0  stm32l1xx_hal_flash_ex.o ABSOLUTE
    ../Drivers/STM32L1xx_HAL_Driver/Src/stm32l1xx_hal_flash_ramfunc.c 0x00000000   Number         0  stm32l1xx_hal_flash_ramfunc.o ABSOLUTE
    ../Drivers/STM32L1xx_HAL_Driver/Src/stm32l1xx_hal_gpio.c 0x00000000   Number         0  stm32l1xx_hal_gpio.o ABSOLUTE
    ../Drivers/STM32L1xx_HAL_Driver/Src/stm32l1xx_hal_pwr.c 0x00000000   Number         0  stm32l1xx_hal_pwr.o ABSOLUTE
    ../Drivers/STM32L1xx_HAL_Driver/Src/stm32l1xx_hal_pwr_ex.c 0x00000000   Number         0  stm32l1xx_hal_pwr_ex.o ABSOLUTE
    ../Drivers/STM32L1xx_HAL_Driver/Src/stm32l1xx_hal_rcc.c 0x00000000   Number         0  stm32l1xx_hal_rcc.o ABSOLUTE
    ../Drivers/STM32L1xx_HAL_Driver/Src/stm32l1xx_hal_rcc_ex.c 0x00000000   Number         0  stm32l1xx_hal_rcc_ex.o ABSOLUTE
    ../Drivers/STM32L1xx_HAL_Driver/Src/stm32l1xx_hal_tim.c 0x00000000   Number         0  stm32l1xx_hal_tim.o ABSOLUTE
    ../Drivers/STM32L1xx_HAL_Driver/Src/stm32l1xx_hal_tim_ex.c 0x00000000   Number         0  stm32l1xx_hal_tim_ex.o ABSOLUTE
    ../Src/main.c                            0x00000000   Number         0  main.o ABSOLUTE
    ../Src/stm32l1xx_hal_msp.c               0x00000000   Number         0  stm32l1xx_hal_msp.o ABSOLUTE
    ../Src/stm32l1xx_it.c                    0x00000000   Number         0  stm32l1xx_it.o ABSOLUTE
    ../Src/system_stm32l1xx.c                0x00000000   Number         0  system_stm32l1xx.o ABSOLUTE
    ../clib/microlib/init/entry.s            0x00000000   Number         0  entry10b.o ABSOLUTE
    ../clib/microlib/init/entry.s            0x00000000   Number         0  entry9b.o ABSOLUTE
    ../clib/microlib/init/entry.s            0x00000000   Number         0  entry8b.o ABSOLUTE
    ../clib/microlib/init/entry.s            0x00000000   Number         0  entry8a.o ABSOLUTE
    ../clib/microlib/init/entry.s            0x00000000   Number         0  entry10a.o ABSOLUTE
    ../clib/microlib/init/entry.s            0x00000000   Number         0  entry9a.o ABSOLUTE
    ../clib/microlib/init/entry.s            0x00000000   Number         0  entry7b.o ABSOLUTE
    ../clib/microlib/init/entry.s            0x00000000   Number         0  entry7a.o ABSOLUTE
    ../clib/microlib/init/entry.s            0x00000000   Number         0  entry2.o ABSOLUTE
    ../clib/microlib/init/entry.s            0x00000000   Number         0  entry5.o ABSOLUTE
    ../clib/microlib/init/entry.s            0x00000000   Number         0  entry.o ABSOLUTE
    ../clib/microlib/init/entry.s            0x00000000   Number         0  entry11b.o ABSOLUTE
    ../clib/microlib/init/entry.s            0x00000000   Number         0  entry11a.o ABSOLUTE
    ../clib/microlib/string/memset.c         0x00000000   Number         0  memseta.o ABSOLUTE
    ..\Drivers\Mylib_driver\Src\CLCD.c       0x00000000   Number         0  clcd.o ABSOLUTE
    ..\Drivers\Mylib_driver\Src\LCD_object.c 0x00000000   Number         0  lcd_object.o ABSOLUTE
    ..\Drivers\Mylib_driver\Src\Relay_Led.c  0x00000000   Number         0  relay_led.o ABSOLUTE
    ..\Drivers\Mylib_driver\Src\check_Button.c 0x00000000   Number         0  check_button.o ABSOLUTE
    ..\Drivers\Mylib_driver\Src\user_LCD.c   0x00000000   Number         0  user_lcd.o ABSOLUTE
    ..\Drivers\STM32L1xx_HAL_Driver\Src\stm32l1xx_hal.c 0x00000000   Number         0  stm32l1xx_hal.o ABSOLUTE
    ..\Drivers\STM32L1xx_HAL_Driver\Src\stm32l1xx_hal_cortex.c 0x00000000   Number         0  stm32l1xx_hal_cortex.o ABSOLUTE
    ..\Drivers\STM32L1xx_HAL_Driver\Src\stm32l1xx_hal_dma.c 0x00000000   Number         0  stm32l1xx_hal_dma.o ABSOLUTE
    ..\Drivers\STM32L1xx_HAL_Driver\Src\stm32l1xx_hal_flash.c 0x00000000   Number         0  stm32l1xx_hal_flash.o ABSOLUTE
    ..\Drivers\STM32L1xx_HAL_Driver\Src\stm32l1xx_hal_flash_ex.c 0x00000000   Number         0  stm32l1xx_hal_flash_ex.o ABSOLUTE
    ..\Drivers\STM32L1xx_HAL_Driver\Src\stm32l1xx_hal_flash_ramfunc.c 0x00000000   Number         0  stm32l1xx_hal_flash_ramfunc.o ABSOLUTE
    ..\Drivers\STM32L1xx_HAL_Driver\Src\stm32l1xx_hal_gpio.c 0x00000000   Number         0  stm32l1xx_hal_gpio.o ABSOLUTE
    ..\Drivers\STM32L1xx_HAL_Driver\Src\stm32l1xx_hal_pwr.c 0x00000000   Number         0  stm32l1xx_hal_pwr.o ABSOLUTE
    ..\Drivers\STM32L1xx_HAL_Driver\Src\stm32l1xx_hal_pwr_ex.c 0x00000000   Number         0  stm32l1xx_hal_pwr_ex.o ABSOLUTE
    ..\Drivers\STM32L1xx_HAL_Driver\Src\stm32l1xx_hal_rcc.c 0x00000000   Number         0  stm32l1xx_hal_rcc.o ABSOLUTE
    ..\Drivers\STM32L1xx_HAL_Driver\Src\stm32l1xx_hal_rcc_ex.c 0x00000000   Number         0  stm32l1xx_hal_rcc_ex.o ABSOLUTE
    ..\Drivers\STM32L1xx_HAL_Driver\Src\stm32l1xx_hal_tim.c 0x00000000   Number         0  stm32l1xx_hal_tim.o ABSOLUTE
    ..\Drivers\STM32L1xx_HAL_Driver\Src\stm32l1xx_hal_tim_ex.c 0x00000000   Number         0  stm32l1xx_hal_tim_ex.o ABSOLUTE
    ..\Src\main.c                            0x00000000   Number         0  main.o ABSOLUTE
    ..\Src\stm32l1xx_hal_msp.c               0x00000000   Number         0  stm32l1xx_hal_msp.o ABSOLUTE
    ..\Src\stm32l1xx_it.c                    0x00000000   Number         0  stm32l1xx_it.o ABSOLUTE
    ..\Src\system_stm32l1xx.c                0x00000000   Number         0  system_stm32l1xx.o ABSOLUTE
    ..\Src\user_LCD_object.c                 0x00000000   Number         0  user_lcd_object.o ABSOLUTE
    ..\Src\user_check_button.c               0x00000000   Number         0  user_check_button.o ABSOLUTE
    ..\\Drivers\\Mylib_driver\\Src\\CLCD.c   0x00000000   Number         0  clcd.o ABSOLUTE
    ..\\Drivers\\Mylib_driver\\Src\\LCD_object.c 0x00000000   Number         0  lcd_object.o ABSOLUTE
    ..\\Drivers\\Mylib_driver\\Src\\Relay_Led.c 0x00000000   Number         0  relay_led.o ABSOLUTE
    ..\\Drivers\\Mylib_driver\\Src\\check_Button.c 0x00000000   Number         0  check_button.o ABSOLUTE
    ..\\Drivers\\Mylib_driver\\Src\\user_LCD.c 0x00000000   Number         0  user_lcd.o ABSOLUTE
    ..\\Src\\user_LCD_object.c               0x00000000   Number         0  user_lcd_object.o ABSOLUTE
    ..\\Src\\user_check_button.c             0x00000000   Number         0  user_check_button.o ABSOLUTE
    dc.s                                     0x00000000   Number         0  dc.o ABSOLUTE
    handlers.s                               0x00000000   Number         0  handlers.o ABSOLUTE
    init.s                                   0x00000000   Number         0  init.o ABSOLUTE
    startup_stm32l151xc.s                    0x00000000   Number         0  startup_stm32l151xc.o ABSOLUTE
    RESET                                    0x08000000   Section      292  startup_stm32l151xc.o(RESET)
    .ARM.Collect$$$$00000000                 0x08000124   Section        0  entry.o(.ARM.Collect$$$$00000000)
    .ARM.Collect$$$$00000001                 0x08000124   Section        4  entry2.o(.ARM.Collect$$$$00000001)
    .ARM.Collect$$$$00000004                 0x08000128   Section        4  entry5.o(.ARM.Collect$$$$00000004)
    .ARM.Collect$$$$00000008                 0x0800012c   Section        0  entry7b.o(.ARM.Collect$$$$00000008)
    .ARM.Collect$$$$0000000A                 0x0800012c   Section        0  entry8b.o(.ARM.Collect$$$$0000000A)
    .ARM.Collect$$$$0000000B                 0x0800012c   Section        8  entry9a.o(.ARM.Collect$$$$0000000B)
    .ARM.Collect$$$$0000000D                 0x08000134   Section        0  entry10a.o(.ARM.Collect$$$$0000000D)
    .ARM.Collect$$$$0000000F                 0x08000134   Section        0  entry11a.o(.ARM.Collect$$$$0000000F)
    .ARM.Collect$$$$00002712                 0x08000134   Section        4  entry2.o(.ARM.Collect$$$$00002712)
    __lit__00000000                          0x08000134   Data           4  entry2.o(.ARM.Collect$$$$00002712)
    .text                                    0x08000138   Section       36  startup_stm32l151xc.o(.text)
    .text                                    0x0800015c   Section        0  memseta.o(.text)
    .text                                    0x08000180   Section       36  init.o(.text)
    i.BT_Check_Up_Down                       0x080001a4   Section        0  user_check_button.o(i.BT_Check_Up_Down)
    i.BT_Press_Click_Down                    0x08000210   Section        0  check_button.o(i.BT_Press_Click_Down)
    i.BT_Press_Click_Up                      0x08000228   Section        0  check_button.o(i.BT_Press_Click_Up)
    i.BT_Press_Hold_Down                     0x0800023c   Section        0  check_button.o(i.BT_Press_Hold_Down)
    i.BT_Press_Hold_Up                       0x08000290   Section        0  check_button.o(i.BT_Press_Hold_Up)
    i.BusFault_Handler                       0x080002dc   Section        0  stm32l1xx_it.o(i.BusFault_Handler)
    i.CLCD_4BIT_Init                         0x080002e0   Section        0  clcd.o(i.CLCD_4BIT_Init)
    i.CLCD_Delay                             0x080003c4   Section        0  clcd.o(i.CLCD_Delay)
    CLCD_Delay                               0x080003c5   Thumb Code    12  clcd.o(i.CLCD_Delay)
    i.CLCD_SetCursor                         0x080003d0   Section        0  clcd.o(i.CLCD_SetCursor)
    i.CLCD_Write4                            0x0800042c   Section        0  clcd.o(i.CLCD_Write4)
    CLCD_Write4                              0x0800042d   Thumb Code   252  clcd.o(i.CLCD_Write4)
    i.CLCD_Write8                            0x08000528   Section        0  clcd.o(i.CLCD_Write8)
    CLCD_Write8                              0x08000529   Thumb Code   186  clcd.o(i.CLCD_Write8)
    i.CLCD_WriteChar                         0x080005e2   Section        0  clcd.o(i.CLCD_WriteChar)
    i.CLCD_WriteString                       0x0800060a   Section        0  clcd.o(i.CLCD_WriteString)
    i.Check_BT_Callback                      0x08000624   Section        0  main.o(i.Check_BT_Callback)
    i.Check_BT_DOWN                          0x08000678   Section        0  user_check_button.o(i.Check_BT_DOWN)
    i.Check_BT_ENTER                         0x080006b0   Section        0  user_check_button.o(i.Check_BT_ENTER)
    i.Check_BT_ESC                           0x08000748   Section        0  user_check_button.o(i.Check_BT_ESC)
    i.Check_BT_UP                            0x080007cc   Section        0  user_check_button.o(i.Check_BT_UP)
    i.Check_Test                             0x08000804   Section        0  main.o(i.Check_Test)
    i.DebugMon_Handler                       0x08000858   Section        0  stm32l1xx_it.o(i.DebugMon_Handler)
    i.EXTI2_IRQHandler                       0x0800085a   Section        0  stm32l1xx_it.o(i.EXTI2_IRQHandler)
    i.EXTI3_IRQHandler                       0x08000864   Section        0  stm32l1xx_it.o(i.EXTI3_IRQHandler)
    i.EXTI4_IRQHandler                       0x0800086e   Section        0  stm32l1xx_it.o(i.EXTI4_IRQHandler)
    i.EXTI9_5_IRQHandler                     0x08000878   Section        0  stm32l1xx_it.o(i.EXTI9_5_IRQHandler)
    i.Error_Handler                          0x08000882   Section        0  main.o(i.Error_Handler)
    i.GET_SYSTICK_MS                         0x08000884   Section        0  check_button.o(i.GET_SYSTICK_MS)
    i.HAL_Delay                              0x080008ac   Section        0  stm32l1xx_hal.o(i.HAL_Delay)
    i.HAL_GPIO_EXTI_Callback                 0x080008d4   Section        0  stm32l1xx_hal_gpio.o(i.HAL_GPIO_EXTI_Callback)
    i.HAL_GPIO_EXTI_IRQHandler               0x080008d8   Section        0  stm32l1xx_hal_gpio.o(i.HAL_GPIO_EXTI_IRQHandler)
    i.HAL_GPIO_Init                          0x080008f4   Section        0  stm32l1xx_hal_gpio.o(i.HAL_GPIO_Init)
    i.HAL_GPIO_ReadPin                       0x08000ac4   Section        0  stm32l1xx_hal_gpio.o(i.HAL_GPIO_ReadPin)
    i.HAL_GPIO_WritePin                      0x08000ad4   Section        0  stm32l1xx_hal_gpio.o(i.HAL_GPIO_WritePin)
    i.HAL_GetTick                            0x08000ae0   Section        0  stm32l1xx_hal.o(i.HAL_GetTick)
    i.HAL_IncTick                            0x08000aec   Section        0  stm32l1xx_hal.o(i.HAL_IncTick)
    i.HAL_Init                               0x08000b04   Section        0  stm32l1xx_hal.o(i.HAL_Init)
    i.HAL_InitTick                           0x08000b24   Section        0  stm32l1xx_hal.o(i.HAL_InitTick)
    i.HAL_MspInit                            0x08000b7c   Section        0  stm32l1xx_hal_msp.o(i.HAL_MspInit)
    i.HAL_NVIC_EnableIRQ                     0x08000bd8   Section        0  stm32l1xx_hal_cortex.o(i.HAL_NVIC_EnableIRQ)
    i.HAL_NVIC_SetPriority                   0x08000bf8   Section        0  stm32l1xx_hal_cortex.o(i.HAL_NVIC_SetPriority)
    i.HAL_NVIC_SetPriorityGrouping           0x08000c74   Section        0  stm32l1xx_hal_cortex.o(i.HAL_NVIC_SetPriorityGrouping)
    i.HAL_RCC_ClockConfig                    0x08000c9c   Section        0  stm32l1xx_hal_rcc.o(i.HAL_RCC_ClockConfig)
    i.HAL_RCC_GetSysClockFreq                0x08000ebc   Section        0  stm32l1xx_hal_rcc.o(i.HAL_RCC_GetSysClockFreq)
    i.HAL_RCC_OscConfig                      0x08000f38   Section        0  stm32l1xx_hal_rcc.o(i.HAL_RCC_OscConfig)
    i.HAL_SYSTICK_Callback                   0x08001508   Section        0  check_button.o(i.HAL_SYSTICK_Callback)
    i.HAL_SYSTICK_Config                     0x0800155c   Section        0  stm32l1xx_hal_cortex.o(i.HAL_SYSTICK_Config)
    i.HAL_SYSTICK_IRQHandler                 0x08001590   Section        0  stm32l1xx_hal_cortex.o(i.HAL_SYSTICK_IRQHandler)
    i.HAL_TIMEx_MasterConfigSynchronization  0x08001598   Section        0  stm32l1xx_hal_tim_ex.o(i.HAL_TIMEx_MasterConfigSynchronization)
    i.HAL_TIM_Base_Init                      0x080015ec   Section        0  stm32l1xx_hal_tim.o(i.HAL_TIM_Base_Init)
    i.HAL_TIM_Base_MspInit                   0x08001620   Section        0  stm32l1xx_hal_msp.o(i.HAL_TIM_Base_MspInit)
    i.HAL_TIM_Base_Start_IT                  0x08001660   Section        0  stm32l1xx_hal_tim.o(i.HAL_TIM_Base_Start_IT)
    i.HAL_TIM_ConfigClockSource              0x0800168a   Section        0  stm32l1xx_hal_tim.o(i.HAL_TIM_ConfigClockSource)
    i.HAL_TIM_IC_CaptureCallback             0x08001792   Section        0  stm32l1xx_hal_tim.o(i.HAL_TIM_IC_CaptureCallback)
    i.HAL_TIM_IRQHandler                     0x08001794   Section        0  stm32l1xx_hal_tim.o(i.HAL_TIM_IRQHandler)
    i.HAL_TIM_OC_DelayElapsedCallback        0x080018e6   Section        0  stm32l1xx_hal_tim.o(i.HAL_TIM_OC_DelayElapsedCallback)
    i.HAL_TIM_PWM_PulseFinishedCallback      0x080018e8   Section        0  stm32l1xx_hal_tim.o(i.HAL_TIM_PWM_PulseFinishedCallback)
    i.HAL_TIM_PeriodElapsedCallback          0x080018ec   Section        0  main.o(i.HAL_TIM_PeriodElapsedCallback)
    i.HAL_TIM_TriggerCallback                0x080018fc   Section        0  stm32l1xx_hal_tim.o(i.HAL_TIM_TriggerCallback)
    i.HardFault_Handler                      0x080018fe   Section        0  stm32l1xx_it.o(i.HardFault_Handler)
    i.LCD_Change_State_Setup_T1_T2_T3        0x08001904   Section        0  user_lcd_object.o(i.LCD_Change_State_Setup_T1_T2_T3)
    i.LCD_Change_State_Time_HH_MM_SS         0x08001958   Section        0  user_lcd_object.o(i.LCD_Change_State_Time_HH_MM_SS)
    i.LCD_Display_Esc                        0x080019d0   Section        0  lcd_object.o(i.LCD_Display_Esc)
    i.LCD_Display_Running_OR_Setup           0x08001a24   Section        0  lcd_object.o(i.LCD_Display_Running_OR_Setup)
    i.LCD_Display_Time                       0x08001a44   Section        0  lcd_object.o(i.LCD_Display_Time)
    i.LCD_Display_Time1_Time2_Time3          0x08001a8a   Section        0  lcd_object.o(i.LCD_Display_Time1_Time2_Time3)
    i.LCD_Send_Data                          0x08001ade   Section        0  lcd_object.o(i.LCD_Send_Data)
    i.MX_GPIO_Init                           0x08001af8   Section        0  main.o(i.MX_GPIO_Init)
    MX_GPIO_Init                             0x08001af9   Thumb Code   270  main.o(i.MX_GPIO_Init)
    i.MX_TIM2_Init                           0x08001c1c   Section        0  main.o(i.MX_TIM2_Init)
    MX_TIM2_Init                             0x08001c1d   Thumb Code   104  main.o(i.MX_TIM2_Init)
    i.MemManage_Handler                      0x08001c88   Section        0  stm32l1xx_it.o(i.MemManage_Handler)
    i.NMI_Handler                            0x08001c8c   Section        0  stm32l1xx_it.o(i.NMI_Handler)
    i.PendSV_Handler                         0x08001c8e   Section        0  stm32l1xx_it.o(i.PendSV_Handler)
    i.RCC_SetFlashLatencyFromMSIRange        0x08001c90   Section        0  stm32l1xx_hal_rcc.o(i.RCC_SetFlashLatencyFromMSIRange)
    RCC_SetFlashLatencyFromMSIRange          0x08001c91   Thumb Code   156  stm32l1xx_hal_rcc.o(i.RCC_SetFlashLatencyFromMSIRange)
    i.Reset_Relay_Led                        0x08001d38   Section        0  relay_led.o(i.Reset_Relay_Led)
    i.Run_Feed_Shrimp                        0x08001d6c   Section        0  main.o(i.Run_Feed_Shrimp)
    i.SVC_Handler                            0x08001e80   Section        0  stm32l1xx_it.o(i.SVC_Handler)
    i.Set_Relay_Led                          0x08001e82   Section        0  relay_led.o(i.Set_Relay_Led)
    i.Set_Time                               0x08001eb4   Section        0  main.o(i.Set_Time)
    i.SysTick_Handler                        0x08001f28   Section        0  stm32l1xx_it.o(i.SysTick_Handler)
    i.SystemClock_Config                     0x08001f34   Section        0  main.o(i.SystemClock_Config)
    i.SystemInit                             0x08001f9c   Section        0  system_stm32l1xx.o(i.SystemInit)
    i.TIM2_IRQHandler                        0x08002000   Section        0  stm32l1xx_it.o(i.TIM2_IRQHandler)
    i.TIM_Base_SetConfig                     0x08002010   Section        0  stm32l1xx_hal_tim.o(i.TIM_Base_SetConfig)
    TIM_Base_SetConfig                       0x08002011   Thumb Code   118  stm32l1xx_hal_tim.o(i.TIM_Base_SetConfig)
    i.TIM_ETR_SetConfig                      0x080020a0   Section        0  stm32l1xx_hal_tim.o(i.TIM_ETR_SetConfig)
    TIM_ETR_SetConfig                        0x080020a1   Thumb Code    22  stm32l1xx_hal_tim.o(i.TIM_ETR_SetConfig)
    i.TIM_ITRx_SetConfig                     0x080020b6   Section        0  stm32l1xx_hal_tim.o(i.TIM_ITRx_SetConfig)
    TIM_ITRx_SetConfig                       0x080020b7   Thumb Code    18  stm32l1xx_hal_tim.o(i.TIM_ITRx_SetConfig)
    i.TIM_TI1_ConfigInputStage               0x080020c8   Section        0  stm32l1xx_hal_tim.o(i.TIM_TI1_ConfigInputStage)
    TIM_TI1_ConfigInputStage                 0x080020c9   Thumb Code    38  stm32l1xx_hal_tim.o(i.TIM_TI1_ConfigInputStage)
    i.TIM_TI2_ConfigInputStage               0x080020ee   Section        0  stm32l1xx_hal_tim.o(i.TIM_TI2_ConfigInputStage)
    TIM_TI2_ConfigInputStage                 0x080020ef   Thumb Code    40  stm32l1xx_hal_tim.o(i.TIM_TI2_ConfigInputStage)
    i.USER_LCD_Change_Setup                  0x08002118   Section        0  user_lcd_object.o(i.USER_LCD_Change_Setup)
    i.USER_LCD_Display_Running               0x0800214c   Section        0  user_lcd_object.o(i.USER_LCD_Display_Running)
    i.USER_LCD_Display_Running_OR_Setup      0x080021a0   Section        0  user_lcd_object.o(i.USER_LCD_Display_Running_OR_Setup)
    i.USER_LCD_Display_Setup                 0x080021c8   Section        0  user_lcd_object.o(i.USER_LCD_Display_Setup)
    i.USER_LCD_Display_Time                  0x0800221c   Section        0  user_lcd_object.o(i.USER_LCD_Display_Time)
    i.UintTime_To_CharTime_HH_MM_SS          0x0800223c   Section        0  user_lcd_object.o(i.UintTime_To_CharTime_HH_MM_SS)
    i.UintTime_To_CharTime_T1_T2_T3          0x0800226c   Section        0  user_lcd_object.o(i.UintTime_To_CharTime_T1_T2_T3)
    i.UsageFault_Handler                     0x0800229c   Section        0  stm32l1xx_it.o(i.UsageFault_Handler)
    i.Variable_To_Char                       0x080022a0   Section        0  user_lcd.o(i.Variable_To_Char)
    i.Variable_To_Char_Time                  0x080022e6   Section        0  user_lcd.o(i.Variable_To_Char_Time)
    i.__NVIC_GetPriorityGrouping             0x08002314   Section        0  stm32l1xx_hal_cortex.o(i.__NVIC_GetPriorityGrouping)
    __NVIC_GetPriorityGrouping               0x08002315   Thumb Code    10  stm32l1xx_hal_cortex.o(i.__NVIC_GetPriorityGrouping)
    i.__NVIC_SetPriority                     0x08002324   Section        0  stm32l1xx_hal_cortex.o(i.__NVIC_SetPriority)
    __NVIC_SetPriority                       0x08002325   Thumb Code    32  stm32l1xx_hal_cortex.o(i.__NVIC_SetPriority)
    i.__scatterload_copy                     0x0800234c   Section       14  handlers.o(i.__scatterload_copy)
    i.__scatterload_null                     0x0800235a   Section        2  handlers.o(i.__scatterload_null)
    i.__scatterload_zeroinit                 0x0800235c   Section       14  handlers.o(i.__scatterload_zeroinit)
    i.main                                   0x0800236c   Section        0  main.o(i.main)
    .constdata                               0x080024e4   Section       33  system_stm32l1xx.o(.constdata)
    .conststring                             0x08002508   Section       77  user_lcd_object.o(.conststring)
    .data                                    0x20000000   Section       24  main.o(.data)
    .data                                    0x20000018   Section      176  user_lcd_object.o(.data)
    .data                                    0x200000c8   Section       20  user_check_button.o(.data)
    .data                                    0x200000dc   Section       12  stm32l1xx_hal.o(.data)
    .data                                    0x200000e8   Section        4  system_stm32l1xx.o(.data)
    .data                                    0x200000ec   Section       12  check_button.o(.data)
    .bss                                     0x200000f8   Section      148  main.o(.bss)
    STACK                                    0x20000190   Section     1024  startup_stm32l151xc.o(STACK)

    Global Symbols

    Symbol Name                              Value     Ov Type        Size  Object(Section)

    BuildAttributes$$THM_ISAv4$P$D$K$B$S$PE$A:L22UL41UL21$X:L11$S22US41US21$IEEE1$IW$USESV6$~STKCKD$USESV7$~SHL$OSPACE$EBA8$MICROLIB$REQ8$PRES8$EABIv2 0x00000000   Number         0  anon$$obj.o ABSOLUTE
    __ARM_use_no_argv                        0x00000000   Number         0  main.o ABSOLUTE
    __cpp_initialize__aeabi_                  - Undefined Weak Reference
    __cxa_finalize                            - Undefined Weak Reference
    __decompress                              - Undefined Weak Reference
    _clock_init                               - Undefined Weak Reference
    _microlib_exit                            - Undefined Weak Reference
    __Vectors_Size                           0x00000124   Number         0  startup_stm32l151xc.o ABSOLUTE
    __Vectors                                0x08000000   Data           4  startup_stm32l151xc.o(RESET)
    __Vectors_End                            0x08000124   Data           0  startup_stm32l151xc.o(RESET)
    __main                                   0x08000125   Thumb Code     0  entry.o(.ARM.Collect$$$$00000000)
    _main_stk                                0x08000125   Thumb Code     0  entry2.o(.ARM.Collect$$$$00000001)
    _main_scatterload                        0x08000129   Thumb Code     0  entry5.o(.ARM.Collect$$$$00000004)
    __main_after_scatterload                 0x0800012d   Thumb Code     0  entry5.o(.ARM.Collect$$$$00000004)
    _main_clock                              0x0800012d   Thumb Code     0  entry7b.o(.ARM.Collect$$$$00000008)
    _main_cpp_init                           0x0800012d   Thumb Code     0  entry8b.o(.ARM.Collect$$$$0000000A)
    _main_init                               0x0800012d   Thumb Code     0  entry9a.o(.ARM.Collect$$$$0000000B)
    __rt_final_cpp                           0x08000135   Thumb Code     0  entry10a.o(.ARM.Collect$$$$0000000D)
    __rt_final_exit                          0x08000135   Thumb Code     0  entry11a.o(.ARM.Collect$$$$0000000F)
    Reset_Handler                            0x08000139   Thumb Code     8  startup_stm32l151xc.o(.text)
    ADC1_IRQHandler                          0x08000153   Thumb Code     0  startup_stm32l151xc.o(.text)
    COMP_ACQ_IRQHandler                      0x08000153   Thumb Code     0  startup_stm32l151xc.o(.text)
    COMP_IRQHandler                          0x08000153   Thumb Code     0  startup_stm32l151xc.o(.text)
    DAC_IRQHandler                           0x08000153   Thumb Code     0  startup_stm32l151xc.o(.text)
    DMA1_Channel1_IRQHandler                 0x08000153   Thumb Code     0  startup_stm32l151xc.o(.text)
    DMA1_Channel2_IRQHandler                 0x08000153   Thumb Code     0  startup_stm32l151xc.o(.text)
    DMA1_Channel3_IRQHandler                 0x08000153   Thumb Code     0  startup_stm32l151xc.o(.text)
    DMA1_Channel4_IRQHandler                 0x08000153   Thumb Code     0  startup_stm32l151xc.o(.text)
    DMA1_Channel5_IRQHandler                 0x08000153   Thumb Code     0  startup_stm32l151xc.o(.text)
    DMA1_Channel6_IRQHandler                 0x08000153   Thumb Code     0  startup_stm32l151xc.o(.text)
    DMA1_Channel7_IRQHandler                 0x08000153   Thumb Code     0  startup_stm32l151xc.o(.text)
    DMA2_Channel1_IRQHandler                 0x08000153   Thumb Code     0  startup_stm32l151xc.o(.text)
    DMA2_Channel2_IRQHandler                 0x08000153   Thumb Code     0  startup_stm32l151xc.o(.text)
    DMA2_Channel3_IRQHandler                 0x08000153   Thumb Code     0  startup_stm32l151xc.o(.text)
    DMA2_Channel4_IRQHandler                 0x08000153   Thumb Code     0  startup_stm32l151xc.o(.text)
    DMA2_Channel5_IRQHandler                 0x08000153   Thumb Code     0  startup_stm32l151xc.o(.text)
    EXTI0_IRQHandler                         0x08000153   Thumb Code     0  startup_stm32l151xc.o(.text)
    EXTI15_10_IRQHandler                     0x08000153   Thumb Code     0  startup_stm32l151xc.o(.text)
    EXTI1_IRQHandler                         0x08000153   Thumb Code     0  startup_stm32l151xc.o(.text)
    FLASH_IRQHandler                         0x08000153   Thumb Code     0  startup_stm32l151xc.o(.text)
    I2C1_ER_IRQHandler                       0x08000153   Thumb Code     0  startup_stm32l151xc.o(.text)
    I2C1_EV_IRQHandler                       0x08000153   Thumb Code     0  startup_stm32l151xc.o(.text)
    I2C2_ER_IRQHandler                       0x08000153   Thumb Code     0  startup_stm32l151xc.o(.text)
    I2C2_EV_IRQHandler                       0x08000153   Thumb Code     0  startup_stm32l151xc.o(.text)
    PVD_IRQHandler                           0x08000153   Thumb Code     0  startup_stm32l151xc.o(.text)
    RCC_IRQHandler                           0x08000153   Thumb Code     0  startup_stm32l151xc.o(.text)
    RTC_Alarm_IRQHandler                     0x08000153   Thumb Code     0  startup_stm32l151xc.o(.text)
    RTC_WKUP_IRQHandler                      0x08000153   Thumb Code     0  startup_stm32l151xc.o(.text)
    SPI1_IRQHandler                          0x08000153   Thumb Code     0  startup_stm32l151xc.o(.text)
    SPI2_IRQHandler                          0x08000153   Thumb Code     0  startup_stm32l151xc.o(.text)
    SPI3_IRQHandler                          0x08000153   Thumb Code     0  startup_stm32l151xc.o(.text)
    TAMPER_STAMP_IRQHandler                  0x08000153   Thumb Code     0  startup_stm32l151xc.o(.text)
    TIM10_IRQHandler                         0x08000153   Thumb Code     0  startup_stm32l151xc.o(.text)
    TIM11_IRQHandler                         0x08000153   Thumb Code     0  startup_stm32l151xc.o(.text)
    TIM3_IRQHandler                          0x08000153   Thumb Code     0  startup_stm32l151xc.o(.text)
    TIM4_IRQHandler                          0x08000153   Thumb Code     0  startup_stm32l151xc.o(.text)
    TIM5_IRQHandler                          0x08000153   Thumb Code     0  startup_stm32l151xc.o(.text)
    TIM6_IRQHandler                          0x08000153   Thumb Code     0  startup_stm32l151xc.o(.text)
    TIM7_IRQHandler                          0x08000153   Thumb Code     0  startup_stm32l151xc.o(.text)
    TIM9_IRQHandler                          0x08000153   Thumb Code     0  startup_stm32l151xc.o(.text)
    USART1_IRQHandler                        0x08000153   Thumb Code     0  startup_stm32l151xc.o(.text)
    USART2_IRQHandler                        0x08000153   Thumb Code     0  startup_stm32l151xc.o(.text)
    USART3_IRQHandler                        0x08000153   Thumb Code     0  startup_stm32l151xc.o(.text)
    USB_FS_WKUP_IRQHandler                   0x08000153   Thumb Code     0  startup_stm32l151xc.o(.text)
    USB_HP_IRQHandler                        0x08000153   Thumb Code     0  startup_stm32l151xc.o(.text)
    USB_LP_IRQHandler                        0x08000153   Thumb Code     0  startup_stm32l151xc.o(.text)
    WWDG_IRQHandler                          0x08000153   Thumb Code     0  startup_stm32l151xc.o(.text)
    __aeabi_memset                           0x0800015d   Thumb Code    14  memseta.o(.text)
    __aeabi_memset4                          0x0800015d   Thumb Code     0  memseta.o(.text)
    __aeabi_memset8                          0x0800015d   Thumb Code     0  memseta.o(.text)
    __aeabi_memclr                           0x0800016b   Thumb Code     4  memseta.o(.text)
    __aeabi_memclr4                          0x0800016b   Thumb Code     0  memseta.o(.text)
    __aeabi_memclr8                          0x0800016b   Thumb Code     0  memseta.o(.text)
    _memset$wrapper                          0x0800016f   Thumb Code    18  memseta.o(.text)
    __scatterload                            0x08000181   Thumb Code    28  init.o(.text)
    __scatterload_rt2                        0x08000181   Thumb Code     0  init.o(.text)
    BT_Check_Up_Down                         0x080001a5   Thumb Code    80  user_check_button.o(i.BT_Check_Up_Down)
    BT_Press_Click_Down                      0x08000211   Thumb Code    24  check_button.o(i.BT_Press_Click_Down)
    BT_Press_Click_Up                        0x08000229   Thumb Code    18  check_button.o(i.BT_Press_Click_Up)
    BT_Press_Hold_Down                       0x0800023d   Thumb Code    70  check_button.o(i.BT_Press_Hold_Down)
    BT_Press_Hold_Up                         0x08000291   Thumb Code    64  check_button.o(i.BT_Press_Hold_Up)
    BusFault_Handler                         0x080002dd   Thumb Code     4  stm32l1xx_it.o(i.BusFault_Handler)
    CLCD_4BIT_Init                           0x080002e1   Thumb Code   228  clcd.o(i.CLCD_4BIT_Init)
    CLCD_SetCursor                           0x080003d1   Thumb Code    86  clcd.o(i.CLCD_SetCursor)
    CLCD_WriteChar                           0x080005e3   Thumb Code    40  clcd.o(i.CLCD_WriteChar)
    CLCD_WriteString                         0x0800060b   Thumb Code    26  clcd.o(i.CLCD_WriteString)
    Check_BT_Callback                        0x08000625   Thumb Code    60  main.o(i.Check_BT_Callback)
    Check_BT_DOWN                            0x08000679   Thumb Code    48  user_check_button.o(i.Check_BT_DOWN)
    Check_BT_ENTER                           0x080006b1   Thumb Code   128  user_check_button.o(i.Check_BT_ENTER)
    Check_BT_ESC                             0x08000749   Thumb Code   108  user_check_button.o(i.Check_BT_ESC)
    Check_BT_UP                              0x080007cd   Thumb Code    48  user_check_button.o(i.Check_BT_UP)
    Check_Test                               0x08000805   Thumb Code    64  main.o(i.Check_Test)
    DebugMon_Handler                         0x08000859   Thumb Code     2  stm32l1xx_it.o(i.DebugMon_Handler)
    EXTI2_IRQHandler                         0x0800085b   Thumb Code    10  stm32l1xx_it.o(i.EXTI2_IRQHandler)
    EXTI3_IRQHandler                         0x08000865   Thumb Code    10  stm32l1xx_it.o(i.EXTI3_IRQHandler)
    EXTI4_IRQHandler                         0x0800086f   Thumb Code    10  stm32l1xx_it.o(i.EXTI4_IRQHandler)
    EXTI9_5_IRQHandler                       0x08000879   Thumb Code    10  stm32l1xx_it.o(i.EXTI9_5_IRQHandler)
    Error_Handler                            0x08000883   Thumb Code     2  main.o(i.Error_Handler)
    GET_SYSTICK_MS                           0x08000885   Thumb Code    32  check_button.o(i.GET_SYSTICK_MS)
    HAL_Delay                                0x080008ad   Thumb Code    36  stm32l1xx_hal.o(i.HAL_Delay)
    HAL_GPIO_EXTI_Callback                   0x080008d5   Thumb Code     2  stm32l1xx_hal_gpio.o(i.HAL_GPIO_EXTI_Callback)
    HAL_GPIO_EXTI_IRQHandler                 0x080008d9   Thumb Code    24  stm32l1xx_hal_gpio.o(i.HAL_GPIO_EXTI_IRQHandler)
    HAL_GPIO_Init                            0x080008f5   Thumb Code   430  stm32l1xx_hal_gpio.o(i.HAL_GPIO_Init)
    HAL_GPIO_ReadPin                         0x08000ac5   Thumb Code    16  stm32l1xx_hal_gpio.o(i.HAL_GPIO_ReadPin)
    HAL_GPIO_WritePin                        0x08000ad5   Thumb Code    12  stm32l1xx_hal_gpio.o(i.HAL_GPIO_WritePin)
    HAL_GetTick                              0x08000ae1   Thumb Code     6  stm32l1xx_hal.o(i.HAL_GetTick)
    HAL_IncTick                              0x08000aed   Thumb Code    16  stm32l1xx_hal.o(i.HAL_IncTick)
    HAL_Init                                 0x08000b05   Thumb Code    30  stm32l1xx_hal.o(i.HAL_Init)
    HAL_InitTick                             0x08000b25   Thumb Code    74  stm32l1xx_hal.o(i.HAL_InitTick)
    HAL_MspInit                              0x08000b7d   Thumb Code    88  stm32l1xx_hal_msp.o(i.HAL_MspInit)
    HAL_NVIC_EnableIRQ                       0x08000bd9   Thumb Code    32  stm32l1xx_hal_cortex.o(i.HAL_NVIC_EnableIRQ)
    HAL_NVIC_SetPriority                     0x08000bf9   Thumb Code   124  stm32l1xx_hal_cortex.o(i.HAL_NVIC_SetPriority)
    HAL_NVIC_SetPriorityGrouping             0x08000c75   Thumb Code    32  stm32l1xx_hal_cortex.o(i.HAL_NVIC_SetPriorityGrouping)
    HAL_RCC_ClockConfig                      0x08000c9d   Thumb Code   522  stm32l1xx_hal_rcc.o(i.HAL_RCC_ClockConfig)
    HAL_RCC_GetSysClockFreq                  0x08000ebd   Thumb Code   106  stm32l1xx_hal_rcc.o(i.HAL_RCC_GetSysClockFreq)
    HAL_RCC_OscConfig                        0x08000f39   Thumb Code  1480  stm32l1xx_hal_rcc.o(i.HAL_RCC_OscConfig)
    HAL_SYSTICK_Callback                     0x08001509   Thumb Code    66  check_button.o(i.HAL_SYSTICK_Callback)
    HAL_SYSTICK_Config                       0x0800155d   Thumb Code    52  stm32l1xx_hal_cortex.o(i.HAL_SYSTICK_Config)
    HAL_SYSTICK_IRQHandler                   0x08001591   Thumb Code     8  stm32l1xx_hal_cortex.o(i.HAL_SYSTICK_IRQHandler)
    HAL_TIMEx_MasterConfigSynchronization    0x08001599   Thumb Code    84  stm32l1xx_hal_tim_ex.o(i.HAL_TIMEx_MasterConfigSynchronization)
    HAL_TIM_Base_Init                        0x080015ed   Thumb Code    52  stm32l1xx_hal_tim.o(i.HAL_TIM_Base_Init)
    HAL_TIM_Base_MspInit                     0x08001621   Thumb Code    58  stm32l1xx_hal_msp.o(i.HAL_TIM_Base_MspInit)
    HAL_TIM_Base_Start_IT                    0x08001661   Thumb Code    42  stm32l1xx_hal_tim.o(i.HAL_TIM_Base_Start_IT)
    HAL_TIM_ConfigClockSource                0x0800168b   Thumb Code   264  stm32l1xx_hal_tim.o(i.HAL_TIM_ConfigClockSource)
    HAL_TIM_IC_CaptureCallback               0x08001793   Thumb Code     2  stm32l1xx_hal_tim.o(i.HAL_TIM_IC_CaptureCallback)
    HAL_TIM_IRQHandler                       0x08001795   Thumb Code   338  stm32l1xx_hal_tim.o(i.HAL_TIM_IRQHandler)
    HAL_TIM_OC_DelayElapsedCallback          0x080018e7   Thumb Code     2  stm32l1xx_hal_tim.o(i.HAL_TIM_OC_DelayElapsedCallback)
    HAL_TIM_PWM_PulseFinishedCallback        0x080018e9   Thumb Code     2  stm32l1xx_hal_tim.o(i.HAL_TIM_PWM_PulseFinishedCallback)
    HAL_TIM_PeriodElapsedCallback            0x080018ed   Thumb Code    12  main.o(i.HAL_TIM_PeriodElapsedCallback)
    HAL_TIM_TriggerCallback                  0x080018fd   Thumb Code     2  stm32l1xx_hal_tim.o(i.HAL_TIM_TriggerCallback)
    HardFault_Handler                        0x080018ff   Thumb Code     4  stm32l1xx_it.o(i.HardFault_Handler)
    LCD_Change_State_Setup_T1_T2_T3          0x08001905   Thumb Code    58  user_lcd_object.o(i.LCD_Change_State_Setup_T1_T2_T3)
    LCD_Change_State_Time_HH_MM_SS           0x08001959   Thumb Code    94  user_lcd_object.o(i.LCD_Change_State_Time_HH_MM_SS)
    LCD_Display_Esc                          0x080019d1   Thumb Code    84  lcd_object.o(i.LCD_Display_Esc)
    LCD_Display_Running_OR_Setup             0x08001a25   Thumb Code    32  lcd_object.o(i.LCD_Display_Running_OR_Setup)
    LCD_Display_Time                         0x08001a45   Thumb Code    70  lcd_object.o(i.LCD_Display_Time)
    LCD_Display_Time1_Time2_Time3            0x08001a8b   Thumb Code    84  lcd_object.o(i.LCD_Display_Time1_Time2_Time3)
    LCD_Send_Data                            0x08001adf   Thumb Code    26  lcd_object.o(i.LCD_Send_Data)
    MemManage_Handler                        0x08001c89   Thumb Code     4  stm32l1xx_it.o(i.MemManage_Handler)
    NMI_Handler                              0x08001c8d   Thumb Code     2  stm32l1xx_it.o(i.NMI_Handler)
    PendSV_Handler                           0x08001c8f   Thumb Code     2  stm32l1xx_it.o(i.PendSV_Handler)
    Reset_Relay_Led                          0x08001d39   Thumb Code    50  relay_led.o(i.Reset_Relay_Led)
    Run_Feed_Shrimp                          0x08001d6d   Thumb Code   246  main.o(i.Run_Feed_Shrimp)
    SVC_Handler                              0x08001e81   Thumb Code     2  stm32l1xx_it.o(i.SVC_Handler)
    Set_Relay_Led                            0x08001e83   Thumb Code    50  relay_led.o(i.Set_Relay_Led)
    Set_Time                                 0x08001eb5   Thumb Code   106  main.o(i.Set_Time)
    SysTick_Handler                          0x08001f29   Thumb Code    12  stm32l1xx_it.o(i.SysTick_Handler)
    SystemClock_Config                       0x08001f35   Thumb Code    98  main.o(i.SystemClock_Config)
    SystemInit                               0x08001f9d   Thumb Code    82  system_stm32l1xx.o(i.SystemInit)
    TIM2_IRQHandler                          0x08002001   Thumb Code    10  stm32l1xx_it.o(i.TIM2_IRQHandler)
    USER_LCD_Change_Setup                    0x08002119   Thumb Code    28  user_lcd_object.o(i.USER_LCD_Change_Setup)
    USER_LCD_Display_Running                 0x0800214d   Thumb Code    50  user_lcd_object.o(i.USER_LCD_Display_Running)
    USER_LCD_Display_Running_OR_Setup        0x080021a1   Thumb Code    32  user_lcd_object.o(i.USER_LCD_Display_Running_OR_Setup)
    USER_LCD_Display_Setup                   0x080021c9   Thumb Code    50  user_lcd_object.o(i.USER_LCD_Display_Setup)
    USER_LCD_Display_Time                    0x0800221d   Thumb Code    18  user_lcd_object.o(i.USER_LCD_Display_Time)
    UintTime_To_CharTime_HH_MM_SS            0x0800223d   Thumb Code    34  user_lcd_object.o(i.UintTime_To_CharTime_HH_MM_SS)
    UintTime_To_CharTime_T1_T2_T3            0x0800226d   Thumb Code    34  user_lcd_object.o(i.UintTime_To_CharTime_T1_T2_T3)
    UsageFault_Handler                       0x0800229d   Thumb Code     4  stm32l1xx_it.o(i.UsageFault_Handler)
    Variable_To_Char                         0x080022a1   Thumb Code    70  user_lcd.o(i.Variable_To_Char)
    Variable_To_Char_Time                    0x080022e7   Thumb Code    46  user_lcd.o(i.Variable_To_Char_Time)
    __scatterload_copy                       0x0800234d   Thumb Code    14  handlers.o(i.__scatterload_copy)
    __scatterload_null                       0x0800235b   Thumb Code     2  handlers.o(i.__scatterload_null)
    __scatterload_zeroinit                   0x0800235d   Thumb Code    14  handlers.o(i.__scatterload_zeroinit)
    main                                     0x0800236d   Thumb Code   300  main.o(i.main)
    PLLMulTable                              0x080024e4   Data           9  system_stm32l1xx.o(.constdata)
    AHBPrescTable                            0x080024ed   Data          16  system_stm32l1xx.o(.constdata)
    APBPrescTable                            0x080024fd   Data           8  system_stm32l1xx.o(.constdata)
    Region$$Table$$Base                      0x08002558   Number         0  anon$$obj.o(Region$$Table)
    Region$$Table$$Limit                     0x08002578   Number         0  anon$$obj.o(Region$$Table)
    runTime                                  0x20000000   Data           4  main.o(.data)
    time1                                    0x20000004   Data           2  main.o(.data)
    time2                                    0x20000006   Data           2  main.o(.data)
    time3                                    0x20000008   Data           2  main.o(.data)
    State                                    0x2000000a   Data           2  main.o(.data)
    checkState                               0x2000000c   Data           2  main.o(.data)
    countState                               0x2000000e   Data           2  main.o(.data)
    setupCount                               0x20000010   Data           2  main.o(.data)
    hh                                       0x20000012   Data           2  main.o(.data)
    mm                                       0x20000014   Data           2  main.o(.data)
    ss                                       0x20000016   Data           2  main.o(.data)
    check_time1                              0x20000018   Data           2  user_lcd_object.o(.data)
    check_time2                              0x2000001a   Data           2  user_lcd_object.o(.data)
    check_time3                              0x2000001c   Data           2  user_lcd_object.o(.data)
    check_SS                                 0x20000020   Data           4  user_lcd_object.o(.data)
    check_MM                                 0x20000024   Data           2  user_lcd_object.o(.data)
    check_HH                                 0x20000026   Data           2  user_lcd_object.o(.data)
    HH                                       0x20000028   Data           3  user_lcd_object.o(.data)
    MM                                       0x2000002b   Data           3  user_lcd_object.o(.data)
    SS                                       0x2000002e   Data           3  user_lcd_object.o(.data)
    stamp_time1                              0x20000031   Data           6  user_lcd_object.o(.data)
    stamp_time2                              0x20000037   Data           6  user_lcd_object.o(.data)
    stamp_time3                              0x2000003d   Data           6  user_lcd_object.o(.data)
    LCD_Running                              0x20000044   Data          12  user_lcd_object.o(.data)
    LCD_Setup                                0x20000050   Data          12  user_lcd_object.o(.data)
    LCD_SetupT1                              0x2000005c   Data          12  user_lcd_object.o(.data)
    LCD_SetupT2                              0x20000068   Data          12  user_lcd_object.o(.data)
    LCD_SetupT3                              0x20000074   Data          12  user_lcd_object.o(.data)
    LCD_Time_HH                              0x20000080   Data          12  user_lcd_object.o(.data)
    LCD_Time_MM                              0x2000008c   Data          12  user_lcd_object.o(.data)
    LCD_Time_SS                              0x20000098   Data          12  user_lcd_object.o(.data)
    LCD_Time1                                0x200000a4   Data          12  user_lcd_object.o(.data)
    LCD_Time2                                0x200000b0   Data          12  user_lcd_object.o(.data)
    LCD_Time3                                0x200000bc   Data          12  user_lcd_object.o(.data)
    BT_enter                                 0x200000c8   Data           2  user_check_button.o(.data)
    BT_esc                                   0x200000ca   Data           2  user_check_button.o(.data)
    BT_up                                    0x200000cc   Data           2  user_check_button.o(.data)
    BT_down                                  0x200000ce   Data           2  user_check_button.o(.data)
    stampTime1                               0x200000d0   Data           2  user_check_button.o(.data)
    stampTime2                               0x200000d2   Data           2  user_check_button.o(.data)
    stampTime3                               0x200000d4   Data           2  user_check_button.o(.data)
    ptrStamp                                 0x200000d8   Data           4  user_check_button.o(.data)
    uwTick                                   0x200000dc   Data           4  stm32l1xx_hal.o(.data)
    uwTickPrio                               0x200000e0   Data           4  stm32l1xx_hal.o(.data)
    uwTickFreq                               0x200000e4   Data           4  stm32l1xx_hal.o(.data)
    SystemCoreClock                          0x200000e8   Data           4  system_stm32l1xx.o(.data)
    check_BT_run_up                          0x200000ec   Data           2  check_button.o(.data)
    check_BT_run_down                        0x200000ee   Data           2  check_button.o(.data)
    run_BT_time                              0x200000f0   Data           2  check_button.o(.data)
    run_BT_begin                             0x200000f2   Data           2  check_button.o(.data)
    SYSTICK_count_ms                         0x200000f4   Data           4  check_button.o(.data)
    LCD                                      0x200000f8   Data          88  main.o(.bss)
    htim2                                    0x20000150   Data          60  main.o(.bss)
    __initial_sp                             0x20000590   Data           0  startup_stm32l151xc.o(STACK)



==============================================================================

Memory Map of the image

  Image Entry point : 0x08000125

  Load Region LR_IROM1 (Base: 0x08000000, Size: 0x00002670, Max: 0x00040000, ABSOLUTE)

    Execution Region ER_IROM1 (Exec base: 0x08000000, Load base: 0x08000000, Size: 0x00002578, Max: 0x00040000, ABSOLUTE)

    Exec Addr    Load Addr    Size         Type   Attr      Idx    E Section Name        Object

    0x08000000   0x08000000   0x00000124   Data   RO            3    RESET               startup_stm32l151xc.o
    0x08000124   0x08000124   0x00000000   Code   RO         2740  * .ARM.Collect$$$$00000000  mc_w.l(entry.o)
    0x08000124   0x08000124   0x00000004   Code   RO         2745    .ARM.Collect$$$$00000001  mc_w.l(entry2.o)
    0x08000128   0x08000128   0x00000004   Code   RO         2748    .ARM.Collect$$$$00000004  mc_w.l(entry5.o)
    0x0800012c   0x0800012c   0x00000000   Code   RO         2750    .ARM.Collect$$$$00000008  mc_w.l(entry7b.o)
    0x0800012c   0x0800012c   0x00000000   Code   RO         2752    .ARM.Collect$$$$0000000A  mc_w.l(entry8b.o)
    0x0800012c   0x0800012c   0x00000008   Code   RO         2753    .ARM.Collect$$$$0000000B  mc_w.l(entry9a.o)
    0x08000134   0x08000134   0x00000000   Code   RO         2755    .ARM.Collect$$$$0000000D  mc_w.l(entry10a.o)
    0x08000134   0x08000134   0x00000000   Code   RO         2757    .ARM.Collect$$$$0000000F  mc_w.l(entry11a.o)
    0x08000134   0x08000134   0x00000004   Code   RO         2746    .ARM.Collect$$$$00002712  mc_w.l(entry2.o)
    0x08000138   0x08000138   0x00000024   Code   RO            4    .text               startup_stm32l151xc.o
    0x0800015c   0x0800015c   0x00000024   Code   RO         2743    .text               mc_w.l(memseta.o)
    0x08000180   0x08000180   0x00000024   Code   RO         2759    .text               mc_w.l(init.o)
    0x080001a4   0x080001a4   0x0000006c   Code   RO          436    i.BT_Check_Up_Down  user_check_button.o
    0x08000210   0x08000210   0x00000018   Code   RO         2489    i.BT_Press_Click_Down  check_button.o
    0x08000228   0x08000228   0x00000012   Code   RO         2490    i.BT_Press_Click_Up  check_button.o
    0x0800023a   0x0800023a   0x00000002   PAD
    0x0800023c   0x0800023c   0x00000054   Code   RO         2491    i.BT_Press_Hold_Down  check_button.o
    0x08000290   0x08000290   0x0000004c   Code   RO         2492    i.BT_Press_Hold_Up  check_button.o
    0x080002dc   0x080002dc   0x00000004   Code   RO          221    i.BusFault_Handler  stm32l1xx_it.o
    0x080002e0   0x080002e0   0x000000e4   Code   RO         2596    i.CLCD_4BIT_Init    clcd.o
    0x080003c4   0x080003c4   0x0000000c   Code   RO         2603    i.CLCD_Delay        clcd.o
    0x080003d0   0x080003d0   0x0000005c   Code   RO         2605    i.CLCD_SetCursor    clcd.o
    0x0800042c   0x0800042c   0x000000fc   Code   RO         2606    i.CLCD_Write4       clcd.o
    0x08000528   0x08000528   0x000000ba   Code   RO         2607    i.CLCD_Write8       clcd.o
    0x080005e2   0x080005e2   0x00000028   Code   RO         2608    i.CLCD_WriteChar    clcd.o
    0x0800060a   0x0800060a   0x0000001a   Code   RO         2609    i.CLCD_WriteString  clcd.o
    0x08000624   0x08000624   0x00000054   Code   RO           13    i.Check_BT_Callback  main.o
    0x08000678   0x08000678   0x00000038   Code   RO          437    i.Check_BT_DOWN     user_check_button.o
    0x080006b0   0x080006b0   0x00000098   Code   RO          438    i.Check_BT_ENTER    user_check_button.o
    0x08000748   0x08000748   0x00000084   Code   RO          439    i.Check_BT_ESC      user_check_button.o
    0x080007cc   0x080007cc   0x00000038   Code   RO          440    i.Check_BT_UP       user_check_button.o
    0x08000804   0x08000804   0x00000054   Code   RO           14    i.Check_Test        main.o
    0x08000858   0x08000858   0x00000002   Code   RO          222    i.DebugMon_Handler  stm32l1xx_it.o
    0x0800085a   0x0800085a   0x0000000a   Code   RO          223    i.EXTI2_IRQHandler  stm32l1xx_it.o
    0x08000864   0x08000864   0x0000000a   Code   RO          224    i.EXTI3_IRQHandler  stm32l1xx_it.o
    0x0800086e   0x0800086e   0x0000000a   Code   RO          225    i.EXTI4_IRQHandler  stm32l1xx_it.o
    0x08000878   0x08000878   0x0000000a   Code   RO          226    i.EXTI9_5_IRQHandler  stm32l1xx_it.o
    0x08000882   0x08000882   0x00000002   Code   RO           17    i.Error_Handler     main.o
    0x08000884   0x08000884   0x00000028   Code   RO         2493    i.GET_SYSTICK_MS    check_button.o
    0x080008ac   0x080008ac   0x00000028   Code   RO         1207    i.HAL_Delay         stm32l1xx_hal.o
    0x080008d4   0x080008d4   0x00000002   Code   RO         1903    i.HAL_GPIO_EXTI_Callback  stm32l1xx_hal_gpio.o
    0x080008d6   0x080008d6   0x00000002   PAD
    0x080008d8   0x080008d8   0x0000001c   Code   RO         1904    i.HAL_GPIO_EXTI_IRQHandler  stm32l1xx_hal_gpio.o
    0x080008f4   0x080008f4   0x000001d0   Code   RO         1905    i.HAL_GPIO_Init     stm32l1xx_hal_gpio.o
    0x08000ac4   0x08000ac4   0x00000010   Code   RO         1907    i.HAL_GPIO_ReadPin  stm32l1xx_hal_gpio.o
    0x08000ad4   0x08000ad4   0x0000000c   Code   RO         1909    i.HAL_GPIO_WritePin  stm32l1xx_hal_gpio.o
    0x08000ae0   0x08000ae0   0x0000000c   Code   RO         1211    i.HAL_GetTick       stm32l1xx_hal.o
    0x08000aec   0x08000aec   0x00000018   Code   RO         1217    i.HAL_IncTick       stm32l1xx_hal.o
    0x08000b04   0x08000b04   0x0000001e   Code   RO         1218    i.HAL_Init          stm32l1xx_hal.o
    0x08000b22   0x08000b22   0x00000002   PAD
    0x08000b24   0x08000b24   0x00000058   Code   RO         1219    i.HAL_InitTick      stm32l1xx_hal.o
    0x08000b7c   0x08000b7c   0x0000005c   Code   RO          324    i.HAL_MspInit       stm32l1xx_hal_msp.o
    0x08000bd8   0x08000bd8   0x00000020   Code   RO         2248    i.HAL_NVIC_EnableIRQ  stm32l1xx_hal_cortex.o
    0x08000bf8   0x08000bf8   0x0000007c   Code   RO         2254    i.HAL_NVIC_SetPriority  stm32l1xx_hal_cortex.o
    0x08000c74   0x08000c74   0x00000028   Code   RO         2255    i.HAL_NVIC_SetPriorityGrouping  stm32l1xx_hal_cortex.o
    0x08000c9c   0x08000c9c   0x00000220   Code   RO         1375    i.HAL_RCC_ClockConfig  stm32l1xx_hal_rcc.o
    0x08000ebc   0x08000ebc   0x0000007c   Code   RO         1384    i.HAL_RCC_GetSysClockFreq  stm32l1xx_hal_rcc.o
    0x08000f38   0x08000f38   0x000005d0   Code   RO         1387    i.HAL_RCC_OscConfig  stm32l1xx_hal_rcc.o
    0x08001508   0x08001508   0x00000054   Code   RO         2494    i.HAL_SYSTICK_Callback  check_button.o
    0x0800155c   0x0800155c   0x00000034   Code   RO         2259    i.HAL_SYSTICK_Config  stm32l1xx_hal_cortex.o
    0x08001590   0x08001590   0x00000008   Code   RO         2260    i.HAL_SYSTICK_IRQHandler  stm32l1xx_hal_cortex.o
    0x08001598   0x08001598   0x00000054   Code   RO         1170    i.HAL_TIMEx_MasterConfigSynchronization  stm32l1xx_hal_tim_ex.o
    0x080015ec   0x080015ec   0x00000034   Code   RO          489    i.HAL_TIM_Base_Init  stm32l1xx_hal_tim.o
    0x08001620   0x08001620   0x00000040   Code   RO          326    i.HAL_TIM_Base_MspInit  stm32l1xx_hal_msp.o
    0x08001660   0x08001660   0x0000002a   Code   RO          494    i.HAL_TIM_Base_Start_IT  stm32l1xx_hal_tim.o
    0x0800168a   0x0800168a   0x00000108   Code   RO          498    i.HAL_TIM_ConfigClockSource  stm32l1xx_hal_tim.o
    0x08001792   0x08001792   0x00000002   Code   RO          518    i.HAL_TIM_IC_CaptureCallback  stm32l1xx_hal_tim.o
    0x08001794   0x08001794   0x00000152   Code   RO          532    i.HAL_TIM_IRQHandler  stm32l1xx_hal_tim.o
    0x080018e6   0x080018e6   0x00000002   Code   RO          535    i.HAL_TIM_OC_DelayElapsedCallback  stm32l1xx_hal_tim.o
    0x080018e8   0x080018e8   0x00000002   Code   RO          562    i.HAL_TIM_PWM_PulseFinishedCallback  stm32l1xx_hal_tim.o
    0x080018ea   0x080018ea   0x00000002   PAD
    0x080018ec   0x080018ec   0x00000010   Code   RO           18    i.HAL_TIM_PeriodElapsedCallback  main.o
    0x080018fc   0x080018fc   0x00000002   Code   RO          575    i.HAL_TIM_TriggerCallback  stm32l1xx_hal_tim.o
    0x080018fe   0x080018fe   0x00000004   Code   RO          227    i.HardFault_Handler  stm32l1xx_it.o
    0x08001902   0x08001902   0x00000002   PAD
    0x08001904   0x08001904   0x00000054   Code   RO          360    i.LCD_Change_State_Setup_T1_T2_T3  user_lcd_object.o
    0x08001958   0x08001958   0x00000078   Code   RO          361    i.LCD_Change_State_Time_HH_MM_SS  user_lcd_object.o
    0x080019d0   0x080019d0   0x00000054   Code   RO         2695    i.LCD_Display_Esc   lcd_object.o
    0x08001a24   0x08001a24   0x00000020   Code   RO         2696    i.LCD_Display_Running_OR_Setup  lcd_object.o
    0x08001a44   0x08001a44   0x00000046   Code   RO         2697    i.LCD_Display_Time  lcd_object.o
    0x08001a8a   0x08001a8a   0x00000054   Code   RO         2698    i.LCD_Display_Time1_Time2_Time3  lcd_object.o
    0x08001ade   0x08001ade   0x0000001a   Code   RO         2699    i.LCD_Send_Data     lcd_object.o
    0x08001af8   0x08001af8   0x00000124   Code   RO           19    i.MX_GPIO_Init      main.o
    0x08001c1c   0x08001c1c   0x0000006c   Code   RO           20    i.MX_TIM2_Init      main.o
    0x08001c88   0x08001c88   0x00000004   Code   RO          228    i.MemManage_Handler  stm32l1xx_it.o
    0x08001c8c   0x08001c8c   0x00000002   Code   RO          229    i.NMI_Handler       stm32l1xx_it.o
    0x08001c8e   0x08001c8e   0x00000002   Code   RO          230    i.PendSV_Handler    stm32l1xx_it.o
    0x08001c90   0x08001c90   0x000000a8   Code   RO         1388    i.RCC_SetFlashLatencyFromMSIRange  stm32l1xx_hal_rcc.o
    0x08001d38   0x08001d38   0x00000032   Code   RO         2548    i.Reset_Relay_Led   relay_led.o
    0x08001d6a   0x08001d6a   0x00000002   PAD
    0x08001d6c   0x08001d6c   0x00000114   Code   RO           21    i.Run_Feed_Shrimp   main.o
    0x08001e80   0x08001e80   0x00000002   Code   RO          231    i.SVC_Handler       stm32l1xx_it.o
    0x08001e82   0x08001e82   0x00000032   Code   RO         2550    i.Set_Relay_Led     relay_led.o
    0x08001eb4   0x08001eb4   0x00000074   Code   RO           22    i.Set_Time          main.o
    0x08001f28   0x08001f28   0x0000000c   Code   RO          232    i.SysTick_Handler   stm32l1xx_it.o
    0x08001f34   0x08001f34   0x00000068   Code   RO           23    i.SystemClock_Config  main.o
    0x08001f9c   0x08001f9c   0x00000064   Code   RO         2384    i.SystemInit        system_stm32l1xx.o
    0x08002000   0x08002000   0x00000010   Code   RO          233    i.TIM2_IRQHandler   stm32l1xx_it.o
    0x08002010   0x08002010   0x00000090   Code   RO          577    i.TIM_Base_SetConfig  stm32l1xx_hal_tim.o
    0x080020a0   0x080020a0   0x00000016   Code   RO          588    i.TIM_ETR_SetConfig  stm32l1xx_hal_tim.o
    0x080020b6   0x080020b6   0x00000012   Code   RO          589    i.TIM_ITRx_SetConfig  stm32l1xx_hal_tim.o
    0x080020c8   0x080020c8   0x00000026   Code   RO          595    i.TIM_TI1_ConfigInputStage  stm32l1xx_hal_tim.o
    0x080020ee   0x080020ee   0x00000028   Code   RO          597    i.TIM_TI2_ConfigInputStage  stm32l1xx_hal_tim.o
    0x08002116   0x08002116   0x00000002   PAD
    0x08002118   0x08002118   0x00000034   Code   RO          362    i.USER_LCD_Change_Setup  user_lcd_object.o
    0x0800214c   0x0800214c   0x00000054   Code   RO          363    i.USER_LCD_Display_Running  user_lcd_object.o
    0x080021a0   0x080021a0   0x00000028   Code   RO          364    i.USER_LCD_Display_Running_OR_Setup  user_lcd_object.o
    0x080021c8   0x080021c8   0x00000054   Code   RO          365    i.USER_LCD_Display_Setup  user_lcd_object.o
    0x0800221c   0x0800221c   0x00000020   Code   RO          366    i.USER_LCD_Display_Time  user_lcd_object.o
    0x0800223c   0x0800223c   0x00000030   Code   RO          367    i.UintTime_To_CharTime_HH_MM_SS  user_lcd_object.o
    0x0800226c   0x0800226c   0x00000030   Code   RO          368    i.UintTime_To_CharTime_T1_T2_T3  user_lcd_object.o
    0x0800229c   0x0800229c   0x00000004   Code   RO          234    i.UsageFault_Handler  stm32l1xx_it.o
    0x080022a0   0x080022a0   0x00000046   Code   RO         2425    i.Variable_To_Char  user_lcd.o
    0x080022e6   0x080022e6   0x0000002e   Code   RO         2427    i.Variable_To_Char_Time  user_lcd.o
    0x08002314   0x08002314   0x00000010   Code   RO         2261    i.__NVIC_GetPriorityGrouping  stm32l1xx_hal_cortex.o
    0x08002324   0x08002324   0x00000028   Code   RO         2262    i.__NVIC_SetPriority  stm32l1xx_hal_cortex.o
    0x0800234c   0x0800234c   0x0000000e   Code   RO         2763    i.__scatterload_copy  mc_w.l(handlers.o)
    0x0800235a   0x0800235a   0x00000002   Code   RO         2764    i.__scatterload_null  mc_w.l(handlers.o)
    0x0800235c   0x0800235c   0x0000000e   Code   RO         2765    i.__scatterload_zeroinit  mc_w.l(handlers.o)
    0x0800236a   0x0800236a   0x00000002   PAD
    0x0800236c   0x0800236c   0x00000178   Code   RO           24    i.main              main.o
    0x080024e4   0x080024e4   0x00000021   Data   RO         2385    .constdata          system_stm32l1xx.o
    0x08002505   0x08002505   0x00000003   PAD
    0x08002508   0x08002508   0x0000004d   Data   RO          369    .conststring        user_lcd_object.o
    0x08002555   0x08002555   0x00000003   PAD
    0x08002558   0x08002558   0x00000020   Data   RO         2761    Region$$Table       anon$$obj.o


    Execution Region RW_IRAM1 (Exec base: 0x20000000, Load base: 0x08002578, Size: 0x00000590, Max: 0x00008000, ABSOLUTE)

    Exec Addr    Load Addr    Size         Type   Attr      Idx    E Section Name        Object

    0x20000000   0x08002578   0x00000018   Data   RW           26    .data               main.o
    0x20000018   0x08002590   0x000000b0   Data   RW          370    .data               user_lcd_object.o
    0x200000c8   0x08002640   0x00000014   Data   RW          441    .data               user_check_button.o
    0x200000dc   0x08002654   0x0000000c   Data   RW         1225    .data               stm32l1xx_hal.o
    0x200000e8   0x08002660   0x00000004   Data   RW         2386    .data               system_stm32l1xx.o
    0x200000ec   0x08002664   0x0000000c   Data   RW         2496    .data               check_button.o
    0x200000f8        -       0x00000094   Zero   RW           25    .bss                main.o
    0x2000018c   0x08002670   0x00000004   PAD
    0x20000190        -       0x00000400   Zero   RW            1    STACK               startup_stm32l151xc.o


==============================================================================

Image component sizes


      Code (inc. data)   RO Data    RW Data    ZI Data      Debug   Object Name

       326         52          0         12          0       4372   check_button.o
       836          6          0          0          0       5214   clcd.o
       296          0          0          0          0       3892   lcd_object.o
      1458        196          0         24        148     394136   main.o
       100          0          0          0          0       1834   relay_led.o
        36          8        292          0       1024        788   startup_stm32l151xc.o
       194         32          0         12          0       3749   stm32l1xx_hal.o
       312         22          0          0          0      31524   stm32l1xx_hal_cortex.o
       522         38          0          0          0       3903   stm32l1xx_hal_gpio.o
       156         10          0          0          0       1381   stm32l1xx_hal_msp.o
      2324         88          0          0          0       4952   stm32l1xx_hal_rcc.o
       966         26          0          0          0       8722   stm32l1xx_hal_tim.o
        84          0          0          0          0       1200   stm32l1xx_hal_tim_ex.o
        92          6          0          0          0       5886   stm32l1xx_it.o
       100         18         33          4          0       1155   system_stm32l1xx.o
       504         92          0         20          0       3663   user_check_button.o
       116          0          0          0          0       1255   user_lcd.o
       592        194         77        176          0       6513   user_lcd_object.o

    ----------------------------------------------------------------------
      9028        788        440        248       1176     484139   Object Totals
         0          0         32          0          0          0   (incl. Generated)
        14          0          6          0          4          0   (incl. Padding)

    ----------------------------------------------------------------------

      Code (inc. data)   RO Data    RW Data    ZI Data      Debug   Library Member Name

         0          0          0          0          0          0   entry.o
         0          0          0          0          0          0   entry10a.o
         0          0          0          0          0          0   entry11a.o
         8          4          0          0          0          0   entry2.o
         4          0          0          0          0          0   entry5.o
         0          0          0          0          0          0   entry7b.o
         0          0          0          0          0          0   entry8b.o
         8          4          0          0          0          0   entry9a.o
        30          0          0          0          0          0   handlers.o
        36          8          0          0          0         68   init.o
        36          0          0          0          0        108   memseta.o

    ----------------------------------------------------------------------
       124         16          0          0          0        176   Library Totals
         2          0          0          0          0          0   (incl. Padding)

    ----------------------------------------------------------------------

      Code (inc. data)   RO Data    RW Data    ZI Data      Debug   Library Name

       122         16          0          0          0        176   mc_w.l

    ----------------------------------------------------------------------
       124         16          0          0          0        176   Library Totals

    ----------------------------------------------------------------------

==============================================================================


      Code (inc. data)   RO Data    RW Data    ZI Data      Debug   

      9152        804        440        248       1176     479631   Grand Totals
      9152        804        440        248       1176     479631   ELF Image Totals
      9152        804        440        248          0          0   ROM Totals

==============================================================================

    Total RO  Size (Code + RO Data)                 9592 (   9.37kB)
    Total RW  Size (RW Data + ZI Data)              1424 (   1.39kB)
    Total ROM Size (Code + RO Data + RW Data)       9840 (   9.61kB)

==============================================================================

