Component: ARM Compiler 5.06 update 6 (build 750) Tool: armlink [4d35ed]

==============================================================================

Section Cross References

    startup_stm32l151xc.o(RESET) refers to startup_stm32l151xc.o(STACK) for __initial_sp
    startup_stm32l151xc.o(RESET) refers to startup_stm32l151xc.o(.text) for Reset_Handler
    startup_stm32l151xc.o(RESET) refers to stm32l1xx_it.o(i.NMI_Handler) for NMI_Handler
    startup_stm32l151xc.o(RESET) refers to stm32l1xx_it.o(i.HardFault_Handler) for HardFault_Handler
    startup_stm32l151xc.o(RESET) refers to stm32l1xx_it.o(i.MemManage_Handler) for MemManage_Handler
    startup_stm32l151xc.o(RESET) refers to stm32l1xx_it.o(i.BusFault_Handler) for BusFault_Handler
    startup_stm32l151xc.o(RESET) refers to stm32l1xx_it.o(i.UsageFault_Handler) for UsageFault_Handler
    startup_stm32l151xc.o(RESET) refers to stm32l1xx_it.o(i.SVC_Handler) for SVC_Handler
    startup_stm32l151xc.o(RESET) refers to stm32l1xx_it.o(i.DebugMon_Handler) for DebugMon_Handler
    startup_stm32l151xc.o(RESET) refers to stm32l1xx_it.o(i.PendSV_Handler) for PendSV_Handler
    startup_stm32l151xc.o(RESET) refers to stm32l1xx_it.o(i.SysTick_Handler) for SysTick_Handler
    startup_stm32l151xc.o(RESET) refers to stm32l1xx_it.o(i.EXTI2_IRQHandler) for EXTI2_IRQHandler
    startup_stm32l151xc.o(RESET) refers to stm32l1xx_it.o(i.EXTI3_IRQHandler) for EXTI3_IRQHandler
    startup_stm32l151xc.o(RESET) refers to stm32l1xx_it.o(i.EXTI4_IRQHandler) for EXTI4_IRQHandler
    startup_stm32l151xc.o(RESET) refers to stm32l1xx_it.o(i.EXTI9_5_IRQHandler) for EXTI9_5_IRQHandler
    startup_stm32l151xc.o(RESET) refers to stm32l1xx_it.o(i.TIM2_IRQHandler) for TIM2_IRQHandler
    startup_stm32l151xc.o(.text) refers to system_stm32l1xx.o(i.SystemInit) for SystemInit
    startup_stm32l151xc.o(.text) refers to entry.o(.ARM.Collect$$$$00000000) for __main
    main.o(i.HAL_GPIO_EXTI_Callback) refers to main.o(i.check_test) for check_test
    main.o(i.HAL_GPIO_EXTI_Callback) refers to main.o(.data) for State
    main.o(i.HAL_TIM_PeriodElapsedCallback) refers to main.o(.data) for runTime
    main.o(i.MX_GPIO_Init) refers to memseta.o(.text) for __aeabi_memclr4
    main.o(i.MX_GPIO_Init) refers to stm32l1xx_hal_gpio.o(i.HAL_GPIO_WritePin) for HAL_GPIO_WritePin
    main.o(i.MX_GPIO_Init) refers to stm32l1xx_hal_gpio.o(i.HAL_GPIO_Init) for HAL_GPIO_Init
    main.o(i.MX_GPIO_Init) refers to stm32l1xx_hal_cortex.o(i.HAL_NVIC_SetPriority) for HAL_NVIC_SetPriority
    main.o(i.MX_GPIO_Init) refers to stm32l1xx_hal_cortex.o(i.HAL_NVIC_EnableIRQ) for HAL_NVIC_EnableIRQ
    main.o(i.MX_TIM2_Init) refers to stm32l1xx_hal_tim.o(i.HAL_TIM_Base_Init) for HAL_TIM_Base_Init
    main.o(i.MX_TIM2_Init) refers to main.o(i.Error_Handler) for Error_Handler
    main.o(i.MX_TIM2_Init) refers to stm32l1xx_hal_tim.o(i.HAL_TIM_ConfigClockSource) for HAL_TIM_ConfigClockSource
    main.o(i.MX_TIM2_Init) refers to stm32l1xx_hal_tim_ex.o(i.HAL_TIMEx_MasterConfigSynchronization) for HAL_TIMEx_MasterConfigSynchronization
    main.o(i.MX_TIM2_Init) refers to main.o(.bss) for htim2
    main.o(i.SystemClock_Config) refers to memseta.o(.text) for __aeabi_memclr4
    main.o(i.SystemClock_Config) refers to stm32l1xx_hal_rcc.o(i.HAL_RCC_OscConfig) for HAL_RCC_OscConfig
    main.o(i.SystemClock_Config) refers to main.o(i.Error_Handler) for Error_Handler
    main.o(i.SystemClock_Config) refers to stm32l1xx_hal_rcc.o(i.HAL_RCC_ClockConfig) for HAL_RCC_ClockConfig
    main.o(i.check_test) refers to relay_led.o(i.Reset_Relay_Led) for Reset_Relay_Led
    main.o(i.check_test) refers to main.o(.data) for State
    main.o(i.delay_1ms) refers to main.o(.bss) for htim2
    main.o(i.delay_s) refers to main.o(i.delay_1ms) for delay_1ms
    main.o(i.main) refers to stm32l1xx_hal.o(i.HAL_Init) for HAL_Init
    main.o(i.main) refers to main.o(i.SystemClock_Config) for SystemClock_Config
    main.o(i.main) refers to main.o(i.MX_GPIO_Init) for MX_GPIO_Init
    main.o(i.main) refers to main.o(i.MX_TIM2_Init) for MX_TIM2_Init
    main.o(i.main) refers to stm32l1xx_hal_tim.o(i.HAL_TIM_Base_Start_IT) for HAL_TIM_Base_Start_IT
    main.o(i.main) refers to clcd_1.o(i.CLCD_4BIT_Init) for CLCD_4BIT_Init
    main.o(i.main) refers to clcd_1.o(i.CLCD_SetCursor) for CLCD_SetCursor
    main.o(i.main) refers to clcd_1.o(i.CLCD_WriteString) for CLCD_WriteString
    main.o(i.main) refers to main.o(i.set_time) for set_time
    main.o(i.main) refers to main.o(i.run_Feed_Shrimp) for run_Feed_Shrimp
    main.o(i.main) refers to user_lcd.o(i.LCD_running_X1) for LCD_running_X1
    main.o(i.main) refers to user_lcd.o(i.LCD_running_X2) for LCD_running_X2
    main.o(i.main) refers to check_button.o(i.BT_Press_Click_Up) for BT_Press_Click_Up
    main.o(i.main) refers to check_button.o(i.BT_Press_Click_Down) for BT_Press_Click_Down
    main.o(i.main) refers to check_button.o(i.BT_Press_Hold_Up) for BT_Press_Hold_Up
[...]
    printf6.o(i.__0vprintf$6) refers to printf6.o(i._printf_core) for _printf_core
    printf6.o(i.__0vprintf$6) refers to fputc.o(i.fputc) for fputc
    printf6.o(i.__0vprintf$6) refers to stdout.o(.data) for __stdout
    printf6.o(i.__0vsnprintf$6) refers to printf6.o(i._printf_core) for _printf_core
    printf6.o(i.__0vsnprintf$6) refers to printf6.o(i._snputc) for _snputc
    printf6.o(i.__0vsprintf$6) refers to printf6.o(i._printf_core) for _printf_core
    printf6.o(i.__0vsprintf$6) refers to printf6.o(i._sputc) for _sputc
    printf6.o(i._printf_core) refers to printf6.o(i._printf_pre_padding) for _printf_pre_padding
    printf6.o(i._printf_core) refers to uidiv.o(.text) for __aeabi_uidivmod
    printf6.o(i._printf_core) refers to printf6.o(i._printf_post_padding) for _printf_post_padding
    printf7.o(i.__0fprintf$7) refers to printf7.o(i._printf_core) for _printf_core
    printf7.o(i.__0fprintf$7) refers to fputc.o(i.fputc) for fputc
    printf7.o(i.__0printf$7) refers to printf7.o(i._printf_core) for _printf_core
    printf7.o(i.__0printf$7) refers to fputc.o(i.fputc) for fputc
    printf7.o(i.__0printf$7) refers to stdout.o(.data) for __stdout
    printf7.o(i.__0snprintf$7) refers to printf7.o(i._printf_core) for _printf_core
    printf7.o(i.__0snprintf$7) refers to printf7.o(i._snputc) for _snputc
    printf7.o(i.__0sprintf$7) refers to printf7.o(i._printf_core) for _printf_core
    printf7.o(i.__0sprintf$7) refers to printf7.o(i._sputc) for _sputc
    printf7.o(i.__0vfprintf$7) refers to printf7.o(i._printf_core) for _printf_core
    printf7.o(i.__0vfprintf$7) refers to fputc.o(i.fputc) for fputc
    printf7.o(i.__0vprintf$7) refers to printf7.o(i._printf_core) for _printf_core
    printf7.o(i.__0vprintf$7) refers to fputc.o(i.fputc) for fputc
    printf7.o(i.__0vprintf$7) refers to stdout.o(.data) for __stdout
    printf7.o(i.__0vsnprintf$7) refers to printf7.o(i._printf_core) for _printf_core
    printf7.o(i.__0vsnprintf$7) refers to printf7.o(i._snputc) for _snputc
    printf7.o(i.__0vsprintf$7) refers to printf7.o(i._printf_core) for _printf_core
    printf7.o(i.__0vsprintf$7) refers to printf7.o(i._sputc) for _sputc
    printf7.o(i._printf_core) refers to printf7.o(i._printf_pre_padding) for _printf_pre_padding
    printf7.o(i._printf_core) refers to uldiv.o(.text) for __aeabi_uldivmod
    printf7.o(i._printf_core) refers to printf7.o(i._printf_post_padding) for _printf_post_padding
    printf8.o(i.__0fprintf$8) refers to printf8.o(i._printf_core) for _printf_core
    printf8.o(i.__0fprintf$8) refers to fputc.o(i.fputc) for fputc
    printf8.o(i.__0printf$8) refers to printf8.o(i._printf_core) for _printf_core
    printf8.o(i.__0printf$8) refers to fputc.o(i.fputc) for fputc
    printf8.o(i.__0printf$8) refers to stdout.o(.data) for __stdout
    printf8.o(i.__0snprintf$8) refers to printf8.o(i._printf_core) for _printf_core
    printf8.o(i.__0snprintf$8) refers to printf8.o(i._snputc) for _snputc
    printf8.o(i.__0sprintf$8) refers to printf8.o(i._printf_core) for _printf_core
    printf8.o(i.__0sprintf$8) refers to printf8.o(i._sputc) for _sputc
    printf8.o(i.__0vfprintf$8) refers to printf8.o(i._printf_core) for _printf_core
    printf8.o(i.__0vfprintf$8) refers to fputc.o(i.fputc) for fputc
    printf8.o(i.__0vprintf$8) refers to printf8.o(i._printf_core) for _printf_core
    printf8.o(i.__0vprintf$8) refers to fputc.o(i.fputc) for fputc
    printf8.o(i.__0vprintf$8) refers to stdout.o(.data) for __stdout
    printf8.o(i.__0vsnprintf$8) refers to printf8.o(i._printf_core) for _printf_core
    printf8.o(i.__0vsnprintf$8) refers to printf8.o(i._snputc) for _snputc
    printf8.o(i.__0vsprintf$8) refers to printf8.o(i._printf_core) for _printf_core
    printf8.o(i.__0vsprintf$8) refers to printf8.o(i._sputc) for _sputc
    printf8.o(i._printf_core) refers to printf8.o(i._printf_pre_padding) for _printf_pre_padding
    printf8.o(i._printf_core) refers to uldiv.o(.text) for __aeabi_uldivmod
    printf8.o(i._printf_core) refers to printf8.o(i._printf_post_padding) for _printf_post_padding
    printfa.o(i.__0fprintf) refers (Special) to iusefp.o(.text) for __I$use$fp
    printfa.o(i.__0fprintf) refers to printfa.o(i._printf_core) for _printf_core
    printfa.o(i.__0fprintf) refers to fputc.o(i.fputc) for fputc
    printfa.o(i.__0printf) refers (Special) to iusefp.o(.text) for __I$use$fp
    printfa.o(i.__0printf) refers to printfa.o(i._printf_core) for _printf_core
    printfa.o(i.__0printf) refers to fputc.o(i.fputc) for fputc
    printfa.o(i.__0printf) refers to stdout.o(.data) for __stdout
    printfa.o(i.__0snprintf) refers (Special) to iusefp.o(.text) for __I$use$fp
    printfa.o(i.__0snprintf) refers to printfa.o(i._printf_core) for _printf_core
    printfa.o(i.__0snprintf) refers to printfa.o(i._snputc) for _snputc
    printfa.o(i.__0sprintf) refers (Special) to iusefp.o(.text) for __I$use$fp
    printfa.o(i.__0sprintf) refers to printfa.o(i._printf_core) for _printf_core
    printfa.o(i.__0sprintf) refers to printfa.o(i._sputc) for _sputc
    printfa.o(i.__0vfprintf) refers (Special) to iusefp.o(.text) for __I$use$fp
    printfa.o(i.__0vfprintf) refers to printfa.o(i._printf_core) for _printf_core
    printfa.o(i.__0vfprintf) refers to fputc.o(i.fputc) for fputc
    printfa.o(i.__0vprintf) refers (Special) to iusefp.o(.text) for __I$use$fp
    printfa.o(i.__0vprintf) refers to printfa.o(i._printf_core) for _printf_core
    printfa.o(i.__0vprintf) refers to fputc.o(i.fputc) for fputc
    printfa.o(i.__0vprintf) refers to stdout.o(.data) for __stdout
    printfa.o(i.__0vsnprintf) refers (Special) to iusefp.o(.text) for __I$use$fp
    printfa.o(i.__0vsnprintf) refers to printfa.o(i._printf_core) for _printf_core
    printfa.o(i.__0vsnprintf) refers to printfa.o(i._snputc) for _snputc
    printfa.o(i.__0vsprintf) refers (Special) to iusefp.o(.text) for __I$use$fp
    printfa.o(i.__0vsprintf) refers to printfa.o(i._printf_core) for _printf_core
    printfa.o(i.__0vsprintf) refers to printfa.o(i._sputc) for _sputc
    printfa.o(i._fp_digits) refers (Special) to iusefp.o(.text) for __I$use$fp
    printfa.o(i._fp_digits) refers to dmul.o(.text) for __aeabi_dmul
    printfa.o(i._fp_digits) refers to ddiv.o(.text) for __aeabi_ddiv
    printfa.o(i._fp_digits) refers to cdrcmple.o(.text) for __aeabi_cdrcmple
    printfa.o(i._fp_digits) refers to dadd.o(.text) for __aeabi_dadd
    printfa.o(i._fp_digits) refers to dfixul.o(.text) for __aeabi_d2ulz
    printfa.o(i._fp_digits) refers to uldiv.o(.text) for __aeabi_uldivmod
    printfa.o(i._printf_core) refers (Special) to iusefp.o(.text) for __I$use$fp
    printfa.o(i._printf_core) refers to printfa.o(i._printf_pre_padding) for _printf_pre_padding
    printfa.o(i._printf_core) refers to uldiv.o(.text) for __aeabi_uldivmod
    printfa.o(i._printf_core) refers to printfa.o(i._printf_post_padding) for _printf_post_padding
    printfa.o(i._printf_core) refers to printfa.o(i._fp_digits) for _fp_digits
    printfa.o(i._printf_core) refers to uidiv.o(.text) for __aeabi_uidivmod
    printfa.o(i._printf_post_padding) refers (Special) to iusefp.o(.text) for __I$use$fp
    printfa.o(i._printf_pre_padding) refers (Special) to iusefp.o(.text) for __I$use$fp
    printfa.o(i._snputc) refers (Special) to iusefp.o(.text) for __I$use$fp
    printfa.o(i._sputc) refers (Special) to iusefp.o(.text) for __I$use$fp
    entry2.o(.ARM.Collect$$$$00000001) refers to entry2.o(.ARM.Collect$$$$00002712) for __lit__00000000
    entry2.o(.ARM.Collect$$$$00002712) refers to startup_stm32l151xc.o(STACK) for __initial_sp
    entry2.o(__vectab_stack_and_reset_area) refers to startup_stm32l151xc.o(STACK) for __initial_sp
    entry2.o(__vectab_stack_and_reset_area) refers to entry.o(.ARM.Collect$$$$00000000) for __main
    entry5.o(.ARM.Collect$$$$00000004) refers to init.o(.text) for __scatterload
    entry9a.o(.ARM.Collect$$$$0000000B) refers to main.o(i.main) for main
    entry9b.o(.ARM.Collect$$$$0000000C) refers to main.o(i.main) for main
    fputc.o(i.fputc) refers (Special) to iusesemip.o(.text) for __I$use$semihosting$fputc
    fputc.o(i.fputc) refers (Special) to semi.o(.text) for __semihosting_library_function
    uldiv.o(.text) refers to llushr.o(.text) for __aeabi_llsr
    uldiv.o(.text) refers to llshl.o(.text) for __aeabi_llsl
    dadd.o(.text) refers to llshl.o(.text) for __aeabi_llsl
    dadd.o(.text) refers to llsshr.o(.text) for __aeabi_lasr
    dadd.o(.text) refers to depilogue.o(.text) for _double_epilogue
    dmul.o(.text) refers to depilogue.o(.text) for _double_epilogue
    ddiv.o(.text) refers to depilogue.o(.text) for _double_round
    dfixul.o(.text) refers to llushr.o(.text) for __aeabi_llsr
    dfixul.o(.text) refers to llshl.o(.text) for __aeabi_llsl
    init.o(.text) refers to entry5.o(.ARM.Collect$$$$00000004) for __main_after_scatterload
    depilogue.o(.text) refers to llshl.o(.text) for __aeabi_llsl
    depilogue.o(.text) refers to llushr.o(.text) for __aeabi_llsr


==============================================================================

Removing Unused input sections from the image.

    Removing startup_stm32l151xc.o(HEAP), (512 bytes).
    Removing main.o(.rev16_text), (4 bytes).
    Removing main.o(.revsh_text), (4 bytes).
    Removing main.o(.rrx_text), (6 bytes).
    Removing main.o(i.delay_1ms), (28 bytes).
    Removing main.o(i.delay_s), (22 bytes).
    Removing stm32l1xx_it.o(.rev16_text), (4 bytes).
    Removing stm32l1xx_it.o(.revsh_text), (4 bytes).
    Removing stm32l1xx_it.o(.rrx_text), (6 bytes).
    Removing stm32l1xx_hal_msp.o(.rev16_text), (4 bytes).
    Removing stm32l1xx_hal_msp.o(.revsh_text), (4 bytes).
    Removing stm32l1xx_hal_msp.o(.rrx_text), (6 bytes).
    Removing stm32l1xx_hal_msp.o(i.HAL_TIM_Base_MspDeInit), (36 bytes).
    Removing stm32l1xx_hal_tim.o(.rev16_text), (4 bytes).
    Removing stm32l1xx_hal_tim.o(.revsh_text), (4 bytes).
    Removing stm32l1xx_hal_tim.o(.rrx_text), (6 bytes).
    Removing stm32l1xx_hal_tim.o(i.HAL_TIM_Base_DeInit), (60 bytes).
    Removing stm32l1xx_hal_tim.o(i.HAL_TIM_Base_GetState), (8 bytes).
    Removing stm32l1xx_hal_tim.o(i.HAL_TIM_Base_MspDeInit), (2 bytes).
    Removing stm32l1xx_hal_tim.o(i.HAL_TIM_Base_MspInit), (2 bytes).
    Removing stm32l1xx_hal_tim.o(i.HAL_TIM_Base_Start), (42 bytes).
    Removing stm32l1xx_hal_tim.o(i.HAL_TIM_Base_Start_DMA), (136 bytes).
    Removing stm32l1xx_hal_tim.o(i.HAL_TIM_Base_Stop), (46 bytes).
    Removing stm32l1xx_hal_tim.o(i.HAL_TIM_Base_Stop_DMA), (60 bytes).
    Removing stm32l1xx_hal_tim.o(i.HAL_TIM_Base_Stop_IT), (46 bytes).
    Removing stm32l1xx_hal_tim.o(i.HAL_TIM_ConfigOCrefClear), (306 bytes).
    Removing stm32l1xx_hal_tim.o(i.HAL_TIM_ConfigTI1Input), (22 bytes).
    Removing stm32l1xx_hal_tim.o(i.HAL_TIM_DMABurst_ReadStart), (428 bytes).
    Removing stm32l1xx_hal_tim.o(i.HAL_TIM_DMABurst_ReadStop), (130 bytes).
    Removing stm32l1xx_hal_tim.o(i.HAL_TIM_DMABurst_WriteStart), (428 bytes).
    Removing stm32l1xx_hal_tim.o(i.HAL_TIM_DMABurst_WriteStop), (130 bytes).
    Removing stm32l1xx_hal_tim.o(i.HAL_TIM_Encoder_DeInit), (60 bytes).
    Removing stm32l1xx_hal_tim.o(i.HAL_TIM_Encoder_GetState), (8 bytes).
    Removing stm32l1xx_hal_tim.o(i.HAL_TIM_Encoder_Init), (174 bytes).
    Removing stm32l1xx_hal_tim.o(i.HAL_TIM_Encoder_MspDeInit), (2 bytes).
    Removing stm32l1xx_hal_tim.o(i.HAL_TIM_Encoder_MspInit), (2 bytes).
    Removing stm32l1xx_hal_tim.o(i.HAL_TIM_Encoder_Start), (78 bytes).
    Removing stm32l1xx_hal_tim.o(i.HAL_TIM_Encoder_Start_DMA), (380 bytes).
    Removing stm32l1xx_hal_tim.o(i.HAL_TIM_Encoder_Start_IT), (126 bytes).
    Removing stm32l1xx_hal_tim.o(i.HAL_TIM_Encoder_Stop), (94 bytes).
    Removing stm32l1xx_hal_tim.o(i.HAL_TIM_Encoder_Stop_DMA), (166 bytes).
    Removing stm32l1xx_hal_tim.o(i.HAL_TIM_Encoder_Stop_IT), (142 bytes).
    Removing stm32l1xx_hal_tim.o(i.HAL_TIM_ErrorCallback), (2 bytes).
    Removing stm32l1xx_hal_tim.o(i.HAL_TIM_GenerateEvent), (54 bytes).
    Removing stm32l1xx_hal_tim.o(i.HAL_TIM_IC_CaptureHalfCpltCallback), (2 bytes).
    Removing stm32l1xx_hal_tim.o(i.HAL_TIM_IC_ConfigChannel), (224 bytes).
    Removing stm32l1xx_hal_tim.o(i.HAL_TIM_IC_DeInit), (60 bytes).
    Removing stm32l1xx_hal_tim.o(i.HAL_TIM_IC_GetState), (8 bytes).
    Removing stm32l1xx_hal_tim.o(i.HAL_TIM_IC_Init), (52 bytes).
    Removing stm32l1xx_hal_tim.o(i.HAL_TIM_IC_MspDeInit), (2 bytes).
    Removing stm32l1xx_hal_tim.o(i.HAL_TIM_IC_MspInit), (2 bytes).
    Removing stm32l1xx_hal_tim.o(i.HAL_TIM_IC_Start), (44 bytes).
    Removing stm32l1xx_hal_tim.o(i.HAL_TIM_IC_Start_DMA), (332 bytes).
    Removing stm32l1xx_hal_tim.o(i.HAL_TIM_IC_Start_IT), (120 bytes).
    Removing stm32l1xx_hal_tim.o(i.HAL_TIM_IC_Stop), (48 bytes).
    Removing stm32l1xx_hal_tim.o(i.HAL_TIM_IC_Stop_DMA), (154 bytes).
    Removing stm32l1xx_hal_tim.o(i.HAL_TIM_IC_Stop_IT), (124 bytes).
    Removing stm32l1xx_hal_tim.o(i.HAL_TIM_OC_ConfigChannel), (116 bytes).
    Removing stm32l1xx_hal_tim.o(i.HAL_TIM_OC_DeInit), (60 bytes).
    Removing stm32l1xx_hal_tim.o(i.HAL_TIM_OC_GetState), (8 bytes).
    Removing stm32l1xx_hal_tim.o(i.HAL_TIM_OC_Init), (52 bytes).
    Removing stm32l1xx_hal_tim.o(i.HAL_TIM_OC_MspDeInit), (2 bytes).
    Removing stm32l1xx_hal_tim.o(i.HAL_TIM_OC_MspInit), (2 bytes).
    Removing stm32l1xx_hal_tim.o(i.HAL_TIM_OC_Start), (44 bytes).
    Removing stm32l1xx_hal_tim.o(i.HAL_TIM_OC_Start_DMA), (332 bytes).
    Removing stm32l1xx_hal_tim.o(i.HAL_TIM_OC_Start_IT), (120 bytes).
    Removing stm32l1xx_hal_tim.o(i.HAL_TIM_OC_Stop), (48 bytes).
    Removing stm32l1xx_hal_tim.o(i.HAL_TIM_OC_Stop_DMA), (154 bytes).
    Removing stm32l1xx_hal_tim.o(i.HAL_TIM_OC_Stop_IT), (124 bytes).
    Removing stm32l1xx_hal_tim.o(i.HAL_TIM_OnePulse_ConfigChannel), (276 bytes).
    Removing stm32l1xx_hal_tim.o(i.HAL_TIM_OnePulse_DeInit), (60 bytes).
    Removing stm32l1xx_hal_tim.o(i.HAL_TIM_OnePulse_GetState), (8 bytes).
    Removing stm32l1xx_hal_tim.o(i.HAL_TIM_OnePulse_Init), (76 bytes).
    Removing stm32l1xx_hal_tim.o(i.HAL_TIM_OnePulse_MspDeInit), (2 bytes).
    Removing stm32l1xx_hal_tim.o(i.HAL_TIM_OnePulse_MspInit), (2 bytes).
    Removing stm32l1xx_hal_tim.o(i.HAL_TIM_OnePulse_Start), (30 bytes).
    Removing stm32l1xx_hal_tim.o(i.HAL_TIM_OnePulse_Start_IT), (54 bytes).
    Removing stm32l1xx_hal_tim.o(i.HAL_TIM_OnePulse_Stop), (58 bytes).
    Removing stm32l1xx_hal_tim.o(i.HAL_TIM_OnePulse_Stop_IT), (82 bytes).
    Removing stm32l1xx_hal_tim.o(i.HAL_TIM_PWM_ConfigChannel), (264 bytes).
    Removing stm32l1xx_hal_tim.o(i.HAL_TIM_PWM_DeInit), (60 bytes).
    Removing stm32l1xx_hal_tim.o(i.HAL_TIM_PWM_GetState), (8 bytes).
    Removing stm32l1xx_hal_tim.o(i.HAL_TIM_PWM_Init), (52 bytes).
    Removing stm32l1xx_hal_tim.o(i.HAL_TIM_PWM_MspDeInit), (2 bytes).
    Removing stm32l1xx_hal_tim.o(i.HAL_TIM_PWM_MspInit), (2 bytes).
    Removing stm32l1xx_hal_tim.o(i.HAL_TIM_PWM_PulseFinishedHalfCpltCallback), (2 bytes).
    Removing stm32l1xx_hal_tim.o(i.HAL_TIM_PWM_Start), (44 bytes).
    Removing stm32l1xx_hal_tim.o(i.HAL_TIM_PWM_Start_DMA), (332 bytes).
    Removing stm32l1xx_hal_tim.o(i.HAL_TIM_PWM_Start_IT), (120 bytes).
    Removing stm32l1xx_hal_tim.o(i.HAL_TIM_PWM_Stop), (54 bytes).
    Removing stm32l1xx_hal_tim.o(i.HAL_TIM_PWM_Stop_DMA), (154 bytes).
    Removing stm32l1xx_hal_tim.o(i.HAL_TIM_PWM_Stop_IT), (124 bytes).
    Removing stm32l1xx_hal_tim.o(i.HAL_TIM_PeriodElapsedCallback), (2 bytes).
    Removing stm32l1xx_hal_tim.o(i.HAL_TIM_PeriodElapsedHalfCpltCallback), (2 bytes).
    Removing stm32l1xx_hal_tim.o(i.HAL_TIM_ReadCapturedValue), (50 bytes).
    Removing stm32l1xx_hal_tim.o(i.HAL_TIM_SlaveConfigSynchro), (108 bytes).
    Removing stm32l1xx_hal_tim.o(i.HAL_TIM_SlaveConfigSynchro_IT), (108 bytes).
    Removing stm32l1xx_hal_tim.o(i.HAL_TIM_TriggerHalfCpltCallback), (2 bytes).
    Removing stm32l1xx_hal_tim.o(i.TIM_CCxChannelCmd), (34 bytes).
    Removing stm32l1xx_hal_tim.o(i.TIM_DMACaptureCplt), (70 bytes).
    Removing stm32l1xx_hal_tim.o(i.TIM_DMACaptureHalfCplt), (70 bytes).
    Removing stm32l1xx_hal_tim.o(i.TIM_DMADelayPulseCplt), (70 bytes).
    Removing stm32l1xx_hal_tim.o(i.TIM_DMADelayPulseHalfCplt), (70 bytes).
    Removing stm32l1xx_hal_tim.o(i.TIM_DMAError), (20 bytes).
    Removing stm32l1xx_hal_tim.o(i.TIM_DMAPeriodElapsedCplt), (20 bytes).
    Removing stm32l1xx_hal_tim.o(i.TIM_DMAPeriodElapsedHalfCplt), (20 bytes).
    Removing stm32l1xx_hal_tim.o(i.TIM_DMATriggerCplt), (20 bytes).
    Removing stm32l1xx_hal_tim.o(i.TIM_DMATriggerHalfCplt), (20 bytes).
    Removing stm32l1xx_hal_tim.o(i.TIM_OC1_SetConfig), (48 bytes).
    Removing stm32l1xx_hal_tim.o(i.TIM_OC2_SetConfig), (52 bytes).
    Removing stm32l1xx_hal_tim.o(i.TIM_OC3_SetConfig), (50 bytes).
    Removing stm32l1xx_hal_tim.o(i.TIM_OC4_SetConfig), (52 bytes).
    Removing stm32l1xx_hal_tim.o(i.TIM_SlaveTimer_SetConfig), (170 bytes).
    Removing stm32l1xx_hal_tim.o(i.TIM_TI1_SetConfig), (112 bytes).
    Removing stm32l1xx_hal_tim.o(i.TIM_TI2_SetConfig), (58 bytes).
    Removing stm32l1xx_hal_tim.o(i.TIM_TI3_SetConfig), (56 bytes).
    Removing stm32l1xx_hal_tim.o(i.TIM_TI4_SetConfig), (60 bytes).
    Removing stm32l1xx_hal_tim_ex.o(.rev16_text), (4 bytes).
    Removing stm32l1xx_hal_tim_ex.o(.revsh_text), (4 bytes).
    Removing stm32l1xx_hal_tim_ex.o(.rrx_text), (6 bytes).
    Removing stm32l1xx_hal_tim_ex.o(i.HAL_TIMEx_RemapConfig), (42 bytes).
    Removing stm32l1xx_hal.o(.rev16_text), (4 bytes).
    Removing stm32l1xx_hal.o(.revsh_text), (4 bytes).
    Removing stm32l1xx_hal.o(.rrx_text), (6 bytes).
    Removing stm32l1xx_hal.o(i.HAL_DBGMCU_DisableDBGSleepMode), (20 bytes).
    Removing stm32l1xx_hal.o(i.HAL_DBGMCU_DisableDBGStandbyMode), (20 bytes).
    Removing stm32l1xx_hal.o(i.HAL_DBGMCU_DisableDBGStopMode), (20 bytes).
    Removing stm32l1xx_hal.o(i.HAL_DBGMCU_EnableDBGSleepMode), (20 bytes).
    Removing stm32l1xx_hal.o(i.HAL_DBGMCU_EnableDBGStandbyMode), (20 bytes).
    Removing stm32l1xx_hal.o(i.HAL_DBGMCU_EnableDBGStopMode), (20 bytes).
    Removing stm32l1xx_hal.o(i.HAL_DeInit), (48 bytes).
    Removing stm32l1xx_hal.o(i.HAL_GetDEVID), (16 bytes).
    Removing stm32l1xx_hal.o(i.HAL_GetHalVersion), (6 bytes).
    Removing stm32l1xx_hal.o(i.HAL_GetREVID), (12 bytes).
    Removing stm32l1xx_hal.o(i.HAL_GetTickFreq), (12 bytes).
    Removing stm32l1xx_hal.o(i.HAL_GetTickPrio), (12 bytes).
    Removing stm32l1xx_hal.o(i.HAL_GetUIDw0), (12 bytes).
    Removing stm32l1xx_hal.o(i.HAL_GetUIDw1), (12 bytes).
    Removing stm32l1xx_hal.o(i.HAL_GetUIDw2), (12 bytes).
    Removing stm32l1xx_hal.o(i.HAL_MspDeInit), (2 bytes).
    Removing stm32l1xx_hal.o(i.HAL_MspInit), (2 bytes).
    Removing stm32l1xx_hal.o(i.HAL_ResumeTick), (18 bytes).
    Removing stm32l1xx_hal.o(i.HAL_SetTickFreq), (44 bytes).
    Removing stm32l1xx_hal.o(i.HAL_SuspendTick), (18 bytes).
    Removing stm32l1xx_hal_rcc.o(.rev16_text), (4 bytes).
    Removing stm32l1xx_hal_rcc.o(.revsh_text), (4 bytes).
    Removing stm32l1xx_hal_rcc.o(.rrx_text), (6 bytes).
    Removing stm32l1xx_hal_rcc.o(i.HAL_RCC_CSSCallback), (2 bytes).
    Removing stm32l1xx_hal_rcc.o(i.HAL_RCC_DeInit), (256 bytes).
    Removing stm32l1xx_hal_rcc.o(i.HAL_RCC_DisableCSS), (12 bytes).
    Removing stm32l1xx_hal_rcc.o(i.HAL_RCC_EnableCSS), (12 bytes).
    Removing stm32l1xx_hal_rcc.o(i.HAL_RCC_GetClockConfig), (68 bytes).
    Removing stm32l1xx_hal_rcc.o(i.HAL_RCC_GetHCLKFreq), (12 bytes).
    Removing stm32l1xx_hal_rcc.o(i.HAL_RCC_GetOscConfig), (264 bytes).
    Removing stm32l1xx_hal_rcc.o(i.HAL_RCC_GetPCLK1Freq), (32 bytes).
    Removing stm32l1xx_hal_rcc.o(i.HAL_RCC_GetPCLK2Freq), (32 bytes).
    Removing stm32l1xx_hal_rcc.o(i.HAL_RCC_MCOConfig), (100 bytes).
    Removing stm32l1xx_hal_rcc.o(i.HAL_RCC_NMI_IRQHandler), (32 bytes).
    Removing stm32l1xx_hal_rcc_ex.o(.rev16_text), (4 bytes).
    Removing stm32l1xx_hal_rcc_ex.o(.revsh_text), (4 bytes).
    Removing stm32l1xx_hal_rcc_ex.o(.rrx_text), (6 bytes).
    Removing stm32l1xx_hal_rcc_ex.o(i.HAL_RCCEx_DisableLSECSS), (28 bytes).
    Removing stm32l1xx_hal_rcc_ex.o(i.HAL_RCCEx_EnableLSECSS), (12 bytes).
    Removing stm32l1xx_hal_rcc_ex.o(i.HAL_RCCEx_EnableLSECSS_IT), (60 bytes).
    Removing stm32l1xx_hal_rcc_ex.o(i.HAL_RCCEx_GetPeriphCLKConfig), (44 bytes).
    Removing stm32l1xx_hal_rcc_ex.o(i.HAL_RCCEx_GetPeriphCLKFreq), (160 bytes).
    Removing stm32l1xx_hal_rcc_ex.o(i.HAL_RCCEx_LSECSS_Callback), (2 bytes).
    Removing stm32l1xx_hal_rcc_ex.o(i.HAL_RCCEx_LSECSS_IRQHandler), (32 bytes).
    Removing stm32l1xx_hal_rcc_ex.o(i.HAL_RCCEx_PeriphCLKConfig), (380 bytes).
    Removing stm32l1xx_hal_flash.o(.rev16_text), (4 bytes).
    Removing stm32l1xx_hal_flash.o(.revsh_text), (4 bytes).
    Removing stm32l1xx_hal_flash.o(.rrx_text), (6 bytes).
    Removing stm32l1xx_hal_flash.o(i.FLASH_SetErrorCode), (168 bytes).
    Removing stm32l1xx_hal_flash.o(i.FLASH_WaitForLastOperation), (148 bytes).
    Removing stm32l1xx_hal_flash.o(i.HAL_FLASH_EndOfOperationCallback), (2 bytes).
    Removing stm32l1xx_hal_flash.o(i.HAL_FLASH_GetError), (12 bytes).
    Removing stm32l1xx_hal_flash.o(i.HAL_FLASH_IRQHandler), (336 bytes).
    Removing stm32l1xx_hal_flash.o(i.HAL_FLASH_Lock), (20 bytes).
    Removing stm32l1xx_hal_flash.o(i.HAL_FLASH_OB_Launch), (28 bytes).
    Removing stm32l1xx_hal_flash.o(i.HAL_FLASH_OB_Lock), (20 bytes).
    Removing stm32l1xx_hal_flash.o(i.HAL_FLASH_OB_Unlock), (100 bytes).
    Removing stm32l1xx_hal_flash.o(i.HAL_FLASH_OperationErrorCallback), (2 bytes).
    Removing stm32l1xx_hal_flash.o(i.HAL_FLASH_Program), (84 bytes).
    Removing stm32l1xx_hal_flash.o(i.HAL_FLASH_Program_IT), (72 bytes).
    Removing stm32l1xx_hal_flash.o(i.HAL_FLASH_Unlock), (100 bytes).
    Removing stm32l1xx_hal_flash.o(.bss), (24 bytes).
    Removing stm32l1xx_hal_flash_ex.o(.rev16_text), (4 bytes).
    Removing stm32l1xx_hal_flash_ex.o(.revsh_text), (4 bytes).
    Removing stm32l1xx_hal_flash_ex.o(.rrx_text), (6 bytes).
    Removing stm32l1xx_hal_flash_ex.o(i.FLASH_DATAEEPROM_FastProgramByte), (52 bytes).
    Removing stm32l1xx_hal_flash_ex.o(i.FLASH_DATAEEPROM_FastProgramHalfWord), (52 bytes).
    Removing stm32l1xx_hal_flash_ex.o(i.FLASH_DATAEEPROM_FastProgramWord), (52 bytes).
    Removing stm32l1xx_hal_flash_ex.o(i.FLASH_DATAEEPROM_ProgramByte), (36 bytes).
    Removing stm32l1xx_hal_flash_ex.o(i.FLASH_DATAEEPROM_ProgramHalfWord), (36 bytes).
    Removing stm32l1xx_hal_flash_ex.o(i.FLASH_DATAEEPROM_ProgramWord), (36 bytes).
    Removing stm32l1xx_hal_flash_ex.o(i.FLASH_OB_BORConfig), (84 bytes).
    Removing stm32l1xx_hal_flash_ex.o(i.FLASH_OB_GetBOR), (16 bytes).
    Removing stm32l1xx_hal_flash_ex.o(i.FLASH_OB_GetRDP), (28 bytes).
    Removing stm32l1xx_hal_flash_ex.o(i.FLASH_OB_GetUser), (16 bytes).
    Removing stm32l1xx_hal_flash_ex.o(i.FLASH_OB_PCROPConfig), (80 bytes).
    Removing stm32l1xx_hal_flash_ex.o(i.FLASH_OB_RDPConfig), (104 bytes).
    Removing stm32l1xx_hal_flash_ex.o(i.FLASH_OB_UserConfig), (108 bytes).
    Removing stm32l1xx_hal_flash_ex.o(i.FLASH_OB_WRPConfig), (68 bytes).
    Removing stm32l1xx_hal_flash_ex.o(i.FLASH_OB_WRPConfigWRP1OrPCROP1), (100 bytes).
    Removing stm32l1xx_hal_flash_ex.o(i.FLASH_OB_WRPConfigWRP2OrPCROP2), (100 bytes).
    Removing stm32l1xx_hal_flash_ex.o(i.FLASH_PageErase), (48 bytes).
    Removing stm32l1xx_hal_flash_ex.o(i.HAL_FLASHEx_AdvOBGetConfig), (60 bytes).
    Removing stm32l1xx_hal_flash_ex.o(i.HAL_FLASHEx_AdvOBProgram), (56 bytes).
    Removing stm32l1xx_hal_flash_ex.o(i.HAL_FLASHEx_DATAEEPROM_DisableFixedTimeProgram), (20 bytes).
    Removing stm32l1xx_hal_flash_ex.o(i.HAL_FLASHEx_DATAEEPROM_EnableFixedTimeProgram), (20 bytes).
    Removing stm32l1xx_hal_flash_ex.o(i.HAL_FLASHEx_DATAEEPROM_Erase), (64 bytes).
    Removing stm32l1xx_hal_flash_ex.o(i.HAL_FLASHEx_DATAEEPROM_Lock), (20 bytes).
    Removing stm32l1xx_hal_flash_ex.o(i.HAL_FLASHEx_DATAEEPROM_Program), (168 bytes).
    Removing stm32l1xx_hal_flash_ex.o(i.HAL_FLASHEx_DATAEEPROM_Unlock), (44 bytes).
    Removing stm32l1xx_hal_flash_ex.o(i.HAL_FLASHEx_Erase), (144 bytes).
    Removing stm32l1xx_hal_flash_ex.o(i.HAL_FLASHEx_Erase_IT), (108 bytes).
    Removing stm32l1xx_hal_flash_ex.o(i.HAL_FLASHEx_OBGetConfig), (48 bytes).
    Removing stm32l1xx_hal_flash_ex.o(i.HAL_FLASHEx_OBProgram), (212 bytes).
    Removing stm32l1xx_hal_flash_ex.o(i.HAL_FLASHEx_OB_DeSelectPCROP), (76 bytes).
    Removing stm32l1xx_hal_flash_ex.o(i.HAL_FLASHEx_OB_SelectPCROP), (80 bytes).
    Removing stm32l1xx_hal_flash_ramfunc.o(.rev16_text), (4 bytes).
    Removing stm32l1xx_hal_flash_ramfunc.o(.revsh_text), (4 bytes).
    Removing stm32l1xx_hal_flash_ramfunc.o(.rrx_text), (6 bytes).
    Removing stm32l1xx_hal_flash_ramfunc.o(i.FLASHRAM_SetErrorCode), (168 bytes).
    Removing stm32l1xx_hal_flash_ramfunc.o(i.FLASHRAM_WaitForLastOperation), (132 bytes).
    Removing stm32l1xx_hal_flash_ramfunc.o(i.HAL_FLASHEx_DATAEEPROM_EraseDoubleWord), (112 bytes).
    Removing stm32l1xx_hal_flash_ramfunc.o(i.HAL_FLASHEx_DATAEEPROM_ProgramDoubleWord), (124 bytes).
    Removing stm32l1xx_hal_flash_ramfunc.o(i.HAL_FLASHEx_DisableRunPowerDown), (48 bytes).
    Removing stm32l1xx_hal_flash_ramfunc.o(i.HAL_FLASHEx_EnableRunPowerDown), (48 bytes).
    Removing stm32l1xx_hal_flash_ramfunc.o(i.HAL_FLASHEx_GetError), (16 bytes).
    Removing stm32l1xx_hal_flash_ramfunc.o(i.HAL_FLASHEx_HalfPageProgram), (128 bytes).
    Removing stm32l1xx_hal_gpio.o(.rev16_text), (4 bytes).
    Removing stm32l1xx_hal_gpio.o(.revsh_text), (4 bytes).
    Removing stm32l1xx_hal_gpio.o(.rrx_text), (6 bytes).
    Removing stm32l1xx_hal_gpio.o(i.HAL_GPIO_DeInit), (288 bytes).
    Removing stm32l1xx_hal_gpio.o(i.HAL_GPIO_EXTI_Callback), (2 bytes).
    Removing stm32l1xx_hal_gpio.o(i.HAL_GPIO_LockPin), (46 bytes).
    Removing stm32l1xx_hal_gpio.o(i.HAL_GPIO_TogglePin), (16 bytes).
    Removing stm32l1xx_hal_dma.o(.rev16_text), (4 bytes).
    Removing stm32l1xx_hal_dma.o(.revsh_text), (4 bytes).
    Removing stm32l1xx_hal_dma.o(.rrx_text), (6 bytes).
    Removing stm32l1xx_hal_dma.o(i.DMA_SetConfig), (48 bytes).
    Removing stm32l1xx_hal_dma.o(i.HAL_DMA_Abort), (90 bytes).
    Removing stm32l1xx_hal_dma.o(i.HAL_DMA_Abort_IT), (92 bytes).
    Removing stm32l1xx_hal_dma.o(i.HAL_DMA_DeInit), (132 bytes).
    Removing stm32l1xx_hal_dma.o(i.HAL_DMA_GetError), (6 bytes).
    Removing stm32l1xx_hal_dma.o(i.HAL_DMA_GetState), (8 bytes).
    Removing stm32l1xx_hal_dma.o(i.HAL_DMA_IRQHandler), (254 bytes).
    Removing stm32l1xx_hal_dma.o(i.HAL_DMA_Init), (140 bytes).
    Removing stm32l1xx_hal_dma.o(i.HAL_DMA_PollForTransfer), (264 bytes).
    Removing stm32l1xx_hal_dma.o(i.HAL_DMA_RegisterCallback), (90 bytes).
    Removing stm32l1xx_hal_dma.o(i.HAL_DMA_Start), (114 bytes).
    Removing stm32l1xx_hal_dma.o(i.HAL_DMA_Start_IT), (156 bytes).
    Removing stm32l1xx_hal_dma.o(i.HAL_DMA_UnRegisterCallback), (106 bytes).
    Removing stm32l1xx_hal_pwr.o(.rev16_text), (4 bytes).
    Removing stm32l1xx_hal_pwr.o(.revsh_text), (4 bytes).
    Removing stm32l1xx_hal_pwr.o(.rrx_text), (6 bytes).
    Removing stm32l1xx_hal_pwr.o(i.HAL_PWR_ConfigPVD), (184 bytes).
    Removing stm32l1xx_hal_pwr.o(i.HAL_PWR_DeInit), (28 bytes).
    Removing stm32l1xx_hal_pwr.o(i.HAL_PWR_DisableBkUpAccess), (28 bytes).
    Removing stm32l1xx_hal_pwr.o(i.HAL_PWR_DisablePVD), (24 bytes).
    Removing stm32l1xx_hal_pwr.o(i.HAL_PWR_DisableSEVOnPend), (20 bytes).
    Removing stm32l1xx_hal_pwr.o(i.HAL_PWR_DisableSleepOnExit), (20 bytes).
    Removing stm32l1xx_hal_pwr.o(i.HAL_PWR_DisableWakeUpPin), (28 bytes).
    Removing stm32l1xx_hal_pwr.o(i.HAL_PWR_EnableBkUpAccess), (24 bytes).
    Removing stm32l1xx_hal_pwr.o(i.HAL_PWR_EnablePVD), (24 bytes).
    Removing stm32l1xx_hal_pwr.o(i.HAL_PWR_EnableSEVOnPend), (20 bytes).
    Removing stm32l1xx_hal_pwr.o(i.HAL_PWR_EnableSleepOnExit), (20 bytes).
    Removing stm32l1xx_hal_pwr.o(i.HAL_PWR_EnableWakeUpPin), (28 bytes).
    Removing stm32l1xx_hal_pwr.o(i.HAL_PWR_EnterSLEEPMode), (52 bytes).
    Removing stm32l1xx_hal_pwr.o(i.HAL_PWR_EnterSTANDBYMode), (40 bytes).
    Removing stm32l1xx_hal_pwr.o(i.HAL_PWR_EnterSTOPMode), (64 bytes).
    Removing stm32l1xx_hal_pwr.o(i.HAL_PWR_PVDCallback), (2 bytes).
    Removing stm32l1xx_hal_pwr.o(i.HAL_PWR_PVD_IRQHandler), (32 bytes).
    Removing stm32l1xx_hal_pwr_ex.o(.rev16_text), (4 bytes).
    Removing stm32l1xx_hal_pwr_ex.o(.revsh_text), (4 bytes).
    Removing stm32l1xx_hal_pwr_ex.o(.rrx_text), (6 bytes).
    Removing stm32l1xx_hal_pwr_ex.o(i.HAL_PWREx_DisableFastWakeUp), (28 bytes).
    Removing stm32l1xx_hal_pwr_ex.o(i.HAL_PWREx_DisableLowPowerRunMode), (40 bytes).
    Removing stm32l1xx_hal_pwr_ex.o(i.HAL_PWREx_DisableUltraLowPower), (28 bytes).
    Removing stm32l1xx_hal_pwr_ex.o(i.HAL_PWREx_EnableFastWakeUp), (24 bytes).
    Removing stm32l1xx_hal_pwr_ex.o(i.HAL_PWREx_EnableLowPowerRunMode), (36 bytes).
    Removing stm32l1xx_hal_pwr_ex.o(i.HAL_PWREx_EnableUltraLowPower), (24 bytes).
    Removing stm32l1xx_hal_pwr_ex.o(i.HAL_PWREx_GetVoltageRange), (16 bytes).
    Removing stm32l1xx_hal_cortex.o(.rev16_text), (4 bytes).
    Removing stm32l1xx_hal_cortex.o(.revsh_text), (4 bytes).
    Removing stm32l1xx_hal_cortex.o(.rrx_text), (6 bytes).
    Removing stm32l1xx_hal_cortex.o(i.HAL_MPU_ConfigRegion), (92 bytes).
    Removing stm32l1xx_hal_cortex.o(i.HAL_MPU_Disable), (28 bytes).
    Removing stm32l1xx_hal_cortex.o(i.HAL_MPU_Enable), (48 bytes).
    Removing stm32l1xx_hal_cortex.o(i.HAL_NVIC_ClearPendingIRQ), (36 bytes).
    Removing stm32l1xx_hal_cortex.o(i.HAL_NVIC_DisableIRQ), (68 bytes).
    Removing stm32l1xx_hal_cortex.o(i.HAL_NVIC_GetActive), (48 bytes).
    Removing stm32l1xx_hal_cortex.o(i.HAL_NVIC_GetPendingIRQ), (48 bytes).
    Removing stm32l1xx_hal_cortex.o(i.HAL_NVIC_GetPriority), (148 bytes).
    Removing stm32l1xx_hal_cortex.o(i.HAL_NVIC_GetPriorityGrouping), (8 bytes).
    Removing stm32l1xx_hal_cortex.o(i.HAL_NVIC_SetPendingIRQ), (36 bytes).
    Removing stm32l1xx_hal_cortex.o(i.HAL_NVIC_SystemReset), (68 bytes).
    Removing stm32l1xx_hal_cortex.o(i.HAL_SYSTICK_CLKSourceConfig), (40 bytes).
    Removing stm32l1xx_hal_cortex.o(i.HAL_SYSTICK_Callback), (2 bytes).
    Removing clcd_1.o(.rev16_text), (4 bytes).
    Removing clcd_1.o(.revsh_text), (4 bytes).
    Removing clcd_1.o(.rrx_text), (6 bytes).
    Removing clcd_1.o(i.CLCD_8BIT_Init), (214 bytes).
    Removing clcd_1.o(i.CLCD_BlinkOff), (54 bytes).
    Removing clcd_1.o(i.CLCD_BlinkOn), (54 bytes).
    Removing clcd_1.o(i.CLCD_Clear), (44 bytes).
    Removing clcd_1.o(i.CLCD_CursorOff), (54 bytes).
    Removing clcd_1.o(i.CLCD_CursorOn), (54 bytes).
    Removing clcd_1.o(i.CLCD_ReturnHome), (44 bytes).
    Removing system_stm32l1xx.o(.rev16_text), (4 bytes).
    Removing system_stm32l1xx.o(.revsh_text), (4 bytes).
    Removing system_stm32l1xx.o(.rrx_text), (6 bytes).
    Removing system_stm32l1xx.o(i.SystemCoreClockUpdate), (220 bytes).
    Removing user_lcd.o(.rev16_text), (4 bytes).
    Removing user_lcd.o(.revsh_text), (4 bytes).
    Removing user_lcd.o(.rrx_text), (6 bytes).
    Removing check_button.o(.rev16_text), (4 bytes).
    Removing check_button.o(.revsh_text), (4 bytes).
    Removing check_button.o(.rrx_text), (6 bytes).
    Removing check_button.o(.constdata), (4 bytes).
    Removing relay_led.o(.rev16_text), (4 bytes).
    Removing relay_led.o(.revsh_text), (4 bytes).
    Removing relay_led.o(.rrx_text), (6 bytes).
    Removing relay_led.o(i.Reset_Relay), (36 bytes).
    Removing relay_led.o(i.Set_Relay), (36 bytes).
    Removing dadd.o(.text), (334 bytes).
    Removing dmul.o(.text), (228 bytes).
    Removing ddiv.o(.text), (222 bytes).
    Removing dfixul.o(.text), (48 bytes).
    Removing cdrcmple.o(.text), (48 bytes).
    Removing depilogue.o(.text), (186 bytes).

332 unused section(s) (total 20662 bytes) removed from the image.

==============================================================================

Image Symbol Table

    Local Symbols

    Symbol Name                              Value     Ov Type        Size  Object(Section)

    ../Drivers/STM32L1xx_HAL_Driver/Src/stm32l1xx_hal.c 0x00000000   Number         0  stm32l1xx_hal.o ABSOLUTE
    ../Drivers/STM32L1xx_HAL_Driver/Src/stm32l1xx_hal_cortex.c 0x00000000   Number         0  stm32l1xx_hal_cortex.o ABSOLUTE
    ../Drivers/STM32L1xx_HAL_Driver/Src/stm32l1xx_hal_dma.c 0x00000000   Number         0  stm32l1xx_hal_dma.o ABSOLUTE
    ../Drivers/STM32L1xx_HAL_Driver/Src/stm32l1xx_hal_flash.c 0x00000000   Number         0  stm32l1xx_hal_flash.o ABSOLUTE
    ../Drivers/STM32L1xx_HAL_Driver/Src/stm32l1xx_hal_flash_ex.c 0x00000000   Number         0  stm32l1xx_hal_flash_ex.o ABSOLUTE
    ../Drivers/STM32L1xx_HAL_Driver/Src/stm32l1xx_hal_flash_ramfunc.c 0x00000000   Number         0  stm32l1xx_hal_flash_ramfunc.o ABSOLUTE
    ../Drivers/STM32L1xx_HAL_Driver/Src/stm32l1xx_hal_gpio.c 0x00000000   Number         0  stm32l1xx_hal_gpio.o ABSOLUTE
    ../Drivers/STM32L1xx_HAL_Driver/Src/stm32l1xx_hal_pwr.c 0x00000000   Number         0  stm32l1xx_hal_pwr.o ABSOLUTE
    ../Drivers/STM32L1xx_HAL_Driver/Src/stm32l1xx_hal_pwr_ex.c 0x00000000   Number         0  stm32l1xx_hal_pwr_ex.o ABSOLUTE
    ../Drivers/STM32L1xx_HAL_Driver/Src/stm32l1xx_hal_rcc.c 0x00000000   Number         0  stm32l1xx_hal_rcc.o ABSOLUTE
    ../Drivers/STM32L1xx_HAL_Driver/Src/stm32l1xx_hal_rcc_ex.c 0x00000000   Number         0  stm32l1xx_hal_rcc_ex.o ABSOLUTE
    ../Drivers/STM32L1xx_HAL_Driver/Src/stm32l1xx_hal_tim.c 0x00000000   Number         0  stm32l1xx_hal_tim.o ABSOLUTE
    ../Drivers/STM32L1xx_HAL_Driver/Src/stm32l1xx_hal_tim_ex.c 0x00000000   Number         0  stm32l1xx_hal_tim_ex.o ABSOLUTE
    ../Src/main.c                            0x00000000   Number         0  main.o ABSOLUTE
    ../Src/stm32l1xx_hal_msp.c               0x00000000   Number         0  stm32l1xx_hal_msp.o ABSOLUTE
    ../Src/stm32l1xx_it.c                    0x00000000   Number         0  stm32l1xx_it.o ABSOLUTE
    ../Src/system_stm32l1xx.c                0x00000000   Number         0  system_stm32l1xx.o ABSOLUTE
    ../clib/microlib/division.c              0x00000000   Number         0  uidiv.o ABSOLUTE
    ../clib/microlib/division.c              0x00000000   Number         0  uldiv.o ABSOLUTE
    ../clib/microlib/init/entry.s            0x00000000   Number         0  entry2.o ABSOLUTE
    ../clib/microlib/init/entry.s            0x00000000   Number         0  entry.o ABSOLUTE
    ../clib/microlib/init/entry.s            0x00000000   Number         0  entry11b.o ABSOLUTE
    ../clib/microlib/init/entry.s            0x00000000   Number         0  entry11a.o ABSOLUTE
    ../clib/microlib/init/entry.s            0x00000000   Number         0  entry10a.o ABSOLUTE
    ../clib/microlib/init/entry.s            0x00000000   Number         0  entry8b.o ABSOLUTE
    ../clib/microlib/init/entry.s            0x00000000   Number         0  entry8a.o ABSOLUTE
    ../clib/microlib/init/entry.s            0x00000000   Number         0  entry9a.o ABSOLUTE
    ../clib/microlib/init/entry.s            0x00000000   Number         0  entry10b.o ABSOLUTE
    ../clib/microlib/init/entry.s            0x00000000   Number         0  entry7b.o ABSOLUTE
    ../clib/microlib/init/entry.s            0x00000000   Number         0  entry7a.o ABSOLUTE
    ../clib/microlib/init/entry.s            0x00000000   Number         0  entry5.o ABSOLUTE
    ../clib/microlib/init/entry.s            0x00000000   Number         0  entry9b.o ABSOLUTE
    ../clib/microlib/longlong.c              0x00000000   Number         0  llsshr.o ABSOLUTE
    ../clib/microlib/longlong.c              0x00000000   Number         0  llshl.o ABSOLUTE
    ../clib/microlib/longlong.c              0x00000000   Number         0  llushr.o ABSOLUTE
    ../clib/microlib/printf/printf.c         0x00000000   Number         0  printf4.o ABSOLUTE
    ../clib/microlib/printf/printf.c         0x00000000   Number         0  printf3.o ABSOLUTE
    ../clib/microlib/printf/printf.c         0x00000000   Number         0  printf1.o ABSOLUTE
    ../clib/microlib/printf/printf.c         0x00000000   Number         0  printf0.o ABSOLUTE
    ../clib/microlib/printf/printf.c         0x00000000   Number         0  printfb.o ABSOLUTE
    ../clib/microlib/printf/printf.c         0x00000000   Number         0  printf2.o ABSOLUTE
    ../clib/microlib/printf/printf.c         0x00000000   Number         0  printfa.o ABSOLUTE
    ../clib/microlib/printf/printf.c         0x00000000   Number         0  printf8.o ABSOLUTE
    ../clib/microlib/printf/printf.c         0x00000000   Number         0  printf7.o ABSOLUTE
    ../clib/microlib/printf/printf.c         0x00000000   Number         0  printf6.o ABSOLUTE
    ../clib/microlib/printf/printf.c         0x00000000   Number         0  printf5.o ABSOLUTE
    ../clib/microlib/printf/stubs.s          0x00000000   Number         0  stubs.o ABSOLUTE
    ../clib/microlib/stdio/fputc.c           0x00000000   Number         0  fputc.o ABSOLUTE
    ../clib/microlib/stdio/semi.s            0x00000000   Number         0  semi.o ABSOLUTE
    ../clib/microlib/stdio/streams.c         0x00000000   Number         0  stdout.o ABSOLUTE
    ../clib/microlib/string/memset.c         0x00000000   Number         0  memseta.o ABSOLUTE
    ../clib/microlib/stubs.s                 0x00000000   Number         0  iusefp.o ABSOLUTE
    ../clib/microlib/stubs.s                 0x00000000   Number         0  iusesemip.o ABSOLUTE
    ../fplib/microlib/fpadd.c                0x00000000   Number         0  dadd.o ABSOLUTE
    ../fplib/microlib/fpdiv.c                0x00000000   Number         0  ddiv.o ABSOLUTE
    ../fplib/microlib/fpepilogue.c           0x00000000   Number         0  depilogue.o ABSOLUTE
    ../fplib/microlib/fpfix.c                0x00000000   Number         0  dfixul.o ABSOLUTE
    ../fplib/microlib/fpmul.c                0x00000000   Number         0  dmul.o ABSOLUTE
    ..\Drivers\Mylib_driver\Src\Relay_Led.c  0x00000000   Number         0  relay_led.o ABSOLUTE
    ..\Drivers\Mylib_driver\Src\check_Button.c 0x00000000   Number         0  check_button.o ABSOLUTE
    ..\Drivers\Mylib_driver\Src\user_LCD.c   0x00000000   Number         0  user_lcd.o ABSOLUTE
    ..\Drivers\STM32L1xx_HAL_Driver\Src\CLCD.c 0x00000000   Number         0  clcd_1.o ABSOLUTE
    ..\Drivers\STM32L1xx_HAL_Driver\Src\stm32l1xx_hal.c 0x00000000   Number         0  stm32l1xx_hal.o ABSOLUTE
    ..\Drivers\STM32L1xx_HAL_Driver\Src\stm32l1xx_hal_cortex.c 0x00000000   Number         0  stm32l1xx_hal_cortex.o ABSOLUTE
    ..\Drivers\STM32L1xx_HAL_Driver\Src\stm32l1xx_hal_dma.c 0x00000000   Number         0  stm32l1xx_hal_dma.o ABSOLUTE
    ..\Drivers\STM32L1xx_HAL_Driver\Src\stm32l1xx_hal_flash.c 0x00000000   Number         0  stm32l1xx_hal_flash.o ABSOLUTE
    ..\Drivers\STM32L1xx_HAL_Driver\Src\stm32l1xx_hal_flash_ex.c 0x00000000   Number         0  stm32l1xx_hal_flash_ex.o ABSOLUTE
    ..\Drivers\STM32L1xx_HAL_Driver\Src\stm32l1xx_hal_flash_ramfunc.c 0x00000000   Number         0  stm32l1xx_hal_flash_ramfunc.o ABSOLUTE
    ..\Drivers\STM32L1xx_HAL_Driver\Src\stm32l1xx_hal_gpio.c 0x00000000   Number         0  stm32l1xx_hal_gpio.o ABSOLUTE
    ..\Drivers\STM32L1xx_HAL_Driver\Src\stm32l1xx_hal_pwr.c 0x00000000   Number         0  stm32l1xx_hal_pwr.o ABSOLUTE
    ..\Drivers\STM32L1xx_HAL_Driver\Src\stm32l1xx_hal_pwr_ex.c 0x00000000   Number         0  stm32l1xx_hal_pwr_ex.o ABSOLUTE
    ..\Drivers\STM32L1xx_HAL_Driver\Src\stm32l1xx_hal_rcc.c 0x00000000   Number         0  stm32l1xx_hal_rcc.o ABSOLUTE
    ..\Drivers\STM32L1xx_HAL_Driver\Src\stm32l1xx_hal_rcc_ex.c 0x00000000   Number         0  stm32l1xx_hal_rcc_ex.o ABSOLUTE
    ..\Drivers\STM32L1xx_HAL_Driver\Src\stm32l1xx_hal_tim.c 0x00000000   Number         0  stm32l1xx_hal_tim.o ABSOLUTE
    ..\Drivers\STM32L1xx_HAL_Driver\Src\stm32l1xx_hal_tim_ex.c 0x00000000   Number         0  stm32l1xx_hal_tim_ex.o ABSOLUTE
    ..\Src\main.c                            0x00000000   Number         0  main.o ABSOLUTE
    ..\Src\stm32l1xx_hal_msp.c               0x00000000   Number         0  stm32l1xx_hal_msp.o ABSOLUTE
    ..\Src\stm32l1xx_it.c                    0x00000000   Number         0  stm32l1xx_it.o ABSOLUTE
    ..\Src\system_stm32l1xx.c                0x00000000   Number         0  system_stm32l1xx.o ABSOLUTE
    ..\\Drivers\\Mylib_driver\\Src\\Relay_Led.c 0x00000000   Number         0  relay_led.o ABSOLUTE
    ..\\Drivers\\Mylib_driver\\Src\\check_Button.c 0x00000000   Number         0  check_button.o ABSOLUTE
    ..\\Drivers\\Mylib_driver\\Src\\user_LCD.c 0x00000000   Number         0  user_lcd.o ABSOLUTE
    ..\\Drivers\\STM32L1xx_HAL_Driver\\Src\\CLCD.c 0x00000000   Number         0  clcd_1.o ABSOLUTE
    cdrcmple.s                               0x00000000   Number         0  cdrcmple.o ABSOLUTE
    dc.s                                     0x00000000   Number         0  dc.o ABSOLUTE
    handlers.s                               0x00000000   Number         0  handlers.o ABSOLUTE
    init.s                                   0x00000000   Number         0  init.o ABSOLUTE
    startup_stm32l151xc.s                    0x00000000   Number         0  startup_stm32l151xc.o ABSOLUTE
    RESET                                    0x08000000   Section      292  startup_stm32l151xc.o(RESET)
    .ARM.Collect$$$$00000000                 0x08000124   Section        0  entry.o(.ARM.Collect$$$$00000000)
    .ARM.Collect$$$$00000001                 0x08000124   Section        4  entry2.o(.ARM.Collect$$$$00000001)
    .ARM.Collect$$$$00000004                 0x08000128   Section        4  entry5.o(.ARM.Collect$$$$00000004)
    .ARM.Collect$$$$00000008                 0x0800012c   Section        0  entry7b.o(.ARM.Collect$$$$00000008)
    .ARM.Collect$$$$0000000A                 0x0800012c   Section        0  entry8b.o(.ARM.Collect$$$$0000000A)
    .ARM.Collect$$$$0000000B                 0x0800012c   Section        8  entry9a.o(.ARM.Collect$$$$0000000B)
    .ARM.Collect$$$$0000000D                 0x08000134   Section        0  entry10a.o(.ARM.Collect$$$$0000000D)
    .ARM.Collect$$$$0000000F                 0x08000134   Section        0  entry11a.o(.ARM.Collect$$$$0000000F)
    .ARM.Collect$$$$00002712                 0x08000134   Section        4  entry2.o(.ARM.Collect$$$$00002712)
    __lit__00000000                          0x08000134   Data           4  entry2.o(.ARM.Collect$$$$00002712)
    .text                                    0x08000138   Section       36  startup_stm32l151xc.o(.text)
    .text                                    0x0800015c   Section        0  memseta.o(.text)
    .text                                    0x08000180   Section        0  uidiv.o(.text)
    .text                                    0x080001ac   Section       36  init.o(.text)
    i.BT_Press_Click_Down                    0x080001d0   Section        0  check_button.o(i.BT_Press_Click_Down)
    i.BT_Press_Click_Up                      0x080001e8   Section        0  check_button.o(i.BT_Press_Click_Up)
    i.BT_Press_Hold_Down                     0x080001fc   Section        0  check_button.o(i.BT_Press_Hold_Down)
    i.BT_Press_Hold_Up                       0x08000250   Section        0  check_button.o(i.BT_Press_Hold_Up)
    i.BusFault_Handler                       0x080002a0   Section        0  stm32l1xx_it.o(i.BusFault_Handler)
    i.CLCD_4BIT_Init                         0x080002a4   Section        0  clcd_1.o(i.CLCD_4BIT_Init)
    i.CLCD_Delay                             0x08000388   Section        0  clcd_1.o(i.CLCD_Delay)
    CLCD_Delay                               0x08000389   Thumb Code    12  clcd_1.o(i.CLCD_Delay)
    i.CLCD_SetCursor                         0x08000394   Section        0  clcd_1.o(i.CLCD_SetCursor)
    i.CLCD_Write4                            0x080003f0   Section        0  clcd_1.o(i.CLCD_Write4)
    CLCD_Write4                              0x080003f1   Thumb Code   252  clcd_1.o(i.CLCD_Write4)
    i.CLCD_Write8                            0x080004ec   Section        0  clcd_1.o(i.CLCD_Write8)
    CLCD_Write8                              0x080004ed   Thumb Code   186  clcd_1.o(i.CLCD_Write8)
    i.CLCD_WriteChar                         0x080005a6   Section        0  clcd_1.o(i.CLCD_WriteChar)
    i.CLCD_WriteString                       0x080005ce   Section        0  clcd_1.o(i.CLCD_WriteString)
    i.DebugMon_Handler                       0x080005e8   Section        0  stm32l1xx_it.o(i.DebugMon_Handler)
    i.EXTI2_IRQHandler                       0x080005ea   Section        0  stm32l1xx_it.o(i.EXTI2_IRQHandler)
    i.EXTI3_IRQHandler                       0x080005f4   Section        0  stm32l1xx_it.o(i.EXTI3_IRQHandler)
    i.EXTI4_IRQHandler                       0x080005fe   Section        0  stm32l1xx_it.o(i.EXTI4_IRQHandler)
    i.EXTI9_5_IRQHandler                     0x08000608   Section        0  stm32l1xx_it.o(i.EXTI9_5_IRQHandler)
    i.Error_Handler                          0x08000612   Section        0  main.o(i.Error_Handler)
    i.HAL_Delay                              0x08000614   Section        0  stm32l1xx_hal.o(i.HAL_Delay)
    i.HAL_GPIO_EXTI_Callback                 0x0800063c   Section        0  main.o(i.HAL_GPIO_EXTI_Callback)
    i.HAL_GPIO_EXTI_IRQHandler               0x08000750   Section        0  stm32l1xx_hal_gpio.o(i.HAL_GPIO_EXTI_IRQHandler)
    i.HAL_GPIO_Init                          0x0800076c   Section        0  stm32l1xx_hal_gpio.o(i.HAL_GPIO_Init)
    i.HAL_GPIO_ReadPin                       0x0800093c   Section        0  stm32l1xx_hal_gpio.o(i.HAL_GPIO_ReadPin)
    i.HAL_GPIO_WritePin                      0x0800094c   Section        0  stm32l1xx_hal_gpio.o(i.HAL_GPIO_WritePin)
    i.HAL_GetTick                            0x08000958   Section        0  stm32l1xx_hal.o(i.HAL_GetTick)
    i.HAL_IncTick                            0x08000964   Section        0  stm32l1xx_hal.o(i.HAL_IncTick)
    i.HAL_Init                               0x0800097c   Section        0  stm32l1xx_hal.o(i.HAL_Init)
    i.HAL_InitTick                           0x0800099c   Section        0  stm32l1xx_hal.o(i.HAL_InitTick)
    i.HAL_MspInit                            0x080009f4   Section        0  stm32l1xx_hal_msp.o(i.HAL_MspInit)
    i.HAL_NVIC_EnableIRQ                     0x08000a50   Section        0  stm32l1xx_hal_cortex.o(i.HAL_NVIC_EnableIRQ)
    i.HAL_NVIC_SetPriority                   0x08000a70   Section        0  stm32l1xx_hal_cortex.o(i.HAL_NVIC_SetPriority)
    i.HAL_NVIC_SetPriorityGrouping           0x08000aec   Section        0  stm32l1xx_hal_cortex.o(i.HAL_NVIC_SetPriorityGrouping)
    i.HAL_RCC_ClockConfig                    0x08000b14   Section        0  stm32l1xx_hal_rcc.o(i.HAL_RCC_ClockConfig)
    i.HAL_RCC_GetSysClockFreq                0x08000d34   Section        0  stm32l1xx_hal_rcc.o(i.HAL_RCC_GetSysClockFreq)
    i.HAL_RCC_OscConfig                      0x08000db0   Section        0  stm32l1xx_hal_rcc.o(i.HAL_RCC_OscConfig)
    i.HAL_SYSTICK_Callback                   0x08001380   Section        0  check_button.o(i.HAL_SYSTICK_Callback)
    i.HAL_SYSTICK_Config                     0x080013cc   Section        0  stm32l1xx_hal_cortex.o(i.HAL_SYSTICK_Config)
    i.HAL_SYSTICK_IRQHandler                 0x08001400   Section        0  stm32l1xx_hal_cortex.o(i.HAL_SYSTICK_IRQHandler)
    i.HAL_TIMEx_MasterConfigSynchronization  0x08001408   Section        0  stm32l1xx_hal_tim_ex.o(i.HAL_TIMEx_MasterConfigSynchronization)
    i.HAL_TIM_Base_Init                      0x0800145c   Section        0  stm32l1xx_hal_tim.o(i.HAL_TIM_Base_Init)
    i.HAL_TIM_Base_MspInit                   0x08001490   Section        0  stm32l1xx_hal_msp.o(i.HAL_TIM_Base_MspInit)
    i.HAL_TIM_Base_Start_IT                  0x080014d0   Section        0  stm32l1xx_hal_tim.o(i.HAL_TIM_Base_Start_IT)
    i.HAL_TIM_ConfigClockSource              0x080014fa   Section        0  stm32l1xx_hal_tim.o(i.HAL_TIM_ConfigClockSource)
    i.HAL_TIM_IC_CaptureCallback             0x08001602   Section        0  stm32l1xx_hal_tim.o(i.HAL_TIM_IC_CaptureCallback)
    i.HAL_TIM_IRQHandler                     0x08001604   Section        0  stm32l1xx_hal_tim.o(i.HAL_TIM_IRQHandler)
    i.HAL_TIM_OC_DelayElapsedCallback        0x08001756   Section        0  stm32l1xx_hal_tim.o(i.HAL_TIM_OC_DelayElapsedCallback)
    i.HAL_TIM_PWM_PulseFinishedCallback      0x08001758   Section        0  stm32l1xx_hal_tim.o(i.HAL_TIM_PWM_PulseFinishedCallback)
    i.HAL_TIM_PeriodElapsedCallback          0x0800175c   Section        0  main.o(i.HAL_TIM_PeriodElapsedCallback)
    i.HAL_TIM_TriggerCallback                0x0800176c   Section        0  stm32l1xx_hal_tim.o(i.HAL_TIM_TriggerCallback)
    i.HardFault_Handler                      0x0800176e   Section        0  stm32l1xx_it.o(i.HardFault_Handler)
    i.LCD_running_X1                         0x08001774   Section        0  user_lcd.o(i.LCD_running_X1)
    i.LCD_running_X2                         0x08001838   Section        0  user_lcd.o(i.LCD_running_X2)
    i.LCD_setup_X1                           0x08001880   Section        0  user_lcd.o(i.LCD_setup_X1)
    i.LCD_setup_X2                           0x08001970   Section        0  user_lcd.o(i.LCD_setup_X2)
    i.MX_GPIO_Init                           0x080019f4   Section        0  main.o(i.MX_GPIO_Init)
    MX_GPIO_Init                             0x080019f5   Thumb Code   354  main.o(i.MX_GPIO_Init)
    i.MX_TIM2_Init                           0x08001b70   Section        0  main.o(i.MX_TIM2_Init)
    MX_TIM2_Init                             0x08001b71   Thumb Code   104  main.o(i.MX_TIM2_Init)
    i.MemManage_Handler                      0x08001bdc   Section        0  stm32l1xx_it.o(i.MemManage_Handler)
    i.NMI_Handler                            0x08001be0   Section        0  stm32l1xx_it.o(i.NMI_Handler)
    i.PendSV_Handler                         0x08001be2   Section        0  stm32l1xx_it.o(i.PendSV_Handler)
    i.RCC_SetFlashLatencyFromMSIRange        0x08001be4   Section        0  stm32l1xx_hal_rcc.o(i.RCC_SetFlashLatencyFromMSIRange)
    RCC_SetFlashLatencyFromMSIRange          0x08001be5   Thumb Code   156  stm32l1xx_hal_rcc.o(i.RCC_SetFlashLatencyFromMSIRange)
    i.Reset_Relay_Led                        0x08001c8c   Section        0  relay_led.o(i.Reset_Relay_Led)
    i.SVC_Handler                            0x08001cbe   Section        0  stm32l1xx_it.o(i.SVC_Handler)
    i.Set_Relay_Led                          0x08001cc0   Section        0  relay_led.o(i.Set_Relay_Led)
    i.SysTick_Handler                        0x08001cf2   Section        0  stm32l1xx_it.o(i.SysTick_Handler)
    i.SystemClock_Config                     0x08001d00   Section        0  main.o(i.SystemClock_Config)
    i.SystemInit                             0x08001d68   Section        0  system_stm32l1xx.o(i.SystemInit)
    i.TIM2_IRQHandler                        0x08001dcc   Section        0  stm32l1xx_it.o(i.TIM2_IRQHandler)
    i.TIM_Base_SetConfig                     0x08001ddc   Section        0  stm32l1xx_hal_tim.o(i.TIM_Base_SetConfig)
    TIM_Base_SetConfig                       0x08001ddd   Thumb Code   118  stm32l1xx_hal_tim.o(i.TIM_Base_SetConfig)
    i.TIM_ETR_SetConfig                      0x08001e6c   Section        0  stm32l1xx_hal_tim.o(i.TIM_ETR_SetConfig)
    TIM_ETR_SetConfig                        0x08001e6d   Thumb Code    22  stm32l1xx_hal_tim.o(i.TIM_ETR_SetConfig)
    i.TIM_ITRx_SetConfig                     0x08001e82   Section        0  stm32l1xx_hal_tim.o(i.TIM_ITRx_SetConfig)
    TIM_ITRx_SetConfig                       0x08001e83   Thumb Code    18  stm32l1xx_hal_tim.o(i.TIM_ITRx_SetConfig)
    i.TIM_TI1_ConfigInputStage               0x08001e94   Section        0  stm32l1xx_hal_tim.o(i.TIM_TI1_ConfigInputStage)
    TIM_TI1_ConfigInputStage                 0x08001e95   Thumb Code    38  stm32l1xx_hal_tim.o(i.TIM_TI1_ConfigInputStage)
    i.TIM_TI2_ConfigInputStage               0x08001eba   Section        0  stm32l1xx_hal_tim.o(i.TIM_TI2_ConfigInputStage)
    TIM_TI2_ConfigInputStage                 0x08001ebb   Thumb Code    40  stm32l1xx_hal_tim.o(i.TIM_TI2_ConfigInputStage)
    i.UsageFault_Handler                     0x08001ee2   Section        0  stm32l1xx_it.o(i.UsageFault_Handler)
    i.__0sprintf$1                           0x08001ee8   Section        0  printf1.o(i.__0sprintf$1)
    i.__NVIC_GetPriorityGrouping             0x08001f10   Section        0  stm32l1xx_hal_cortex.o(i.__NVIC_GetPriorityGrouping)
    __NVIC_GetPriorityGrouping               0x08001f11   Thumb Code    10  stm32l1xx_hal_cortex.o(i.__NVIC_GetPriorityGrouping)
    i.__NVIC_SetPriority                     0x08001f20   Section        0  stm32l1xx_hal_cortex.o(i.__NVIC_SetPriority)
    __NVIC_SetPriority                       0x08001f21   Thumb Code    32  stm32l1xx_hal_cortex.o(i.__NVIC_SetPriority)
    i.__scatterload_copy                     0x08001f48   Section       14  handlers.o(i.__scatterload_copy)
    i.__scatterload_null                     0x08001f56   Section        2  handlers.o(i.__scatterload_null)
    i.__scatterload_zeroinit                 0x08001f58   Section       14  handlers.o(i.__scatterload_zeroinit)
    i._printf_core                           0x08001f68   Section        0  printf1.o(i._printf_core)
    _printf_core                             0x08001f69   Thumb Code   336  printf1.o(i._printf_core)
    i._sputc                                 0x080020bc   Section        0  printf1.o(i._sputc)
    _sputc                                   0x080020bd   Thumb Code    10  printf1.o(i._sputc)
    i.check_test                             0x080020c8   Section        0  main.o(i.check_test)
    i.main                                   0x08002118   Section        0  main.o(i.main)
    i.run_Feed_Shrimp                        0x0800225c   Section        0  main.o(i.run_Feed_Shrimp)
    i.set_time                               0x08002370   Section        0  main.o(i.set_time)
    .constdata                               0x080023e4   Section       33  system_stm32l1xx.o(.constdata)
    .data                                    0x20000000   Section       38  main.o(.data)
    .data                                    0x20000028   Section       12  stm32l1xx_hal.o(.data)
    .data                                    0x20000034   Section        4  system_stm32l1xx.o(.data)
    .data                                    0x20000038   Section        8  check_button.o(.data)
    .bss                                     0x20000040   Section      148  main.o(.bss)
    STACK                                    0x200000d8   Section     1024  startup_stm32l151xc.o(STACK)

    Global Symbols

    Symbol Name                              Value     Ov Type        Size  Object(Section)

    BuildAttributes$$THM_ISAv4$P$D$K$B$S$PE$A:L22UL41UL21$X:L11$S22US41US21$IEEE1$IW$USESV6$~STKCKD$USESV7$~SHL$OSPACE$ROPI$EBA8$MICROLIB$REQ8$PRES8$EABIv2 0x00000000   Number         0  anon$$obj.o ABSOLUTE
    __ARM_use_no_argv                        0x00000000   Number         0  main.o ABSOLUTE
    _printf_a                                0x00000000   Number         0  stubs.o ABSOLUTE
    _printf_c                                0x00000000   Number         0  stubs.o ABSOLUTE
    _printf_charcount                        0x00000000   Number         0  stubs.o ABSOLUTE
    _printf_d                                0x00000000   Number         0  stubs.o ABSOLUTE
    _printf_e                                0x00000000   Number         0  stubs.o ABSOLUTE
    _printf_f                                0x00000000   Number         0  stubs.o ABSOLUTE
    _printf_flags                            0x00000000   Number         0  stubs.o ABSOLUTE
    _printf_fp_dec                           0x00000000   Number         0  stubs.o ABSOLUTE
    _printf_fp_hex                           0x00000000   Number         0  stubs.o ABSOLUTE
    _printf_g                                0x00000000   Number         0  stubs.o ABSOLUTE
    _printf_i                                0x00000000   Number         0  stubs.o ABSOLUTE
    _printf_int_dec                          0x00000000   Number         0  stubs.o ABSOLUTE
    _printf_l                                0x00000000   Number         0  stubs.o ABSOLUTE
    _printf_lc                               0x00000000   Number         0  stubs.o ABSOLUTE
    _printf_ll                               0x00000000   Number         0  stubs.o ABSOLUTE
    _printf_lld                              0x00000000   Number         0  stubs.o ABSOLUTE
    _printf_lli                              0x00000000   Number         0  stubs.o ABSOLUTE
    _printf_llo                              0x00000000   Number         0  stubs.o ABSOLUTE
    _printf_llu                              0x00000000   Number         0  stubs.o ABSOLUTE
    _printf_llx                              0x00000000   Number         0  stubs.o ABSOLUTE
    _printf_longlong_dec                     0x00000000   Number         0  stubs.o ABSOLUTE
    _printf_longlong_hex                     0x00000000   Number         0  stubs.o ABSOLUTE
    _printf_longlong_oct                     0x00000000   Number         0  stubs.o ABSOLUTE
    _printf_ls                               0x00000000   Number         0  stubs.o ABSOLUTE
    _printf_mbtowc                           0x00000000   Number         0  stubs.o ABSOLUTE
    _printf_n                                0x00000000   Number         0  stubs.o ABSOLUTE
    _printf_o                                0x00000000   Number         0  stubs.o ABSOLUTE
    _printf_p                                0x00000000   Number         0  stubs.o ABSOLUTE
    _printf_percent                          0x00000000   Number         0  stubs.o ABSOLUTE
    _printf_pre_padding                      0x00000000   Number         0  stubs.o ABSOLUTE
    _printf_return_value                     0x00000000   Number         0  stubs.o ABSOLUTE
    _printf_s                                0x00000000   Number         0  stubs.o ABSOLUTE
    _printf_sizespec                         0x00000000   Number         0  stubs.o ABSOLUTE
    _printf_str                              0x00000000   Number         0  stubs.o ABSOLUTE
    _printf_truncate_signed                  0x00000000   Number         0  stubs.o ABSOLUTE
    _printf_truncate_unsigned                0x00000000   Number         0  stubs.o ABSOLUTE
    _printf_u                                0x00000000   Number         0  stubs.o ABSOLUTE
    _printf_wc                               0x00000000   Number         0  stubs.o ABSOLUTE
    _printf_wctomb                           0x00000000   Number         0  stubs.o ABSOLUTE
    _printf_widthprec                        0x00000000   Number         0  stubs.o ABSOLUTE
    _printf_x                                0x00000000   Number         0  stubs.o ABSOLUTE
    __cpp_initialize__aeabi_                  - Undefined Weak Reference
    __cxa_finalize                            - Undefined Weak Reference
    __decompress                              - Undefined Weak Reference
    _clock_init                               - Undefined Weak Reference
    _microlib_exit                            - Undefined Weak Reference
    __Vectors_Size                           0x00000124   Number         0  startup_stm32l151xc.o ABSOLUTE
    __Vectors                                0x08000000   Data           4  startup_stm32l151xc.o(RESET)
    __Vectors_End                            0x08000124   Data           0  startup_stm32l151xc.o(RESET)
    __main                                   0x08000125   Thumb Code     0  entry.o(.ARM.Collect$$$$00000000)
    _main_stk                                0x08000125   Thumb Code     0  entry2.o(.ARM.Collect$$$$00000001)
    _main_scatterload                        0x08000129   Thumb Code     0  entry5.o(.ARM.Collect$$$$00000004)
    __main_after_scatterload                 0x0800012d   Thumb Code     0  entry5.o(.ARM.Collect$$$$00000004)
    _main_clock                              0x0800012d   Thumb Code     0  entry7b.o(.ARM.Collect$$$$00000008)
    _main_cpp_init                           0x0800012d   Thumb Code     0  entry8b.o(.ARM.Collect$$$$0000000A)
    _main_init                               0x0800012d   Thumb Code     0  entry9a.o(.ARM.Collect$$$$0000000B)
    __rt_final_cpp                           0x08000135   Thumb Code     0  entry10a.o(.ARM.Collect$$$$0000000D)
    __rt_final_exit                          0x08000135   Thumb Code     0  entry11a.o(.ARM.Collect$$$$0000000F)
    Reset_Handler                            0x08000139   Thumb Code     8  startup_stm32l151xc.o(.text)
    ADC1_IRQHandler                          0x08000153   Thumb Code     0  startup_stm32l151xc.o(.text)
    COMP_ACQ_IRQHandler                      0x08000153   Thumb Code     0  startup_stm32l151xc.o(.text)
    COMP_IRQHandler                          0x08000153   Thumb Code     0  startup_stm32l151xc.o(.text)
    DAC_IRQHandler                           0x08000153   Thumb Code     0  startup_stm32l151xc.o(.text)
    DMA1_Channel1_IRQHandler                 0x08000153   Thumb Code     0  startup_stm32l151xc.o(.text)
    DMA1_Channel2_IRQHandler                 0x08000153   Thumb Code     0  startup_stm32l151xc.o(.text)
    DMA1_Channel3_IRQHandler                 0x08000153   Thumb Code     0  startup_stm32l151xc.o(.text)
    DMA1_Channel4_IRQHandler                 0x08000153   Thumb Code     0  startup_stm32l151xc.o(.text)
    DMA1_Channel5_IRQHandler                 0x08000153   Thumb Code     0  startup_stm32l151xc.o(.text)
    DMA1_Channel6_IRQHandler                 0x08000153   Thumb Code     0  startup_stm32l151xc.o(.text)
    DMA1_Channel7_IRQHandler                 0x08000153   Thumb Code     0  startup_stm32l151xc.o(.text)
    DMA2_Channel1_IRQHandler                 0x08000153   Thumb Code     0  startup_stm32l151xc.o(.text)
    DMA2_Channel2_IRQHandler                 0x08000153   Thumb Code     0  startup_stm32l151xc.o(.text)
    DMA2_Channel3_IRQHandler                 0x08000153   Thumb Code     0  startup_stm32l151xc.o(.text)
    DMA2_Channel4_IRQHandler                 0x08000153   Thumb Code     0  startup_stm32l151xc.o(.text)
    DMA2_Channel5_IRQHandler                 0x08000153   Thumb Code     0  startup_stm32l151xc.o(.text)
    EXTI0_IRQHandler                         0x08000153   Thumb Code     0  startup_stm32l151xc.o(.text)
    EXTI15_10_IRQHandler                     0x08000153   Thumb Code     0  startup_stm32l151xc.o(.text)
    EXTI1_IRQHandler                         0x08000153   Thumb Code     0  startup_stm32l151xc.o(.text)
    FLASH_IRQHandler                         0x08000153   Thumb Code     0  startup_stm32l151xc.o(.text)
    I2C1_ER_IRQHandler                       0x08000153   Thumb Code     0  startup_stm32l151xc.o(.text)
    I2C1_EV_IRQHandler                       0x08000153   Thumb Code     0  startup_stm32l151xc.o(.text)
    I2C2_ER_IRQHandler                       0x08000153   Thumb Code     0  startup_stm32l151xc.o(.text)
    I2C2_EV_IRQHandler                       0x08000153   Thumb Code     0  startup_stm32l151xc.o(.text)
    PVD_IRQHandler                           0x08000153   Thumb Code     0  startup_stm32l151xc.o(.text)
    RCC_IRQHandler                           0x08000153   Thumb Code     0  startup_stm32l151xc.o(.text)
    RTC_Alarm_IRQHandler                     0x08000153   Thumb Code     0  startup_stm32l151xc.o(.text)
    RTC_WKUP_IRQHandler                      0x08000153   Thumb Code     0  startup_stm32l151xc.o(.text)
    SPI1_IRQHandler                          0x08000153   Thumb Code     0  startup_stm32l151xc.o(.text)
    SPI2_IRQHandler                          0x08000153   Thumb Code     0  startup_stm32l151xc.o(.text)
    SPI3_IRQHandler                          0x08000153   Thumb Code     0  startup_stm32l151xc.o(.text)
    TAMPER_STAMP_IRQHandler                  0x08000153   Thumb Code     0  startup_stm32l151xc.o(.text)
    TIM10_IRQHandler                         0x08000153   Thumb Code     0  startup_stm32l151xc.o(.text)
    TIM11_IRQHandler                         0x08000153   Thumb Code     0  startup_stm32l151xc.o(.text)
    TIM3_IRQHandler                          0x08000153   Thumb Code     0  startup_stm32l151xc.o(.text)
    TIM4_IRQHandler                          0x08000153   Thumb Code     0  startup_stm32l151xc.o(.text)
    TIM5_IRQHandler                          0x08000153   Thumb Code     0  startup_stm32l151xc.o(.text)
    TIM6_IRQHandler                          0x08000153   Thumb Code     0  startup_stm32l151xc.o(.text)
    TIM7_IRQHandler                          0x08000153   Thumb Code     0  startup_stm32l151xc.o(.text)
    TIM9_IRQHandler                          0x08000153   Thumb Code     0  startup_stm32l151xc.o(.text)
    USART1_IRQHandler                        0x08000153   Thumb Code     0  startup_stm32l151xc.o(.text)
    USART2_IRQHandler                        0x08000153   Thumb Code     0  startup_stm32l151xc.o(.text)
    USART3_IRQHandler                        0x08000153   Thumb Code     0  startup_stm32l151xc.o(.text)
    USB_FS_WKUP_IRQHandler                   0x08000153   Thumb Code     0  startup_stm32l151xc.o(.text)
    USB_HP_IRQHandler                        0x08000153   Thumb Code     0  startup_stm32l151xc.o(.text)
    USB_LP_IRQHandler                        0x08000153   Thumb Code     0  startup_stm32l151xc.o(.text)
    WWDG_IRQHandler                          0x08000153   Thumb Code     0  startup_stm32l151xc.o(.text)
    __aeabi_memset                           0x0800015d   Thumb Code    14  memseta.o(.text)
    __aeabi_memset4                          0x0800015d   Thumb Code     0  memseta.o(.text)
    __aeabi_memset8                          0x0800015d   Thumb Code     0  memseta.o(.text)
    __aeabi_memclr                           0x0800016b   Thumb Code     4  memseta.o(.text)
    __aeabi_memclr4                          0x0800016b   Thumb Code     0  memseta.o(.text)
    __aeabi_memclr8                          0x0800016b   Thumb Code     0  memseta.o(.text)
    _memset$wrapper                          0x0800016f   Thumb Code    18  memseta.o(.text)
    __aeabi_uidiv                            0x08000181   Thumb Code     0  uidiv.o(.text)
    __aeabi_uidivmod                         0x08000181   Thumb Code    44  uidiv.o(.text)
    __scatterload                            0x080001ad   Thumb Code    28  init.o(.text)
    __scatterload_rt2                        0x080001ad   Thumb Code     0  init.o(.text)
    BT_Press_Click_Down                      0x080001d1   Thumb Code    24  check_button.o(i.BT_Press_Click_Down)
    BT_Press_Click_Up                        0x080001e9   Thumb Code    18  check_button.o(i.BT_Press_Click_Up)
    BT_Press_Hold_Down                       0x080001fd   Thumb Code    72  check_button.o(i.BT_Press_Hold_Down)
    BT_Press_Hold_Up                         0x08000251   Thumb Code    66  check_button.o(i.BT_Press_Hold_Up)
    BusFault_Handler                         0x080002a1   Thumb Code     4  stm32l1xx_it.o(i.BusFault_Handler)
    CLCD_4BIT_Init                           0x080002a5   Thumb Code   228  clcd_1.o(i.CLCD_4BIT_Init)
    CLCD_SetCursor                           0x08000395   Thumb Code    86  clcd_1.o(i.CLCD_SetCursor)
    CLCD_WriteChar                           0x080005a7   Thumb Code    40  clcd_1.o(i.CLCD_WriteChar)
    CLCD_WriteString                         0x080005cf   Thumb Code    26  clcd_1.o(i.CLCD_WriteString)
    DebugMon_Handler                         0x080005e9   Thumb Code     2  stm32l1xx_it.o(i.DebugMon_Handler)
    EXTI2_IRQHandler                         0x080005eb   Thumb Code    10  stm32l1xx_it.o(i.EXTI2_IRQHandler)
    EXTI3_IRQHandler                         0x080005f5   Thumb Code    10  stm32l1xx_it.o(i.EXTI3_IRQHandler)
    EXTI4_IRQHandler                         0x080005ff   Thumb Code    10  stm32l1xx_it.o(i.EXTI4_IRQHandler)
    EXTI9_5_IRQHandler                       0x08000609   Thumb Code    10  stm32l1xx_it.o(i.EXTI9_5_IRQHandler)
    Error_Handler                            0x08000613   Thumb Code     2  main.o(i.Error_Handler)
    HAL_Delay                                0x08000615   Thumb Code    36  stm32l1xx_hal.o(i.HAL_Delay)
    HAL_GPIO_EXTI_Callback                   0x0800063d   Thumb Code   224  main.o(i.HAL_GPIO_EXTI_Callback)
    HAL_GPIO_EXTI_IRQHandler                 0x08000751   Thumb Code    24  stm32l1xx_hal_gpio.o(i.HAL_GPIO_EXTI_IRQHandler)
    HAL_GPIO_Init                            0x0800076d   Thumb Code   430  stm32l1xx_hal_gpio.o(i.HAL_GPIO_Init)
    HAL_GPIO_ReadPin                         0x0800093d   Thumb Code    16  stm32l1xx_hal_gpio.o(i.HAL_GPIO_ReadPin)
    HAL_GPIO_WritePin                        0x0800094d   Thumb Code    12  stm32l1xx_hal_gpio.o(i.HAL_GPIO_WritePin)
    HAL_GetTick                              0x08000959   Thumb Code     6  stm32l1xx_hal.o(i.HAL_GetTick)
    HAL_IncTick                              0x08000965   Thumb Code    16  stm32l1xx_hal.o(i.HAL_IncTick)
    HAL_Init                                 0x0800097d   Thumb Code    30  stm32l1xx_hal.o(i.HAL_Init)
    HAL_InitTick                             0x0800099d   Thumb Code    74  stm32l1xx_hal.o(i.HAL_InitTick)
    HAL_MspInit                              0x080009f5   Thumb Code    88  stm32l1xx_hal_msp.o(i.HAL_MspInit)
    HAL_NVIC_EnableIRQ                       0x08000a51   Thumb Code    32  stm32l1xx_hal_cortex.o(i.HAL_NVIC_EnableIRQ)
    HAL_NVIC_SetPriority                     0x08000a71   Thumb Code   124  stm32l1xx_hal_cortex.o(i.HAL_NVIC_SetPriority)
    HAL_NVIC_SetPriorityGrouping             0x08000aed   Thumb Code    32  stm32l1xx_hal_cortex.o(i.HAL_NVIC_SetPriorityGrouping)
    HAL_RCC_ClockConfig                      0x08000b15   Thumb Code   522  stm32l1xx_hal_rcc.o(i.HAL_RCC_ClockConfig)
    HAL_RCC_GetSysClockFreq                  0x08000d35   Thumb Code   106  stm32l1xx_hal_rcc.o(i.HAL_RCC_GetSysClockFreq)
    HAL_RCC_OscConfig                        0x08000db1   Thumb Code  1480  stm32l1xx_hal_rcc.o(i.HAL_RCC_OscConfig)
    HAL_SYSTICK_Callback                     0x08001381   Thumb Code    60  check_button.o(i.HAL_SYSTICK_Callback)
    HAL_SYSTICK_Config                       0x080013cd   Thumb Code    52  stm32l1xx_hal_cortex.o(i.HAL_SYSTICK_Config)
    HAL_SYSTICK_IRQHandler                   0x08001401   Thumb Code     8  stm32l1xx_hal_cortex.o(i.HAL_SYSTICK_IRQHandler)
    HAL_TIMEx_MasterConfigSynchronization    0x08001409   Thumb Code    84  stm32l1xx_hal_tim_ex.o(i.HAL_TIMEx_MasterConfigSynchronization)
    HAL_TIM_Base_Init                        0x0800145d   Thumb Code    52  stm32l1xx_hal_tim.o(i.HAL_TIM_Base_Init)
    HAL_TIM_Base_MspInit                     0x08001491   Thumb Code    58  stm32l1xx_hal_msp.o(i.HAL_TIM_Base_MspInit)
    HAL_TIM_Base_Start_IT                    0x080014d1   Thumb Code    42  stm32l1xx_hal_tim.o(i.HAL_TIM_Base_Start_IT)
    HAL_TIM_ConfigClockSource                0x080014fb   Thumb Code   264  stm32l1xx_hal_tim.o(i.HAL_TIM_ConfigClockSource)
    HAL_TIM_IC_CaptureCallback               0x08001603   Thumb Code     2  stm32l1xx_hal_tim.o(i.HAL_TIM_IC_CaptureCallback)
    HAL_TIM_IRQHandler                       0x08001605   Thumb Code   338  stm32l1xx_hal_tim.o(i.HAL_TIM_IRQHandler)
    HAL_TIM_OC_DelayElapsedCallback          0x08001757   Thumb Code     2  stm32l1xx_hal_tim.o(i.HAL_TIM_OC_DelayElapsedCallback)
    HAL_TIM_PWM_PulseFinishedCallback        0x08001759   Thumb Code     2  stm32l1xx_hal_tim.o(i.HAL_TIM_PWM_PulseFinishedCallback)
    HAL_TIM_PeriodElapsedCallback            0x0800175d   Thumb Code    12  main.o(i.HAL_TIM_PeriodElapsedCallback)
    HAL_TIM_TriggerCallback                  0x0800176d   Thumb Code     2  stm32l1xx_hal_tim.o(i.HAL_TIM_TriggerCallback)
    HardFault_Handler                        0x0800176f   Thumb Code     4  stm32l1xx_it.o(i.HardFault_Handler)
    LCD_running_X1                           0x08001775   Thumb Code   162  user_lcd.o(i.LCD_running_X1)
    LCD_running_X2                           0x08001839   Thumb Code    48  user_lcd.o(i.LCD_running_X2)
    LCD_setup_X1                             0x08001881   Thumb Code   196  user_lcd.o(i.LCD_setup_X1)
    LCD_setup_X2                             0x08001971   Thumb Code    72  user_lcd.o(i.LCD_setup_X2)
    MemManage_Handler                        0x08001bdd   Thumb Code     4  stm32l1xx_it.o(i.MemManage_Handler)
    NMI_Handler                              0x08001be1   Thumb Code     2  stm32l1xx_it.o(i.NMI_Handler)
    PendSV_Handler                           0x08001be3   Thumb Code     2  stm32l1xx_it.o(i.PendSV_Handler)
    Reset_Relay_Led                          0x08001c8d   Thumb Code    50  relay_led.o(i.Reset_Relay_Led)
    SVC_Handler                              0x08001cbf   Thumb Code     2  stm32l1xx_it.o(i.SVC_Handler)
    Set_Relay_Led                            0x08001cc1   Thumb Code    50  relay_led.o(i.Set_Relay_Led)
    SysTick_Handler                          0x08001cf3   Thumb Code    12  stm32l1xx_it.o(i.SysTick_Handler)
    SystemClock_Config                       0x08001d01   Thumb Code    98  main.o(i.SystemClock_Config)
    SystemInit                               0x08001d69   Thumb Code    82  system_stm32l1xx.o(i.SystemInit)
    TIM2_IRQHandler                          0x08001dcd   Thumb Code    10  stm32l1xx_it.o(i.TIM2_IRQHandler)
    UsageFault_Handler                       0x08001ee3   Thumb Code     4  stm32l1xx_it.o(i.UsageFault_Handler)
    __0sprintf$1                             0x08001ee9   Thumb Code    34  printf1.o(i.__0sprintf$1)
    __1sprintf$1                             0x08001ee9   Thumb Code     0  printf1.o(i.__0sprintf$1)
    __2sprintf                               0x08001ee9   Thumb Code     0  printf1.o(i.__0sprintf$1)
    __scatterload_copy                       0x08001f49   Thumb Code    14  handlers.o(i.__scatterload_copy)
    __scatterload_null                       0x08001f57   Thumb Code     2  handlers.o(i.__scatterload_null)
    __scatterload_zeroinit                   0x08001f59   Thumb Code    14  handlers.o(i.__scatterload_zeroinit)
    check_test                               0x080020c9   Thumb Code    60  main.o(i.check_test)
    main                                     0x08002119   Thumb Code   250  main.o(i.main)
    run_Feed_Shrimp                          0x0800225d   Thumb Code   246  main.o(i.run_Feed_Shrimp)
    set_time                                 0x08002371   Thumb Code   106  main.o(i.set_time)
    PLLMulTable                              0x080023e4   Data           9  system_stm32l1xx.o(.constdata)
    AHBPrescTable                            0x080023ed   Data          16  system_stm32l1xx.o(.constdata)
    APBPrescTable                            0x080023fd   Data           8  system_stm32l1xx.o(.constdata)
    Region$$Table$$Base                      0x08002408   Number         0  anon$$obj.o(Region$$Table)
    Region$$Table$$Limit                     0x08002428   Number         0  anon$$obj.o(Region$$Table)
    runTime                                  0x20000000   Data           4  main.o(.data)
    time1                                    0x20000004   Data           2  main.o(.data)
    time2                                    0x20000006   Data           2  main.o(.data)
    time3                                    0x20000008   Data           2  main.o(.data)
    setupCount                               0x2000000a   Data           2  main.o(.data)
    stampTime1                               0x2000000c   Data           2  main.o(.data)
    stampTime2                               0x2000000e   Data           2  main.o(.data)
    stampTime3                               0x20000010   Data           2  main.o(.data)
    ptrStamp                                 0x20000014   Data           4  main.o(.data)
    State                                    0x20000018   Data           2  main.o(.data)
    countState                               0x2000001a   Data           2  main.o(.data)
    hh                                       0x2000001c   Data           2  main.o(.data)
    mm                                       0x2000001e   Data           2  main.o(.data)
    ss                                       0x20000020   Data           2  main.o(.data)
    BT_up                                    0x20000022   Data           2  main.o(.data)
    BT_down                                  0x20000024   Data           2  main.o(.data)
    uwTick                                   0x20000028   Data           4  stm32l1xx_hal.o(.data)
    uwTickPrio                               0x2000002c   Data           4  stm32l1xx_hal.o(.data)
    uwTickFreq                               0x20000030   Data           4  stm32l1xx_hal.o(.data)
    SystemCoreClock                          0x20000034   Data           4  system_stm32l1xx.o(.data)
    check_BT_run_up                          0x20000038   Data           2  check_button.o(.data)
    check_BT_run_down                        0x2000003a   Data           2  check_button.o(.data)
    run_BT_time                              0x2000003c   Data           2  check_button.o(.data)
    run_BT_begin                             0x2000003e   Data           2  check_button.o(.data)
    htim2                                    0x20000040   Data          60  main.o(.bss)
    LCD                                      0x2000007c   Data          88  main.o(.bss)
    __initial_sp                             0x200004d8   Data           0  startup_stm32l151xc.o(STACK)



==============================================================================

Memory Map of the image

  Image Entry point : 0x08000125

  Load Region LR_IROM1 (Base: 0x08000000, Size: 0x00002468, Max: 0x00040000, ABSOLUTE)

    Execution Region ER_IROM1 (Exec base: 0x08000000, Load base: 0x08000000, Size: 0x00002428, Max: 0x00040000, ABSOLUTE)

    Exec Addr    Load Addr    Size         Type   Attr      Idx    E Section Name        Object

    0x08000000   0x08000000   0x00000124   Data   RO            3    RESET               startup_stm32l151xc.o
    0x08000124   0x08000124   0x00000000   Code   RO         2523  * .ARM.Collect$$$$00000000  mc_w.l(entry.o)
    0x08000124   0x08000124   0x00000004   Code   RO         2789    .ARM.Collect$$$$00000001  mc_w.l(entry2.o)
    0x08000128   0x08000128   0x00000004   Code   RO         2792    .ARM.Collect$$$$00000004  mc_w.l(entry5.o)
    0x0800012c   0x0800012c   0x00000000   Code   RO         2794    .ARM.Collect$$$$00000008  mc_w.l(entry7b.o)
    0x0800012c   0x0800012c   0x00000000   Code   RO         2796    .ARM.Collect$$$$0000000A  mc_w.l(entry8b.o)
    0x0800012c   0x0800012c   0x00000008   Code   RO         2797    .ARM.Collect$$$$0000000B  mc_w.l(entry9a.o)
    0x08000134   0x08000134   0x00000000   Code   RO         2799    .ARM.Collect$$$$0000000D  mc_w.l(entry10a.o)
    0x08000134   0x08000134   0x00000000   Code   RO         2801    .ARM.Collect$$$$0000000F  mc_w.l(entry11a.o)
    0x08000134   0x08000134   0x00000004   Code   RO         2790    .ARM.Collect$$$$00002712  mc_w.l(entry2.o)
    0x08000138   0x08000138   0x00000024   Code   RO            4    .text               startup_stm32l151xc.o
    0x0800015c   0x0800015c   0x00000024   Code   RO         2526    .text               mc_w.l(memseta.o)
    0x08000180   0x08000180   0x0000002c   Code   RO         2806    .text               mc_w.l(uidiv.o)
    0x080001ac   0x080001ac   0x00000024   Code   RO         2821    .text               mc_w.l(init.o)
    0x080001d0   0x080001d0   0x00000018   Code   RO         2432    i.BT_Press_Click_Down  check_button.o
    0x080001e8   0x080001e8   0x00000012   Code   RO         2433    i.BT_Press_Click_Up  check_button.o
    0x080001fa   0x080001fa   0x00000002   PAD
    0x080001fc   0x080001fc   0x00000054   Code   RO         2434    i.BT_Press_Hold_Down  check_button.o
    0x08000250   0x08000250   0x00000050   Code   RO         2435    i.BT_Press_Hold_Up  check_button.o
    0x080002a0   0x080002a0   0x00000004   Code   RO          212    i.BusFault_Handler  stm32l1xx_it.o
    0x080002a4   0x080002a4   0x000000e4   Code   RO         2247    i.CLCD_4BIT_Init    clcd_1.o
    0x08000388   0x08000388   0x0000000c   Code   RO         2254    i.CLCD_Delay        clcd_1.o
    0x08000394   0x08000394   0x0000005c   Code   RO         2256    i.CLCD_SetCursor    clcd_1.o
    0x080003f0   0x080003f0   0x000000fc   Code   RO         2257    i.CLCD_Write4       clcd_1.o
    0x080004ec   0x080004ec   0x000000ba   Code   RO         2258    i.CLCD_Write8       clcd_1.o
    0x080005a6   0x080005a6   0x00000028   Code   RO         2259    i.CLCD_WriteChar    clcd_1.o
    0x080005ce   0x080005ce   0x0000001a   Code   RO         2260    i.CLCD_WriteString  clcd_1.o
    0x080005e8   0x080005e8   0x00000002   Code   RO          213    i.DebugMon_Handler  stm32l1xx_it.o
    0x080005ea   0x080005ea   0x0000000a   Code   RO          214    i.EXTI2_IRQHandler  stm32l1xx_it.o
    0x080005f4   0x080005f4   0x0000000a   Code   RO          215    i.EXTI3_IRQHandler  stm32l1xx_it.o
    0x080005fe   0x080005fe   0x0000000a   Code   RO          216    i.EXTI4_IRQHandler  stm32l1xx_it.o
    0x08000608   0x08000608   0x0000000a   Code   RO          217    i.EXTI9_5_IRQHandler  stm32l1xx_it.o
    0x08000612   0x08000612   0x00000002   Code   RO           13    i.Error_Handler     main.o
    0x08000614   0x08000614   0x00000028   Code   RO         1071    i.HAL_Delay         stm32l1xx_hal.o
    0x0800063c   0x0800063c   0x00000114   Code   RO           14    i.HAL_GPIO_EXTI_Callback  main.o
    0x08000750   0x08000750   0x0000001c   Code   RO         1768    i.HAL_GPIO_EXTI_IRQHandler  stm32l1xx_hal_gpio.o
    0x0800076c   0x0800076c   0x000001d0   Code   RO         1769    i.HAL_GPIO_Init     stm32l1xx_hal_gpio.o
    0x0800093c   0x0800093c   0x00000010   Code   RO         1771    i.HAL_GPIO_ReadPin  stm32l1xx_hal_gpio.o
    0x0800094c   0x0800094c   0x0000000c   Code   RO         1773    i.HAL_GPIO_WritePin  stm32l1xx_hal_gpio.o
    0x08000958   0x08000958   0x0000000c   Code   RO         1075    i.HAL_GetTick       stm32l1xx_hal.o
    0x08000964   0x08000964   0x00000018   Code   RO         1081    i.HAL_IncTick       stm32l1xx_hal.o
    0x0800097c   0x0800097c   0x0000001e   Code   RO         1082    i.HAL_Init          stm32l1xx_hal.o
    0x0800099a   0x0800099a   0x00000002   PAD
    0x0800099c   0x0800099c   0x00000058   Code   RO         1083    i.HAL_InitTick      stm32l1xx_hal.o
    0x080009f4   0x080009f4   0x0000005c   Code   RO          315    i.HAL_MspInit       stm32l1xx_hal_msp.o
    0x08000a50   0x08000a50   0x00000020   Code   RO         2112    i.HAL_NVIC_EnableIRQ  stm32l1xx_hal_cortex.o
    0x08000a70   0x08000a70   0x0000007c   Code   RO         2118    i.HAL_NVIC_SetPriority  stm32l1xx_hal_cortex.o
    0x08000aec   0x08000aec   0x00000028   Code   RO         2119    i.HAL_NVIC_SetPriorityGrouping  stm32l1xx_hal_cortex.o
    0x08000b14   0x08000b14   0x00000220   Code   RO         1239    i.HAL_RCC_ClockConfig  stm32l1xx_hal_rcc.o
    0x08000d34   0x08000d34   0x0000007c   Code   RO         1248    i.HAL_RCC_GetSysClockFreq  stm32l1xx_hal_rcc.o
    0x08000db0   0x08000db0   0x000005d0   Code   RO         1251    i.HAL_RCC_OscConfig  stm32l1xx_hal_rcc.o
    0x08001380   0x08001380   0x0000004c   Code   RO         2436    i.HAL_SYSTICK_Callback  check_button.o
    0x080013cc   0x080013cc   0x00000034   Code   RO         2123    i.HAL_SYSTICK_Config  stm32l1xx_hal_cortex.o
    0x08001400   0x08001400   0x00000008   Code   RO         2124    i.HAL_SYSTICK_IRQHandler  stm32l1xx_hal_cortex.o
    0x08001408   0x08001408   0x00000054   Code   RO         1034    i.HAL_TIMEx_MasterConfigSynchronization  stm32l1xx_hal_tim_ex.o
    0x0800145c   0x0800145c   0x00000034   Code   RO          353    i.HAL_TIM_Base_Init  stm32l1xx_hal_tim.o
    0x08001490   0x08001490   0x00000040   Code   RO          317    i.HAL_TIM_Base_MspInit  stm32l1xx_hal_msp.o
    0x080014d0   0x080014d0   0x0000002a   Code   RO          358    i.HAL_TIM_Base_Start_IT  stm32l1xx_hal_tim.o
    0x080014fa   0x080014fa   0x00000108   Code   RO          362    i.HAL_TIM_ConfigClockSource  stm32l1xx_hal_tim.o
    0x08001602   0x08001602   0x00000002   Code   RO          382    i.HAL_TIM_IC_CaptureCallback  stm32l1xx_hal_tim.o
    0x08001604   0x08001604   0x00000152   Code   RO          396    i.HAL_TIM_IRQHandler  stm32l1xx_hal_tim.o
    0x08001756   0x08001756   0x00000002   Code   RO          399    i.HAL_TIM_OC_DelayElapsedCallback  stm32l1xx_hal_tim.o
    0x08001758   0x08001758   0x00000002   Code   RO          426    i.HAL_TIM_PWM_PulseFinishedCallback  stm32l1xx_hal_tim.o
    0x0800175a   0x0800175a   0x00000002   PAD
    0x0800175c   0x0800175c   0x00000010   Code   RO           15    i.HAL_TIM_PeriodElapsedCallback  main.o
    0x0800176c   0x0800176c   0x00000002   Code   RO          439    i.HAL_TIM_TriggerCallback  stm32l1xx_hal_tim.o
    0x0800176e   0x0800176e   0x00000004   Code   RO          218    i.HardFault_Handler  stm32l1xx_it.o
    0x08001772   0x08001772   0x00000002   PAD
    0x08001774   0x08001774   0x000000c4   Code   RO         2383    i.LCD_running_X1    user_lcd.o
    0x08001838   0x08001838   0x00000048   Code   RO         2384    i.LCD_running_X2    user_lcd.o
    0x08001880   0x08001880   0x000000f0   Code   RO         2385    i.LCD_setup_X1      user_lcd.o
    0x08001970   0x08001970   0x00000084   Code   RO         2386    i.LCD_setup_X2      user_lcd.o
    0x080019f4   0x080019f4   0x0000017c   Code   RO           16    i.MX_GPIO_Init      main.o
    0x08001b70   0x08001b70   0x0000006c   Code   RO           17    i.MX_TIM2_Init      main.o
    0x08001bdc   0x08001bdc   0x00000004   Code   RO          219    i.MemManage_Handler  stm32l1xx_it.o
    0x08001be0   0x08001be0   0x00000002   Code   RO          220    i.NMI_Handler       stm32l1xx_it.o
    0x08001be2   0x08001be2   0x00000002   Code   RO          221    i.PendSV_Handler    stm32l1xx_it.o
    0x08001be4   0x08001be4   0x000000a8   Code   RO         1252    i.RCC_SetFlashLatencyFromMSIRange  stm32l1xx_hal_rcc.o
    0x08001c8c   0x08001c8c   0x00000032   Code   RO         2485    i.Reset_Relay_Led   relay_led.o
    0x08001cbe   0x08001cbe   0x00000002   Code   RO          222    i.SVC_Handler       stm32l1xx_it.o
    0x08001cc0   0x08001cc0   0x00000032   Code   RO         2487    i.Set_Relay_Led     relay_led.o
    0x08001cf2   0x08001cf2   0x0000000c   Code   RO          223    i.SysTick_Handler   stm32l1xx_it.o
    0x08001cfe   0x08001cfe   0x00000002   PAD
    0x08001d00   0x08001d00   0x00000068   Code   RO           18    i.SystemClock_Config  main.o
    0x08001d68   0x08001d68   0x00000064   Code   RO         2347    i.SystemInit        system_stm32l1xx.o
    0x08001dcc   0x08001dcc   0x00000010   Code   RO          224    i.TIM2_IRQHandler   stm32l1xx_it.o
    0x08001ddc   0x08001ddc   0x00000090   Code   RO          441    i.TIM_Base_SetConfig  stm32l1xx_hal_tim.o
    0x08001e6c   0x08001e6c   0x00000016   Code   RO          452    i.TIM_ETR_SetConfig  stm32l1xx_hal_tim.o
    0x08001e82   0x08001e82   0x00000012   Code   RO          453    i.TIM_ITRx_SetConfig  stm32l1xx_hal_tim.o
    0x08001e94   0x08001e94   0x00000026   Code   RO          459    i.TIM_TI1_ConfigInputStage  stm32l1xx_hal_tim.o
    0x08001eba   0x08001eba   0x00000028   Code   RO          461    i.TIM_TI2_ConfigInputStage  stm32l1xx_hal_tim.o
    0x08001ee2   0x08001ee2   0x00000004   Code   RO          225    i.UsageFault_Handler  stm32l1xx_it.o
    0x08001ee6   0x08001ee6   0x00000002   PAD
    0x08001ee8   0x08001ee8   0x00000028   Code   RO         2575    i.__0sprintf$1      mc_w.l(printf1.o)
    0x08001f10   0x08001f10   0x00000010   Code   RO         2125    i.__NVIC_GetPriorityGrouping  stm32l1xx_hal_cortex.o
    0x08001f20   0x08001f20   0x00000028   Code   RO         2126    i.__NVIC_SetPriority  stm32l1xx_hal_cortex.o
    0x08001f48   0x08001f48   0x0000000e   Code   RO         2835    i.__scatterload_copy  mc_w.l(handlers.o)
    0x08001f56   0x08001f56   0x00000002   Code   RO         2836    i.__scatterload_null  mc_w.l(handlers.o)
    0x08001f58   0x08001f58   0x0000000e   Code   RO         2837    i.__scatterload_zeroinit  mc_w.l(handlers.o)
    0x08001f66   0x08001f66   0x00000002   PAD
    0x08001f68   0x08001f68   0x00000154   Code   RO         2580    i._printf_core      mc_w.l(printf1.o)
    0x080020bc   0x080020bc   0x0000000a   Code   RO         2582    i._sputc            mc_w.l(printf1.o)
    0x080020c6   0x080020c6   0x00000002   PAD
    0x080020c8   0x080020c8   0x00000050   Code   RO           19    i.check_test        main.o
    0x08002118   0x08002118   0x00000144   Code   RO           22    i.main              main.o
    0x0800225c   0x0800225c   0x00000114   Code   RO           23    i.run_Feed_Shrimp   main.o
    0x08002370   0x08002370   0x00000074   Code   RO           24    i.set_time          main.o
    0x080023e4   0x080023e4   0x00000021   Data   RO         2348    .constdata          system_stm32l1xx.o
    0x08002405   0x08002405   0x00000003   PAD
    0x08002408   0x08002408   0x00000020   Data   RO         2833    Region$$Table       anon$$obj.o


    Execution Region RW_IRAM1 (Exec base: 0x20000000, Load base: 0x08002428, Size: 0x000004d8, Max: 0x00008000, ABSOLUTE)

    Exec Addr    Load Addr    Size         Type   Attr      Idx    E Section Name        Object

    0x20000000   0x08002428   0x00000026   Data   RW           26    .data               main.o
    0x20000026   0x0800244e   0x00000002   PAD
    0x20000028   0x08002450   0x0000000c   Data   RW         1089    .data               stm32l1xx_hal.o
    0x20000034   0x0800245c   0x00000004   Data   RW         2349    .data               system_stm32l1xx.o
    0x20000038   0x08002460   0x00000008   Data   RW         2438    .data               check_button.o
    0x20000040        -       0x00000094   Zero   RW           25    .bss                main.o
    0x200000d4   0x08002468   0x00000004   PAD
    0x200000d8        -       0x00000400   Zero   RW            1    STACK               startup_stm32l151xc.o


==============================================================================

Image component sizes


      Code (inc. data)   RO Data    RW Data    ZI Data      Debug   Object Name

       282         42          0          8          0       3712   check_button.o
       836          6          0          0          0       5334   clcd_1.o
      1682        226          0         38        148     393994   main.o
       100          0          0          0          0       1822   relay_led.o
        36          8        292          0       1024        784   startup_stm32l151xc.o
       194         32          0         12          0       3721   stm32l1xx_hal.o
       312         22          0          0          0      31508   stm32l1xx_hal_cortex.o
       520         38          0          0          0       3362   stm32l1xx_hal_gpio.o
       156         10          0          0          0       1377   stm32l1xx_hal_msp.o
      2324         88          0          0          0       4936   stm32l1xx_hal_rcc.o
       966         26          0          0          0       8686   stm32l1xx_hal_tim.o
        84          0          0          0          0       1196   stm32l1xx_hal_tim_ex.o
        92          6          0          0          0       5846   stm32l1xx_it.o
       100         18         33          4          0       1147   system_stm32l1xx.o
       640        162          0          0          0       3424   user_lcd.o

    ----------------------------------------------------------------------
      8336        684        360         64       1176     470849   Object Totals
         0          0         32          0          0          0   (incl. Generated)
        12          0          3          2          4          0   (incl. Padding)

    ----------------------------------------------------------------------

      Code (inc. data)   RO Data    RW Data    ZI Data      Debug   Library Member Name

         0          0          0          0          0          0   entry.o
         0          0          0          0          0          0   entry10a.o
         0          0          0          0          0          0   entry11a.o
         8          4          0          0          0          0   entry2.o
         4          0          0          0          0          0   entry5.o
         0          0          0          0          0          0   entry7b.o
         0          0          0          0          0          0   entry8b.o
         8          4          0          0          0          0   entry9a.o
        30          0          0          0          0          0   handlers.o
        36          8          0          0          0         68   init.o
        36          0          0          0          0        108   memseta.o
       390         10          0          0          0        252   printf1.o
        44          0          0          0          0         80   uidiv.o

    ----------------------------------------------------------------------
       560         26          0          0          0        508   Library Totals
         4          0          0          0          0          0   (incl. Padding)

    ----------------------------------------------------------------------

      Code (inc. data)   RO Data    RW Data    ZI Data      Debug   Library Name

       556         26          0          0          0        508   mc_w.l

    ----------------------------------------------------------------------
       560         26          0          0          0        508   Library Totals

    ----------------------------------------------------------------------

==============================================================================


      Code (inc. data)   RO Data    RW Data    ZI Data      Debug   

      8896        710        360         64       1176     467453   Grand Totals
      8896        710        360         64       1176     467453   ELF Image Totals
      8896        710        360         64          0          0   ROM Totals

==============================================================================

    Total RO  Size (Code + RO Data)                 9256 (   9.04kB)
    Total RW  Size (RW Data + ZI Data)              1240 (   1.21kB)
    Total ROM Size (Code + RO Data + RW Data)       9320 (   9.10kB)

==============================================================================

